Archive member included to satisfy reference by file (symbol)

app/libapp.a(main.c.obj)      (--whole-archive)
app/libapp.a(motion.c.obj)    (--whole-archive)
app/libapp.a(ui.c.obj)        (--whole-archive)
app/libapp.a(cloud_codec.c.obj)
                              (--whole-archive)
app/libapp.a(service_info.c.obj)
                              (--whole-archive)
app/libapp.a(gps_controller.c.obj)
                              (--whole-archive)
app/libapp.a(env_sensors.c.obj)
                              (--whole-archive)
app/libapp.a(watchdog.c.obj)  (--whole-archive)
zephyr/libzephyr.a(cbprintf.c.obj)
                              (--whole-archive)
zephyr/libzephyr.a(crc32_sw.c.obj)
                              (--whole-archive)
zephyr/libzephyr.a(crc16_sw.c.obj)
                              (--whole-archive)
zephyr/libzephyr.a(crc8_sw.c.obj)
                              (--whole-archive)
zephyr/libzephyr.a(crc7_sw.c.obj)
                              (--whole-archive)
zephyr/libzephyr.a(dec.c.obj)
                              (--whole-archive)
zephyr/libzephyr.a(fdtable.c.obj)
                              (--whole-archive)
zephyr/libzephyr.a(hex.c.obj)
                              (--whole-archive)
zephyr/libzephyr.a(notify.c.obj)
                              (--whole-archive)
zephyr/libzephyr.a(printk.c.obj)
                              (--whole-archive)
zephyr/libzephyr.a(onoff.c.obj)
                              (--whole-archive)
zephyr/libzephyr.a(rb.c.obj)  (--whole-archive)
zephyr/libzephyr.a(sem.c.obj)
                              (--whole-archive)
zephyr/libzephyr.a(thread_entry.c.obj)
                              (--whole-archive)
zephyr/libzephyr.a(timeutil.c.obj)
                              (--whole-archive)
zephyr/libzephyr.a(work_q.c.obj)
                              (--whole-archive)
zephyr/libzephyr.a(heap.c.obj)
                              (--whole-archive)
zephyr/libzephyr.a(heap-validate.c.obj)
                              (--whole-archive)
zephyr/libzephyr.a(cbprintf_complete.c.obj)
                              (--whole-archive)
zephyr/libzephyr.a(assert.c.obj)
                              (--whole-archive)
zephyr/libzephyr.a(configs.c.obj)
                              (--whole-archive)
zephyr/libzephyr.a(soc.c.obj)
                              (--whole-archive)
zephyr/libzephyr.a(power.c.obj)
                              (--whole-archive)
zephyr/libzephyr.a(validate_base_addresses.c.obj)
                              (--whole-archive)
zephyr/libzephyr.a(validate_enabled_instances.c.obj)
                              (--whole-archive)
zephyr/libzephyr.a(log_list.c.obj)
                              (--whole-archive)
zephyr/libzephyr.a(log_core.c.obj)
                              (--whole-archive)
zephyr/libzephyr.a(log_msg.c.obj)
                              (--whole-archive)
zephyr/libzephyr.a(log_output.c.obj)
                              (--whole-archive)
zephyr/libzephyr.a(log_backend_uart.c.obj)
                              (--whole-archive)
zephyr/libzephyr.a(tty.c.obj)
                              (--whole-archive)
zephyr/libzephyr.a(getchar.c.obj)
                              (--whole-archive)
zephyr/libzephyr.a(fcb_append.c.obj)
                              (--whole-archive)
zephyr/libzephyr.a(fcb.c.obj)
                              (--whole-archive)
zephyr/libzephyr.a(fcb_elem_info.c.obj)
                              (--whole-archive)
zephyr/libzephyr.a(fcb_getnext.c.obj)
                              (--whole-archive)
zephyr/libzephyr.a(fcb_rotate.c.obj)
                              (--whole-archive)
zephyr/libzephyr.a(fcb_walk.c.obj)
                              (--whole-archive)
zephyr/libzephyr.a(flash_img.c.obj)
                              (--whole-archive)
zephyr/libzephyr.a(addr_utils.c.obj)
                              (--whole-archive)
zephyr/libzephyr.a(sntp.c.obj)
                              (--whole-archive)
zephyr/libzephyr.a(sntp_simple.c.obj)
                              (--whole-archive)
zephyr/libzephyr.a(getaddrinfo.c.obj)
                              (--whole-archive)
zephyr/libzephyr.a(sockets.c.obj)
                              (--whole-archive)
zephyr/libzephyr.a(sockets_select.c.obj)
                              (--whole-archive)
zephyr/libzephyr.a(socket_offload.c.obj)
                              (--whole-archive)
zephyr/libzephyr.a(flash_map.c.obj)
                              (--whole-archive)
zephyr/libzephyr.a(flash_map_default.c.obj)
                              (--whole-archive)
zephyr/libzephyr.a(stream_flash.c.obj)
                              (--whole-archive)
zephyr/libzephyr.a(settings_store.c.obj)
                              (--whole-archive)
zephyr/libzephyr.a(settings.c.obj)
                              (--whole-archive)
zephyr/libzephyr.a(settings_init.c.obj)
                              (--whole-archive)
zephyr/libzephyr.a(settings_line.c.obj)
[...]
Memory Configuration

Name             Origin             Length             Attributes
FLASH            0x0001c200         0x00063e00         xr
SRAM             0x200144e8         0x0002bb18         xw
IDT_LIST         0x20040000         0x00000800         xw
*default*        0x00000000         0xffffffff

Linker script and memory map

LOAD zephyr/CMakeFiles/zephyr_prebuilt.dir/misc/empty_file.c.obj
                0x00000020                _region_min_align = 0x20

.rel.plt        0x0001c200        0x0
 *(SORT_BY_ALIGNMENT(.rel.plt))
                [!provide]                PROVIDE (__rel_iplt_start = .)
 *(SORT_BY_ALIGNMENT(.rel.iplt))
 .rel.iplt      0x0001c200        0x0 app/libapp.a(main.c.obj)
                [!provide]                PROVIDE (__rel_iplt_end = .)

.rela.plt       0x00000000        0x0
 *(SORT_BY_ALIGNMENT(.rela.plt))
                [!provide]                PROVIDE (__rela_iplt_start = .)
 *(SORT_BY_ALIGNMENT(.rela.iplt))
                [!provide]                PROVIDE (__rela_iplt_end = .)

.rel.dyn
 *(SORT_BY_ALIGNMENT(.rel.*))

.rela.dyn
 *(SORT_BY_ALIGNMENT(.rela.*))

/DISCARD/
 *(SORT_BY_ALIGNMENT(.plt))
 *(SORT_BY_ALIGNMENT(.iplt))
 *(SORT_BY_ALIGNMENT(.got.plt))
 *(SORT_BY_ALIGNMENT(.igot.plt))
 *(SORT_BY_ALIGNMENT(.got))
 *(SORT_BY_ALIGNMENT(.igot))
 *(SORT_BY_ALIGNMENT(.note.GNU-stack))
                0x0001c200                _image_rom_start = 0x1c200

rom_start       0x0001c200      0x23c
                0x00000000                . = 0x0
                0x00000000                . = ALIGN (0x4)
                0x00000000                . = ALIGN (0x80)
                0x00000000                . = ALIGN (0x200)
                0x0001c200                _vector_start = .
 *(SORT_BY_ALIGNMENT(.exc_vector_table))
 *(SORT_BY_ALIGNMENT(.exc_vector_table.*))
 .exc_vector_table._vector_table_section
                0x0001c200       0x40 zephyr/arch/arch/arm/core/aarch32/cortex_m/libarch__arm__core__aarch32__cortex_m.a(vector_table.S.obj)
                0x0001c200                _vector_table
 *(SORT_BY_ALIGNMENT(.gnu.linkonce.irq_vector_table*))
 .gnu.linkonce.irq_vector_table*
                0x0001c240      0x104 zephyr/arch/common/libisr_tables.a(isr_tables.c.obj)
                0x0001c240                _irq_vector_table
 *(SORT_BY_ALIGNMENT(.vectors))
                0x0001c344                _vector_end = .
 *(SORT_BY_ALIGNMENT(.openocd_dbg))
 *(SORT_BY_ALIGNMENT(.openocd_dbg.*))
                0x00000200                . = 0x200
 *fill*         0x0001c344       0xbc 
                0x0001c400                _fw_info_start = .
 *(SORT_BY_NAME(SORT_BY_ALIGNMENT(.firmware_info*)))
 .firmware_info
                0x0001c400       0x3c modules/nrf/subsys/fw_info/lib..__nrf__subsys__fw_info.a(fw_info.c.obj)
                0x0001c400                m_firmware_info
                0x0000003c                _fw_info_size = ABSOLUTE ((. - _fw_info_start))

text            0x0001c440    0x26c4e
                0x0001c440                _image_text_start = .
 *(SORT_BY_ALIGNMENT(.text))
 .text          0x0001c440      0x378 c:/work/nrf/v1.5.1/toolchain/opt/bin/../lib/gcc/arm-none-eabi/9.2.1/thumb/v8-m.main+fp/hard\libgcc.a(_arm_addsubdf3.o)
                0x0001c440                __aeabi_drsub
                0x0001c448                __aeabi_dsub
                0x0001c448                __subdf3
                0x0001c44c                __aeabi_dadd
                0x0001c44c                __adddf3
                0x0001c6c4                __floatunsidf
                0x0001c6c4                __aeabi_ui2d
                0x0001c6e4                __floatsidf
                0x0001c6e4                __aeabi_i2d
                0x0001c708                __aeabi_f2d
                0x0001c708                __extendsfdf2
                0x0001c74c                __floatundidf
                0x0001c74c                __aeabi_ul2d
                0x0001c75c                __floatdidf
                0x0001c75c                __aeabi_l2d
 .text          0x0001c7b8      0x424 c:/work/nrf/v1.5.1/toolchain/opt/bin/../lib/gcc/arm-none-eabi/9.2.1/thumb/v8-m.main+fp/hard\libgcc.a(_arm_muldivdf3.o)
                0x0001c7b8                __aeabi_dmul
                0x0001c7b8                __muldf3
                0x0001ca0c                __divdf3
                0x0001ca0c                __aeabi_ddiv
 .text          0x0001cbdc      0x110 c:/work/nrf/v1.5.1/toolchain/opt/bin/../lib/gcc/arm-none-eabi/9.2.1/thumb/v8-m.main+fp/hard\libgcc.a(_arm_cmpdf2.o)
                0x0001cbdc                __gtdf2
                0x0001cbdc                __gedf2
                0x0001cbe4                __ltdf2
                0x0001cbe4                __ledf2
                0x0001cbec                __nedf2
                0x0001cbec                __eqdf2
                0x0001cbec                __cmpdf2
                0x0001cc68                __aeabi_cdrcmple
                0x0001cc78                __aeabi_cdcmpeq
                0x0001cc78                __aeabi_cdcmple
                0x0001cc88                __aeabi_dcmpeq
                0x0001cc9c                __aeabi_dcmplt
                0x0001ccb0                __aeabi_dcmple
                0x0001ccc4                __aeabi_dcmpge
                0x0001ccd8                __aeabi_dcmpgt
 .text          0x0001ccec       0x50 c:/work/nrf/v1.5.1/toolchain/opt/bin/../lib/gcc/arm-none-eabi/9.2.1/thumb/v8-m.main+fp/hard\libgcc.a(_arm_fixdfsi.o)
                0x0001ccec                __aeabi_d2iz
                0x0001ccec                __fixdfsi
 .text          0x0001cd3c       0x40 c:/work/nrf/v1.5.1/toolchain/opt/bin/../lib/gcc/arm-none-eabi/9.2.1/thumb/v8-m.main+fp/hard\libgcc.a(_arm_fixunsdfsi.o)
                0x0001cd3c                __aeabi_d2uiz
                0x0001cd3c                __fixunsdfsi
 .text          0x0001cd7c       0xa0 c:/work/nrf/v1.5.1/toolchain/opt/bin/../lib/gcc/arm-none-eabi/9.2.1/thumb/v8-m.main+fp/hard\libgcc.a(_arm_truncdfsf2.o)
                0x0001cd7c                __truncdfsf2
                0x0001cd7c                __aeabi_d2f
 .text          0x0001ce1c       0xa0 c:/work/nrf/v1.5.1/toolchain/opt/bin/../lib/gcc/arm-none-eabi/9.2.1/thumb/v8-m.main+fp/hard\libgcc.a(_aeabi_ldivmod.o)
                0x0001ce1c                __aeabi_ldivmod
 .text          0x0001cebc       0x30 c:/work/nrf/v1.5.1/toolchain/opt/bin/../lib/gcc/arm-none-eabi/9.2.1/thumb/v8-m.main+fp/hard\libgcc.a(_aeabi_uldivmod.o)
                0x0001cebc                __aeabi_uldivmod
 .text          0x0001ceec       0x30 c:/work/nrf/v1.5.1/toolchain/opt/bin/../lib/gcc/arm-none-eabi/9.2.1/thumb/v8-m.main+fp/hard\libgcc.a(_fixdfdi.o)
                0x0001ceec                __fixdfdi
                0x0001ceec                __aeabi_d2lz
 .text          0x0001cf1c       0x3c c:/work/nrf/v1.5.1/toolchain/opt/bin/../lib/gcc/arm-none-eabi/9.2.1/thumb/v8-m.main+fp/hard\libgcc.a(_fixunsdfdi.o)
                0x0001cf1c                __fixunsdfdi
                0x0001cf1c                __aeabi_d2ulz
 .text          0x0001cf58      0x2c0 c:/work/nrf/v1.5.1/toolchain/opt/bin/../lib/gcc/arm-none-eabi/9.2.1/thumb/v8-m.main+fp/hard\libgcc.a(_udivmoddi4.o)
                0x0001cf58                __udivmoddi4
 .text          0x0001d218        0x4 c:/work/nrf/v1.5.1/toolchain/opt/bin/../lib/gcc/arm-none-eabi/9.2.1/thumb/v8-m.main+fp/hard\libgcc.a(_dvmd_tls.o)
                0x0001d218                __aeabi_idiv0
                0x0001d218                __aeabi_ldiv0
 .text          0x0001d21c       0x2c c:/work/nrf/v1.5.1/toolchain/opt/bin/../lib/gcc/arm-none-eabi/9.2.1/thumb/v8-m.main+fp/hard\libgcc.a(_arm_unorddf2.o)
                0x0001d21c                __unorddf2
                0x0001d21c                __aeabi_dcmpun
 .text          0x0001d248       0x14 C:/Work/nrf/v1.5.1/toolchain/opt/arm-none-eabi/lib/thumb/v8-m.main+fp/hard\libc_nano.a(lib_a-strcmp.o)
                0x0001d248                strcmp
 .text          0x0001d25c       0x10 C:/Work/nrf/v1.5.1/toolchain/opt/arm-none-eabi/lib/thumb/v8-m.main+fp/hard\libc_nano.a(lib_a-strlen.o)
                0x0001d25c                strlen
 *(SORT_BY_ALIGNMENT(.text.*))
 *fill*         0x0001d26c        0x4 
 .text.motion_work_q_handler
                0x0001d270      0x170 app/libapp.a(motion.c.obj)
 .text.env_sensors_poll_fn
                0x0001d3e0      0x1b4 app/libapp.a(env_sensors.c.obj)
 *fill*         0x0001d594        0x4 
 .text.sntp_query
                0x0001d598      0x148 zephyr/libzephyr.a(sntp.c.obj)
                0x0001d598                sntp_query
 .text.parse_value
                0x0001d6e0      0x310 modules/nrf/ext/cjson/lib..__nrf__ext__cjson.a(cJSON.c.obj)
 .text.cJSON_CreateNumber
                0x0001d9f0       0x68 modules/nrf/ext/cjson/lib..__nrf__ext__cjson.a(cJSON.c.obj)
                0x0001d9f0                cJSON_CreateNumber
 .text.at_handler
                0x0001da58      0x578 modules/nrf/lib/lte_link_control/lib..__nrf__lib__lte_link_control.a(lte_lc.c.obj)
 .text.nrf_cloud_encode_state
                0x0001dfd0      0x214 modules/nrf/subsys/net/lib/nrf_cloud/lib..__nrf__subsys__net__lib__nrf_cloud.a(nrf_cloud_codec.c.obj)
                0x0001dfd0                nrf_cloud_encode_state
 *fill*         0x0001e1e4        0x4 
 .text.double_to_sensor_value
                0x0001e1e8       0x38 modules/nrf/drivers/sensor/sensor_sim/lib..__nrf__drivers__sensor__sensor_sim.a(sensor_sim.c.obj)
 .text.sensor_sim_sample_fetch
                0x0001e220      0x110 modules/nrf/drivers/sensor/sensor_sim/lib..__nrf__drivers__sensor__sensor_sim.a(sensor_sim.c.obj)
 .text._strtod_l
                0x0001e330      0xc1c C:/Work/nrf/v1.5.1/toolchain/opt/arm-none-eabi/lib/thumb/v8-m.main+fp/hard\libc_nano.a(lib_a-strtod.o)
                0x0001e330                _strtod_l
 *fill*         0x0001ef4c        0x4 
 .text._dtoa_r  0x0001ef50      0xbb8 C:/Work/nrf/v1.5.1/toolchain/opt/arm-none-eabi/lib/thumb/v8-m.main+fp/hard\libc_nano.a(lib_a-dtoa.o)
                0x0001ef50                _dtoa_r
 .text.nan      0x0001fb08       0x10 C:/Work/nrf/v1.5.1/toolchain/opt/arm-none-eabi/lib/thumb/v8-m.main+fp/hard\libc_nano.a(lib_a-s_nan.o)
                0x0001fb08                nan
 .text.date_time_event_handler
                0x0001fb18       0x68 app/libapp.a(main.c.obj)
 .text.shutdown_modem
                0x0001fb80       0x50 app/libapp.a(main.c.obj)
 .text.cycle_cloud_connection
                0x0001fbd0       0x8c app/libapp.a(main.c.obj)
 .text.data_send_enabled
                0x0001fc5c       0x14 app/libapp.a(main.c.obj)
 .text.set_gps_enable
                0x0001fc70       0xa0 app/libapp.a(main.c.obj)
 .text.sensor_data_send
                0x0001fd10       0x8c app/libapp.a(main.c.obj)
 .text.modem_rsrp_data_send
                0x0001fd9c       0x78 app/libapp.a(main.c.obj)
 .text.send_gps_data_work_fn
                0x0001fe14        0xc app/libapp.a(main.c.obj)
 .text.send_agps_request
                0x0001fe20       0xa0 app/libapp.a(main.c.obj)
 .text.no_sim_go_offline
                0x0001fec0       0x4c app/libapp.a(main.c.obj)
 .text.long_press_handler
                0x0001ff0c       0x40 app/libapp.a(main.c.obj)
 .text.ui_evt_handler
                0x0001ff4c       0x58 app/libapp.a(main.c.obj)
 .text.modem_rsrp_handler
                0x0001ffa4       0x44 app/libapp.a(main.c.obj)
 .text.k_work_submit_to_queue.constprop.0
                0x0001ffe8       0x28 app/libapp.a(main.c.obj)
 .text.lte_handler
                0x00020010      0x108 app/libapp.a(main.c.obj)
 .text.motion_handler
                0x00020118       0x40 app/libapp.a(main.c.obj)
 .text.gps_handler
                0x00020158      0x250 app/libapp.a(main.c.obj)
 .text.cloud_cmd_handler
                0x000203a8      0x198 app/libapp.a(main.c.obj)
 .text.send_modem_at_cmd_work_fn
                0x00020540      0x110 app/libapp.a(main.c.obj)
 .text.error_handler
                0x00020650       0x24 app/libapp.a(main.c.obj)
                0x00020650                error_handler
 .text.k_sys_fatal_error_handler
                0x00020674       0x30 app/libapp.a(main.c.obj)
                0x00020674                k_sys_fatal_error_handler
 .text.env_data_send
                0x000206a4      0x144 app/libapp.a(main.c.obj)
 .text.motion_data_send
                0x000207e8       0x6c app/libapp.a(main.c.obj)
 .text.device_status_send
                0x00020854       0xf0 app/libapp.a(main.c.obj)
 .text.device_config_send
                0x00020944       0xc8 app/libapp.a(main.c.obj)
 .text.cloud_connect_error_handler
                0x00020a0c      0x100 app/libapp.a(main.c.obj)
                0x00020a0c                cloud_connect_error_handler
 .text.cloud_connect_work_fn
                0x00020b0c       0xac app/libapp.a(main.c.obj)
 .text.connect_to_cloud
                0x00020bb8       0xd0 app/libapp.a(main.c.obj)
                0x00020bb8                connect_to_cloud
 .text.sensors_start
                0x00020c88       0xf4 app/libapp.a(main.c.obj)
                0x00020c88                sensors_start
 .text.on_pairing_done
                0x00020d7c       0x70 app/libapp.a(main.c.obj)
                0x00020d7c                on_pairing_done
 .text.cloud_event_handler
                0x00020dec      0x284 app/libapp.a(main.c.obj)
                0x00020dec                cloud_event_handler
 .text.main     0x00021070      0x270 app/libapp.a(main.c.obj)
                0x00021070                main
 .text.sensor_trigger_handler.isra.0
                0x000212e0       0x18 app/libapp.a(motion.c.obj)
 .text.motion_init_and_start
                0x000212f8       0x80 app/libapp.a(motion.c.obj)
                0x000212f8                motion_init_and_start
 .text.button_handler
                0x00021378       0x54 app/libapp.a(ui.c.obj)
 .text.leds_update
                0x000213cc       0x64 app/libapp.a(ui.c.obj)
 .text.ui_led_set_pattern
                0x00021430        0xc app/libapp.a(ui.c.obj)
                0x00021430                ui_led_set_pattern
 .text.ui_init  0x0002143c       0xa8 app/libapp.a(ui.c.obj)
                0x0002143c                ui_init
 .text.cloud_set_chan_cfg_item
                0x000214e4       0x38 app/libapp.a(cloud_codec.c.obj)
 .text.cloud_cmd_handle_sensor_set_chan_cfg
                0x0002151c       0xa4 app/libapp.a(cloud_codec.c.obj)
 .text.cloud_cmd_parse_type
                0x000215c0      0x15c app/libapp.a(cloud_codec.c.obj)
 .text.cloud_encode_data
                0x0002171c      0x138 app/libapp.a(cloud_codec.c.obj)
                0x0002171c                cloud_encode_data
 .text.cloud_encode_env_sensors_data
                0x00021854       0xb4 app/libapp.a(cloud_codec.c.obj)
                0x00021854                cloud_encode_env_sensors_data
 .text.cloud_encode_motion_data
                0x00021908       0x98 app/libapp.a(cloud_codec.c.obj)
                0x00021908                cloud_encode_motion_data
 .text.cloud_encode_device_status_data
                0x000219a0      0x1a0 app/libapp.a(cloud_codec.c.obj)
                0x000219a0                cloud_encode_device_status_data
 .text.cloud_decode_command
                0x00021b40      0x2d8 app/libapp.a(cloud_codec.c.obj)
                0x00021b40                cloud_decode_command
 .text.cloud_decode_init
                0x00021e18       0x3c app/libapp.a(cloud_codec.c.obj)
                0x00021e18                cloud_decode_init
 .text.cloud_get_channel_enable_state
                0x00021e54       0x30 app/libapp.a(cloud_codec.c.obj)
                0x00021e54                cloud_get_channel_enable_state
 .text.cloud_encode_config_data
                0x00021e84      0x114 app/libapp.a(cloud_codec.c.obj)
                0x00021e84                cloud_encode_config_data
 .text.cloud_set_channel_enable_state
                0x00021f98       0x2c app/libapp.a(cloud_codec.c.obj)
                0x00021f98                cloud_set_channel_enable_state
 .text.cloud_is_send_allowed
                0x00021fc4       0x9c app/libapp.a(cloud_codec.c.obj)
                0x00021fc4                cloud_is_send_allowed
 .text.service_info_json_object_encode
                0x00022060       0xb8 app/libapp.a(service_info.c.obj)
                0x00022060                service_info_json_object_encode
 .text.gps_control_is_enabled
                0x00022118       0x14 app/libapp.a(gps_controller.c.obj)
                0x00022118                gps_control_is_enabled
 .text.gps_control_is_active
                0x0002212c       0x14 app/libapp.a(gps_controller.c.obj)
                0x0002212c                gps_control_is_active
 .text.gps_control_set_active
                0x00022140       0x1c app/libapp.a(gps_controller.c.obj)
                0x00022140                gps_control_set_active
 .text.stop     0x0002215c       0x84 app/libapp.a(gps_controller.c.obj)
 .text.start    0x000221e0      0x11c app/libapp.a(gps_controller.c.obj)
 .text.gps_control_start
                0x000222fc       0x3c app/libapp.a(gps_controller.c.obj)
                0x000222fc                gps_control_start
 .text.gps_control_stop
                0x00022338       0x3c app/libapp.a(gps_controller.c.obj)
                0x00022338                gps_control_stop
 .text.gps_control_get_gps_reporting_interval
                0x00022374        0xc app/libapp.a(gps_controller.c.obj)
                0x00022374                gps_control_get_gps_reporting_interval
 .text.gps_control_init
                0x00022380       0xe8 app/libapp.a(gps_controller.c.obj)
                0x00022380                gps_control_init
 .text.submit_poll_work
                0x00022468       0x44 app/libapp.a(env_sensors.c.obj)
 .text.env_sensors_poll
                0x000224ac       0x18 app/libapp.a(env_sensors.c.obj)
                0x000224ac                env_sensors_poll
 .text.env_sensors_init_and_start
                0x000224c4       0xc4 app/libapp.a(env_sensors.c.obj)
                0x000224c4                env_sensors_init_and_start
 .text.env_sensors_get_temperature
                0x00022588       0xb4 app/libapp.a(env_sensors.c.obj)
                0x00022588                env_sensors_get_temperature
 .text.env_sensors_get_humidity
                0x0002263c       0xb4 app/libapp.a(env_sensors.c.obj)
                0x0002263c                env_sensors_get_humidity
 .text.env_sensors_get_pressure
                0x000226f0       0xb4 app/libapp.a(env_sensors.c.obj)
                0x000226f0                env_sensors_get_pressure
 .text.env_sensors_set_send_interval
                0x000227a4       0x5c app/libapp.a(env_sensors.c.obj)
                0x000227a4                env_sensors_set_send_interval
 .text.env_sensors_set_backoff_enable
                0x00022800        0xc app/libapp.a(env_sensors.c.obj)
                0x00022800                env_sensors_set_backoff_enable
 .text.primary_feed_worker
                0x0002280c       0x2c app/libapp.a(watchdog.c.obj)
 .text.secondary_feed_worker
                0x00022838       0x54 app/libapp.a(watchdog.c.obj)
 .text.watchdog_init_and_start
                0x0002288c      0x120 app/libapp.a(watchdog.c.obj)
                0x0002288c                watchdog_init_and_start
 .text.crc8_ccitt
                0x000229ac       0x30 zephyr/libzephyr.a(crc8_sw.c.obj)
                0x000229ac                crc8_ccitt
 .text._check_fd
                0x000229dc       0x30 zephyr/libzephyr.a(fdtable.c.obj)
 .text.z_get_fd_obj
                0x00022a0c       0x38 zephyr/libzephyr.a(fdtable.c.obj)
                0x00022a0c                z_get_fd_obj
 .text.z_get_fd_obj_and_vtable
                0x00022a44       0x28 zephyr/libzephyr.a(fdtable.c.obj)
                0x00022a44                z_get_fd_obj_and_vtable
 .text.z_reserve_fd
                0x00022a6c       0x64 zephyr/libzephyr.a(fdtable.c.obj)
                0x00022a6c                z_reserve_fd
 .text.z_finalize_fd
                0x00022ad0       0x14 zephyr/libzephyr.a(fdtable.c.obj)
                0x00022ad0                z_finalize_fd
 .text.z_free_fd
                0x00022ae4       0x40 zephyr/libzephyr.a(fdtable.c.obj)
                0x00022ae4                z_free_fd
 .text.sys_notify_finalize
                0x00022b24       0x60 zephyr/libzephyr.a(notify.c.obj)
                0x00022b24                sys_notify_finalize
 .text.char_out
                0x00022b84       0x10 zephyr/libzephyr.a(printk.c.obj)
 .text.__printk_hook_install
                0x00022b94        0xc zephyr/libzephyr.a(printk.c.obj)
                0x00022b94                __printk_hook_install
 .text.vprintk  0x00022ba0       0x1c zephyr/libzephyr.a(printk.c.obj)
                0x00022ba0                vprintk
 .text.vsnprintk
                0x00022bbc       0x28 zephyr/libzephyr.a(printk.c.obj)
                0x00022bbc                vsnprintk
 .text.process_event
                0x00022be4      0x40c zephyr/libzephyr.a(onoff.c.obj)
 .text.transition_complete
                0x00022ff0       0x64 zephyr/libzephyr.a(onoff.c.obj)
 .text.onoff_request
                0x00023054      0x130 zephyr/libzephyr.a(onoff.c.obj)
                0x00023054                onoff_request
 .text.timeutil_timegm64
                0x00023184      0x100 zephyr/libzephyr.a(timeutil.c.obj)
                0x00023184                timeutil_timegm64
 .text.z_work_q_main
                0x00023284       0x74 zephyr/libzephyr.a(work_q.c.obj)
                0x00023284                z_work_q_main
 .text.sys_heap_free
                0x000232f8       0xac zephyr/libzephyr.a(heap.c.obj)
                0x000232f8                sys_heap_free
 .text.sys_heap_aligned_alloc
                0x000233a4       0xf8 zephyr/libzephyr.a(heap.c.obj)
                0x000233a4                sys_heap_aligned_alloc
 .text.sys_heap_init
                0x0002349c      0x138 zephyr/libzephyr.a(heap.c.obj)
                0x0002349c                sys_heap_init
 .text.extract_decimal
                0x000235d4       0x2c zephyr/libzephyr.a(cbprintf_complete.c.obj)
 .text.encode_uint
                0x00023600       0xa0 zephyr/libzephyr.a(cbprintf_complete.c.obj)
 .text.cbvprintf
                0x000236a0      0xd28 zephyr/libzephyr.a(cbprintf_complete.c.obj)
                0x000236a0                cbvprintf
 .text.nordicsemi_nrf91_init
                0x000243c8       0x28 zephyr/libzephyr.a(soc.c.obj)
 .text.arch_busy_wait
                0x000243f0       0x14 zephyr/libzephyr.a(soc.c.obj)
                0x000243f0                arch_busy_wait
 .text.log_generic
                0x00024404       0x5c zephyr/libzephyr.a(log_core.c.obj)
                0x00024404                log_generic
 .text.log_core_init
                0x00024460       0x18 zephyr/libzephyr.a(log_core.c.obj)
                0x00024460                log_core_init
 .text.log_source_name_get
                0x00024478       0x1c zephyr/libzephyr.a(log_core.c.obj)
                0x00024478                log_source_name_get
 .text.log_backend_enable
                0x00024494       0x5c zephyr/libzephyr.a(log_core.c.obj)
                0x00024494                log_backend_enable
 .text.log_init
                0x000244f0       0x78 zephyr/libzephyr.a(log_core.c.obj)
                0x000244f0                log_init
 .text.z_impl_log_panic
                0x00024568       0x40 zephyr/libzephyr.a(log_core.c.obj)
                0x00024568                z_impl_log_panic
 .text.print_formatted
                0x000245a8       0x24 zephyr/libzephyr.a(log_output.c.obj)
 .text.prefix_print
                0x000245cc      0x11c zephyr/libzephyr.a(log_output.c.obj)
 .text.postfix_print
                0x000246e8       0x3c zephyr/libzephyr.a(log_output.c.obj)
 .text.hexdump_line_print
                0x00024724       0xe4 zephyr/libzephyr.a(log_output.c.obj)
 .text.log_output_string
                0x00024808       0x70 zephyr/libzephyr.a(log_output.c.obj)
                0x00024808                log_output_string
 .text.log_output_hexdump
                0x00024878       0x74 zephyr/libzephyr.a(log_output.c.obj)
                0x00024878                log_output_hexdump
 .text.log_output_timestamp_freq_set
                0x000248ec       0x30 zephyr/libzephyr.a(log_output.c.obj)
                0x000248ec                log_output_timestamp_freq_set
 .text.char_out
                0x0002491c       0x24 zephyr/libzephyr.a(log_backend_uart.c.obj)
 .text.panic    0x00024940        0xc zephyr/libzephyr.a(log_backend_uart.c.obj)
 .text.log_backend_uart_init
                0x0002494c       0x3c zephyr/libzephyr.a(log_backend_uart.c.obj)
 .text.sync_hexdump
                0x00024988       0x20 zephyr/libzephyr.a(log_backend_uart.c.obj)
 .text.sync_string
                0x000249a8       0x1c zephyr/libzephyr.a(log_backend_uart.c.obj)
 .text.fcb_append
                0x000249c4      0x130 zephyr/libzephyr.a(fcb_append.c.obj)
                0x000249c4                fcb_append
 .text.z_impl_zsock_socket
                0x00024af4       0xac zephyr/libzephyr.a(sockets.c.obj)
                0x00024af4                z_impl_zsock_socket
 .text.z_impl_zsock_poll
                0x00024ba0      0x1f8 zephyr/libzephyr.a(sockets.c.obj)
                0x00024ba0                z_impl_zsock_poll
 .text.socket_offload_dns_register
                0x00024d98       0x4c zephyr/libzephyr.a(socket_offload.c.obj)
                0x00024d98                socket_offload_dns_register
 .text.socket_offload_getaddrinfo
                0x00024de4       0x68 zephyr/libzephyr.a(socket_offload.c.obj)
                0x00024de4                socket_offload_getaddrinfo
 .text.socket_offload_freeaddrinfo
                0x00024e4c       0x58 zephyr/libzephyr.a(socket_offload.c.obj)
                0x00024e4c                socket_offload_freeaddrinfo
 .text.get_flash_area_from_id
                0x00024ea4       0x30 zephyr/libzephyr.a(flash_map.c.obj)
 .text.flash_area_open
                0x00024ed4       0x28 zephyr/libzephyr.a(flash_map.c.obj)
                0x00024ed4                flash_area_open
 .text.flash_area_get_sectors
                0x00024efc       0x50 zephyr/libzephyr.a(flash_map.c.obj)
                0x00024efc                flash_area_get_sectors
 .text.find_flash_total_size
                0x00024f4c       0x3c zephyr/libzephyr.a(stream_flash.c.obj)
 .text.stream_flash_erase_page
                0x00024f88       0x7c zephyr/libzephyr.a(stream_flash.c.obj)
                0x00024f88                stream_flash_erase_page
 .text.flash_sync
                0x00025004       0xf4 zephyr/libzephyr.a(stream_flash.c.obj)
 .text.stream_flash_init
                0x000250f8       0xc4 zephyr/libzephyr.a(stream_flash.c.obj)
                0x000250f8                stream_flash_init
 .text.settings_save_one
                0x000251bc       0x4c zephyr/libzephyr.a(settings_store.c.obj)
                0x000251bc                settings_save_one
 .text.settings_src_register
                0x00025208       0x1c zephyr/libzephyr.a(settings_store.c.obj)
                0x00025208                settings_src_register
 .text.settings_dst_register
                0x00025224        0xc zephyr/libzephyr.a(settings_store.c.obj)
                0x00025224                settings_dst_register
 .text.settings_load_subtree
                0x00025230       0x54 zephyr/libzephyr.a(settings_store.c.obj)
                0x00025230                settings_load_subtree
 .text.settings_store_init
                0x00025284       0x10 zephyr/libzephyr.a(settings_store.c.obj)
                0x00025284                settings_store_init
 .text.settings_init
                0x00025294       0x10 zephyr/libzephyr.a(settings.c.obj)
                0x00025294                settings_init
 .text.settings_parse_and_lookup
                0x000252a4       0xc8 zephyr/libzephyr.a(settings.c.obj)
                0x000252a4                settings_parse_and_lookup
 .text.settings_call_set_handler
                0x0002536c       0x90 zephyr/libzephyr.a(settings.c.obj)
                0x0002536c                settings_call_set_handler
 .text.settings_commit_subtree
                0x000253fc       0xb0 zephyr/libzephyr.a(settings.c.obj)
                0x000253fc                settings_commit_subtree
 .text.settings_subsys_init
                0x000254ac       0x20 zephyr/libzephyr.a(settings_init.c.obj)
                0x000254ac                settings_subsys_init
 .text.settings_line_raw_read_until
                0x000254cc       0xb8 zephyr/libzephyr.a(settings_line.c.obj)
 .text.settings_line_write
                0x00025584       0xc8 zephyr/libzephyr.a(settings_line.c.obj)
                0x00025584                settings_line_write
 .text.settings_line_val_get_len
                0x0002564c       0x14 zephyr/libzephyr.a(settings_line.c.obj)
                0x0002564c                settings_line_val_get_len
 .text.settings_line_entry_copy
                0x00025660       0x68 zephyr/libzephyr.a(settings_line.c.obj)
                0x00025660                settings_line_entry_copy
 .text.settings_line_io_init
                0x000256c8       0x14 zephyr/libzephyr.a(settings_line.c.obj)
                0x000256c8                settings_line_io_init
 .text.settings_line_load_cb
                0x000256dc       0x28 zephyr/libzephyr.a(settings_line.c.obj)
                0x000256dc                settings_line_load_cb
 .text.settings_fcb_load_priv
                0x00025704       0xdc zephyr/libzephyr.a(settings_fcb.c.obj)
 .text.settings_fcb_load
                0x000257e0       0x10 zephyr/libzephyr.a(settings_fcb.c.obj)
 .text.settings_fcb_save
                0x000257f0      0x1ac zephyr/libzephyr.a(settings_fcb.c.obj)
 .text.settings_fcb_src
                0x0002599c       0x54 zephyr/libzephyr.a(settings_fcb.c.obj)
                0x0002599c                settings_fcb_src
 .text.settings_mount_fcb_backend
                0x000259f0       0x1c zephyr/libzephyr.a(settings_fcb.c.obj)
                0x000259f0                settings_mount_fcb_backend
 .text.settings_backend_init
                0x00025a0c       0x9c zephyr/libzephyr.a(settings_fcb.c.obj)
                0x00025a0c                settings_backend_init
 .text.sys_reboot
                0x00025aa8       0x30 zephyr/libzephyr.a(reboot.c.obj)
                0x00025aa8                sys_reboot
 .text.console_out
                0x00025ad8       0x34 zephyr/libzephyr.a(uart_console.c.obj)
 .text.uart_console_init
                0x00025b0c       0x28 zephyr/libzephyr.a(uart_console.c.obj)
 .text.onoff_start
                0x00025b34       0x4c zephyr/libzephyr.a(clock_control_nrf.c.obj)
 .text.get_status
                0x00025b80       0x3c zephyr/libzephyr.a(clock_control_nrf.c.obj)
 .text.stop     0x00025bbc       0x80 zephyr/libzephyr.a(clock_control_nrf.c.obj)
 .text.onoff_stop
                0x00025c3c       0x28 zephyr/libzephyr.a(clock_control_nrf.c.obj)
 .text.clk_init
                0x00025c64       0x60 zephyr/libzephyr.a(clock_control_nrf.c.obj)
 .text.clkstarted_handle.constprop.0
                0x00025cc4       0x3c zephyr/libzephyr.a(clock_control_nrf.c.obj)
 .text.clock_event_handler
                0x00025d00       0x60 zephyr/libzephyr.a(clock_control_nrf.c.obj)
 .text.generic_hfclk_start
                0x00025d60       0x64 zephyr/libzephyr.a(clock_control_nrf.c.obj)
 .text.generic_hfclk_stop
                0x00025dc4       0x24 zephyr/libzephyr.a(clock_control_nrf.c.obj)
 .text.api_blocking_start
                0x00025de8       0x3c zephyr/libzephyr.a(clock_control_nrf.c.obj)
 .text.z_nrf_clock_control_lf_on
                0x00025e24      0x150 zephyr/libzephyr.a(clock_control_nrf.c.obj)
                0x00025e24                z_nrf_clock_control_lf_on
 .text.wdt_nrf_install_timeout
                0x00025f74       0x74 zephyr/libzephyr.a(wdt_nrfx.c.obj)
 .text.wdt_0_init
                0x00025fe8       0x30 zephyr/libzephyr.a(wdt_nrfx.c.obj)
 .text.wdt_0_event_handler
                0x00026018       0x3c zephyr/libzephyr.a(wdt_nrfx.c.obj)
 .text.z_clock_isr
                0x00026054       0x28 zephyr/libzephyr.a(sys_clock_init.c.obj)
                0x00026054                z_clock_isr
 .text.sys_clock_timeout_handler
                0x0002607c       0x18 zephyr/libzephyr.a(nrf_rtc_timer.c.obj)
 .text.set_absolute_alarm
                0x00026094       0x98 zephyr/libzephyr.a(nrf_rtc_timer.c.obj)
 .text.rtc_nrf_isr
                0x0002612c       0x50 zephyr/libzephyr.a(nrf_rtc_timer.c.obj)
                0x0002612c                rtc_nrf_isr
 .text.z_clock_driver_init
                0x0002617c       0x54 zephyr/libzephyr.a(nrf_rtc_timer.c.obj)
                0x0002617c                z_clock_driver_init
 .text.z_clock_set_timeout
                0x000261d0       0x64 zephyr/libzephyr.a(nrf_rtc_timer.c.obj)
                0x000261d0                z_clock_set_timeout
 .text.z_clock_elapsed
                0x00026234       0xa0 zephyr/libzephyr.a(nrf_rtc_timer.c.obj)
                0x00026234                z_clock_elapsed
 .text.z_timer_cycle_get_32
                0x000262d4       0xa4 zephyr/libzephyr.a(nrf_rtc_timer.c.obj)
                0x000262d4                z_timer_cycle_get_32
 .text.gps_agps_request
                0x00026378       0x3c zephyr/libzephyr.a(agps.c.obj)
                0x00026378                gps_agps_request
 .text.gps_process_agps_data
                0x000263b4       0x44 zephyr/libzephyr.a(agps.c.obj)
                0x000263b4                gps_process_agps_data
 .text.arch_swap
                0x000263f8       0x38 zephyr/arch/arch/arm/core/aarch32/libarch__arm__core__aarch32.a(swap.c.obj)
                0x000263f8                arch_swap
 .text.z_arm_pendsv
                0x00026430       0xb4 zephyr/arch/arch/arm/core/aarch32/libarch__arm__core__aarch32.a(swap_helper.S.obj)
                0x00026430                z_arm_pendsv
 .text.z_arm_svc
                0x000264e4       0x20 zephyr/arch/arch/arm/core/aarch32/libarch__arm__core__aarch32.a(swap_helper.S.obj)
                0x000264e4                z_arm_svc
 .text.arch_irq_enable
                0x00026504       0x20 zephyr/arch/arch/arm/core/aarch32/libarch__arm__core__aarch32.a(irq_manage.c.obj)
                0x00026504                arch_irq_enable
 .text.arch_irq_is_enabled
                0x00026524       0x1c zephyr/arch/arch/arm/core/aarch32/libarch__arm__core__aarch32.a(irq_manage.c.obj)
                0x00026524                arch_irq_is_enabled
 .text.z_arm_irq_priority_set
                0x00026540       0x64 zephyr/arch/arch/arm/core/aarch32/libarch__arm__core__aarch32.a(irq_manage.c.obj)
                0x00026540                z_arm_irq_priority_set
 .text._arch_isr_direct_pm
                0x000265a4       0x1c zephyr/arch/arch/arm/core/aarch32/libarch__arm__core__aarch32.a(irq_manage.c.obj)
                0x000265a4                _arch_isr_direct_pm
 .text.arch_new_thread
                0x000265c0       0x3c zephyr/arch/arch/arm/core/aarch32/libarch__arm__core__aarch32.a(thread.c.obj)
                0x000265c0                arch_new_thread
 .text.arch_switch_to_main_thread
                0x000265fc       0x4c zephyr/arch/arch/arm/core/aarch32/libarch__arm__core__aarch32.a(thread.c.obj)
                0x000265fc                arch_switch_to_main_thread
 .text.z_arm_cpu_idle_init
                0x00026648        0xc zephyr/arch/arch/arm/core/aarch32/libarch__arm__core__aarch32.a(cpu_idle.S.obj)
                0x00026648                z_arm_cpu_idle_init
 .text.arch_cpu_idle
                0x00026654       0x1c zephyr/arch/arch/arm/core/aarch32/libarch__arm__core__aarch32.a(cpu_idle.S.obj)
                0x00026654                arch_cpu_idle
 .text.arch_cpu_atomic_idle
                0x00026670       0x14 zephyr/arch/arch/arm/core/aarch32/libarch__arm__core__aarch32.a(cpu_idle.S.obj)
                0x00026670                arch_cpu_atomic_idle
 .text.z_arm_fatal_error
                0x00026684       0xe0 zephyr/arch/arch/arm/core/aarch32/libarch__arm__core__aarch32.a(fatal.c.obj)
                0x00026684                z_arm_fatal_error
 .text.z_SysNmiOnReset
                0x00026764        0x8 zephyr/arch/arch/arm/core/aarch32/libarch__arm__core__aarch32.a(nmi_on_reset.S.obj)
                0x00026764                z_SysNmiOnReset
 .text.z_arm_prep_c
                0x0002676c       0x5c zephyr/arch/arch/arm/core/aarch32/libarch__arm__core__aarch32.a(prep_c.c.obj)
                0x0002676c                z_arm_prep_c
 .text._isr_wrapper
                0x000267c8       0x40 zephyr/arch/arch/arm/core/aarch32/libarch__arm__core__aarch32.a(isr_wrapper.S.obj)
                0x000267c8                _isr_wrapper
 .text._reset_section
                0x00026808       0x60 zephyr/arch/arch/arm/core/aarch32/cortex_m/libarch__arm__core__aarch32__cortex_m.a(reset.S.obj)
                0x00026808                __start
                0x00026808                z_arm_reset
 .text.__fault  0x00026868       0x14 zephyr/arch/arch/arm/core/aarch32/cortex_m/libarch__arm__core__aarch32__cortex_m.a(fault_s.S.obj)
                0x00026868                z_arm_usage_fault
                0x00026868                z_arm_mpu_fault
                0x00026868                z_arm_exc_spurious
                0x00026868                z_arm_debug_monitor
                0x00026868                z_arm_hard_fault
                0x00026868                z_arm_bus_fault
 .text.mem_manage_fault.isra.0
                0x0002687c      0x104 zephyr/arch/arch/arm/core/aarch32/cortex_m/libarch__arm__core__aarch32__cortex_m.a(fault.c.obj)
 .text.bus_fault.isra.0
                0x00026980       0xd8 zephyr/arch/arch/arm/core/aarch32/cortex_m/libarch__arm__core__aarch32__cortex_m.a(fault.c.obj)
 .text.usage_fault.isra.0
                0x00026a58       0xd0 zephyr/arch/arch/arm/core/aarch32/cortex_m/libarch__arm__core__aarch32__cortex_m.a(fault.c.obj)
 .text.z_arm_fault
                0x00026b28      0x1dc zephyr/arch/arch/arm/core/aarch32/cortex_m/libarch__arm__core__aarch32__cortex_m.a(fault.c.obj)
                0x00026b28                z_arm_fault
 .text.z_arm_fault_init
                0x00026d04       0x18 zephyr/arch/arch/arm/core/aarch32/cortex_m/libarch__arm__core__aarch32__cortex_m.a(fault.c.obj)
                0x00026d04                z_arm_fault_init
 .text._HandlerModeExit
                0x00026d1c       0x1c zephyr/arch/arch/arm/core/aarch32/cortex_m/libarch__arm__core__aarch32__cortex_m.a(exc_exit.S.obj)
                0x00026d1c                z_arm_int_exit
                0x00026d1c                z_arm_exc_exit
 .text.sys_arch_reboot
                0x00026d38       0x24 zephyr/arch/arch/arm/core/aarch32/cortex_m/libarch__arm__core__aarch32__cortex_m.a(scb.c.obj)
                0x00026d38                sys_arch_reboot
 .text.z_arm_clear_arm_mpu_config
                0x00026d5c       0x20 zephyr/arch/arch/arm/core/aarch32/cortex_m/libarch__arm__core__aarch32__cortex_m.a(scb.c.obj)
                0x00026d5c                z_arm_clear_arm_mpu_config
 .text.z_arm_init_arch_hw_at_boot
                0x00026d7c       0x4c zephyr/arch/arch/arm/core/aarch32/cortex_m/libarch__arm__core__aarch32__cortex_m.a(scb.c.obj)
                0x00026d7c                z_arm_init_arch_hw_at_boot
 .text.z_arm_interrupt_init
                0x00026dc8       0x18 zephyr/arch/arch/arm/core/aarch32/cortex_m/libarch__arm__core__aarch32__cortex_m.a(irq_init.c.obj)
                0x00026dc8                z_arm_interrupt_init
 .text.z_impl_k_thread_abort
                0x00026de0       0x44 zephyr/arch/arch/arm/core/aarch32/cortex_m/libarch__arm__core__aarch32__cortex_m.a(thread_abort.c.obj)
                0x00026de0                z_impl_k_thread_abort
 .text.z_arm_configure_static_mpu_regions
                0x00026e24       0x38 zephyr/arch/arch/arm/core/aarch32/cortex_m/mpu/libarch__arm__core__aarch32__cortex_m__mpu.a(arm_core_mpu.c.obj)
                0x00026e24                z_arm_configure_static_mpu_regions
 .text.region_init
                0x00026e5c       0x30 zephyr/arch/arch/arm/core/aarch32/cortex_m/mpu/libarch__arm__core__aarch32__cortex_m__mpu.a(arm_mpu.c.obj)
 .text.region_allocate_and_init.part.0
                0x00026e8c       0x2c zephyr/arch/arch/arm/core/aarch32/cortex_m/mpu/libarch__arm__core__aarch32__cortex_m__mpu.a(arm_mpu.c.obj)
 .text.mpu_configure_regions_and_partition.constprop.0
                0x00026eb8      0x184 zephyr/arch/arch/arm/core/aarch32/cortex_m/mpu/libarch__arm__core__aarch32__cortex_m__mpu.a(arm_mpu.c.obj)
 .text.arm_core_mpu_enable
                0x0002703c       0x14 zephyr/arch/arch/arm/core/aarch32/cortex_m/mpu/libarch__arm__core__aarch32__cortex_m__mpu.a(arm_mpu.c.obj)
                0x0002703c                arm_core_mpu_enable
 .text.arm_core_mpu_disable
                0x00027050       0x10 zephyr/arch/arch/arm/core/aarch32/cortex_m/mpu/libarch__arm__core__aarch32__cortex_m__mpu.a(arm_mpu.c.obj)
                0x00027050                arm_core_mpu_disable
 .text.arm_mpu_init
                0x00027060       0xac zephyr/arch/arch/arm/core/aarch32/cortex_m/mpu/libarch__arm__core__aarch32__cortex_m__mpu.a(arm_mpu.c.obj)
 .text.arm_core_mpu_configure_static_mpu_regions
                0x0002710c       0x4c zephyr/arch/arch/arm/core/aarch32/cortex_m/mpu/libarch__arm__core__aarch32__cortex_m__mpu.a(arm_mpu.c.obj)
                0x0002710c                arm_core_mpu_configure_static_mpu_regions
 .text.arm_core_mpu_mark_areas_for_dynamic_regions
                0x00027158       0xe0 zephyr/arch/arch/arm/core/aarch32/cortex_m/mpu/libarch__arm__core__aarch32__cortex_m__mpu.a(arm_mpu.c.obj)
                0x00027158                arm_core_mpu_mark_areas_for_dynamic_regions
 .text.__stdout_hook_install
                0x00027238        0xc zephyr/lib/libc/newlib/liblib__libc__newlib.a(libc-hooks.c.obj)
                0x00027238                __stdout_hook_install
 .text.z_impl_zephyr_read_stdin
                0x00027244       0x28 zephyr/lib/libc/newlib/liblib__libc__newlib.a(libc-hooks.c.obj)
                0x00027244                z_impl_zephyr_read_stdin
 .text.z_impl_zephyr_write_stdout
                0x0002726c       0x30 zephyr/lib/libc/newlib/liblib__libc__newlib.a(libc-hooks.c.obj)
                0x0002726c                z_impl_zephyr_write_stdout
 .text._exit    0x0002729c       0x10 zephyr/lib/libc/newlib/liblib__libc__newlib.a(libc-hooks.c.obj)
                0x0002729c                _exit
 .text._sbrk    0x000272ac       0x44 zephyr/lib/libc/newlib/liblib__libc__newlib.a(libc-hooks.c.obj)
                0x000272ac                sbrk
                0x000272ac                _sbrk
 .text.__chk_fail
                0x000272f0       0x1c zephyr/lib/libc/newlib/liblib__libc__newlib.a(libc-hooks.c.obj)
                0x000272f0                __chk_fail
 .text.net_if_flag_is_set
                0x0002730c       0x48 zephyr/subsys/net/ip/libsubsys__net__ip.a(net_if.c.obj)
 .text.net_if_flag_set.constprop.0
                0x00027354       0x4c zephyr/subsys/net/ip/libsubsys__net__ip.a(net_if.c.obj)
 .text.net_if_up
                0x000273a0       0x78 zephyr/subsys/net/ip/libsubsys__net__ip.a(net_if.c.obj)
                0x000273a0                net_if_up
 .text.net_if_init
                0x00027418       0x68 zephyr/subsys/net/ip/libsubsys__net__ip.a(net_if.c.obj)
                0x00027418                net_if_init
 .text.net_if_post_init
                0x00027480       0x60 zephyr/subsys/net/ip/libsubsys__net__ip.a(net_if.c.obj)
                0x00027480                net_if_post_init
 .text.z_impl_net_addr_ntop
                0x000274e0      0x1cc zephyr/subsys/net/ip/libsubsys__net__ip.a(utils.c.obj)
                0x000274e0                z_impl_net_addr_ntop
 .text.connect_request_encode
                0x000276ac      0x100 zephyr/subsys/net/lib/mqtt/libsubsys__net__lib__mqtt.a(mqtt_encoder.c.obj)
                0x000276ac                connect_request_encode
 .text.disconnect_encode
                0x000277ac       0x24 zephyr/subsys/net/lib/mqtt/libsubsys__net__lib__mqtt.a(mqtt_encoder.c.obj)
                0x000277ac                disconnect_encode
 .text.ping_request_encode
                0x000277d0       0x24 zephyr/subsys/net/lib/mqtt/libsubsys__net__lib__mqtt.a(mqtt_encoder.c.obj)
                0x000277d0                ping_request_encode
 .text.mqtt_transport_connect
                0x000277f4       0x14 zephyr/subsys/net/lib/mqtt/libsubsys__net__lib__mqtt.a(mqtt_transport.c.obj)
                0x000277f4                mqtt_transport_connect
 .text.mqtt_transport_write
                0x00027808       0x18 zephyr/subsys/net/lib/mqtt/libsubsys__net__lib__mqtt.a(mqtt_transport.c.obj)
                0x00027808                mqtt_transport_write
 .text.mqtt_transport_write_msg
                0x00027820       0x1c zephyr/subsys/net/lib/mqtt/libsubsys__net__lib__mqtt.a(mqtt_transport.c.obj)
                0x00027820                mqtt_transport_write_msg
 .text.mqtt_transport_read
                0x0002783c       0x1c zephyr/subsys/net/lib/mqtt/libsubsys__net__lib__mqtt.a(mqtt_transport.c.obj)
                0x0002783c                mqtt_transport_read
 .text.mqtt_transport_disconnect
                0x00027858       0x14 zephyr/subsys/net/lib/mqtt/libsubsys__net__lib__mqtt.a(mqtt_transport.c.obj)
                0x00027858                mqtt_transport_disconnect
 .text.mqtt_mutex_unlock
                0x0002786c       0x58 zephyr/subsys/net/lib/mqtt/libsubsys__net__lib__mqtt.a(mqtt.c.obj)
 .text.mqtt_mutex_lock
                0x000278c4       0x44 zephyr/subsys/net/lib/mqtt/libsubsys__net__lib__mqtt.a(mqtt.c.obj)
 .text.gpio_nrfx_manage_callback
                0x00027908       0xac zephyr/drivers/gpio/libdrivers__gpio.a(gpio_nrfx.c.obj)
 .text.nrf_gpio_pin_port_decode
                0x000279b4       0x70 zephyr/drivers/gpio/libdrivers__gpio.a(gpio_nrfx.c.obj)
 .text.gpio_nrfx_init
                0x00027a24       0x30 zephyr/drivers/gpio/libdrivers__gpio.a(gpio_nrfx.c.obj)
 .text.gpio_nrfx_pin_interrupt_configure
                0x00027a54      0x1b8 zephyr/drivers/gpio/libdrivers__gpio.a(gpio_nrfx.c.obj)
 .text.gpio_nrfx_config
                0x00027c0c       0xc8 zephyr/drivers/gpio/libdrivers__gpio.a(gpio_nrfx.c.obj)
 .text.gpiote_event_handler
                0x00027cd4      0x15c zephyr/drivers/gpio/libdrivers__gpio.a(gpio_nrfx.c.obj)
 .text.flash_nrf_pages_layout
                0x00027e30       0x10 zephyr/drivers/flash/libdrivers__flash.a(soc_flash_nrf.c.obj)
 .text.flash_nrf_get_parameters
                0x00027e40        0x8 zephyr/drivers/flash/libdrivers__flash.a(soc_flash_nrf.c.obj)
 .text.flash_nrf_read
                0x00027e48       0x64 zephyr/drivers/flash/libdrivers__flash.a(soc_flash_nrf.c.obj)
 .text.flash_nrf_erase
                0x00027eac       0xa0 zephyr/drivers/flash/libdrivers__flash.a(soc_flash_nrf.c.obj)
 .text.nrf_flash_init
                0x00027f4c       0x28 zephyr/drivers/flash/libdrivers__flash.a(soc_flash_nrf.c.obj)
 .text.flash_nrf_write
                0x00027f74       0xa4 zephyr/drivers/flash/libdrivers__flash.a(soc_flash_nrf.c.obj)
 .text.uarte_nrfx_configure
                0x00028018      0x16c zephyr/drivers/serial/libdrivers__serial.a(uart_nrfx_uarte.c.obj)
 .text.nrf_gpio_pin_port_decode
                0x00028184       0x70 zephyr/drivers/serial/libdrivers__serial.a(uart_nrfx_uarte.c.obj)
 .text.uarte_nrfx_poll_out
                0x000281f4       0xb8 zephyr/drivers/serial/libdrivers__serial.a(uart_nrfx_uarte.c.obj)
 .text.uarte_instance_init.isra.0
                0x000282ac      0x1b8 zephyr/drivers/serial/libdrivers__serial.a(uart_nrfx_uarte.c.obj)
 .text.uarte_0_init
                0x00028464       0x30 zephyr/drivers/serial/libdrivers__serial.a(uart_nrfx_uarte.c.obj)
 .text.uarte_1_init
                0x00028494       0x30 zephyr/drivers/serial/libdrivers__serial.a(uart_nrfx_uarte.c.obj)
 .text.entropy_cc3xx_rng_get_entropy
                0x000284c4       0x90 zephyr/drivers/entropy/libdrivers__entropy.a(entropy_cc310.c.obj)
 .text.parse_string
                0x00028554      0x1e4 modules/nrf/ext/cjson/lib..__nrf__ext__cjson.a(cJSON.c.obj)
 .text.get_object_item
                0x00028738       0x70 modules/nrf/ext/cjson/lib..__nrf__ext__cjson.a(cJSON.c.obj)
 .text.print_string_ptr
                0x000287a8      0x15c modules/nrf/ext/cjson/lib..__nrf__ext__cjson.a(cJSON.c.obj)
 .text.print_value
                0x00028904      0x360 modules/nrf/ext/cjson/lib..__nrf__ext__cjson.a(cJSON.c.obj)
 .text.cJSON_strdup.isra.0.constprop.0
                0x00028c64       0x30 modules/nrf/ext/cjson/lib..__nrf__ext__cjson.a(cJSON.c.obj)
 .text.add_item_to_object.constprop.0
                0x00028c94       0x50 modules/nrf/ext/cjson/lib..__nrf__ext__cjson.a(cJSON.c.obj)
 .text.print.constprop.0
                0x00028ce4       0x98 modules/nrf/ext/cjson/lib..__nrf__ext__cjson.a(cJSON.c.obj)
 .text.cJSON_InitHooks
                0x00028d7c       0x48 modules/nrf/ext/cjson/lib..__nrf__ext__cjson.a(cJSON.c.obj)
                0x00028d7c                cJSON_InitHooks
 .text.cJSON_Delete
                0x00028dc4       0x48 modules/nrf/ext/cjson/lib..__nrf__ext__cjson.a(cJSON.c.obj)
                0x00028dc4                cJSON_Delete
 .text.cJSON_ParseWithOpts
                0x00028e0c       0xe0 modules/nrf/ext/cjson/lib..__nrf__ext__cjson.a(cJSON.c.obj)
                0x00028e0c                cJSON_ParseWithOpts
 .text.cJSON_CreateNull
                0x00028eec       0x18 modules/nrf/ext/cjson/lib..__nrf__ext__cjson.a(cJSON.c.obj)
                0x00028eec                cJSON_CreateNull
 .text.cJSON_CreateBool
                0x00028f04       0x20 modules/nrf/ext/cjson/lib..__nrf__ext__cjson.a(cJSON.c.obj)
                0x00028f04                cJSON_CreateBool
 .text.cJSON_CreateString
                0x00028f24       0x30 modules/nrf/ext/cjson/lib..__nrf__ext__cjson.a(cJSON.c.obj)
                0x00028f24                cJSON_CreateString
 .text.cJSON_CreateArray
                0x00028f54       0x18 modules/nrf/ext/cjson/lib..__nrf__ext__cjson.a(cJSON.c.obj)
                0x00028f54                cJSON_CreateArray
 .text.cJSON_CreateObject
                0x00028f6c       0x18 modules/nrf/ext/cjson/lib..__nrf__ext__cjson.a(cJSON.c.obj)
                0x00028f6c                cJSON_CreateObject
 .text.cJSON_free
                0x00028f84        0xc modules/nrf/ext/cjson/lib..__nrf__ext__cjson.a(cJSON.c.obj)
                0x00028f84                cJSON_free
 .text.cJSON_Init
                0x00028f90       0x1c modules/nrf/ext/cjson/lib..__nrf__ext__cjson.a(cJSON_os.c.obj)
                0x00028f90                cJSON_Init
 .text._nrf_modem_lib_init
                0x00028fac       0x7c modules/nrf/lib/nrf_modem_lib/lib..__nrf__lib__nrf_modem_lib.a(nrf_modem_lib.c.obj)
 .text.nrf_modem_lib_shutdown_wait
                0x00029028       0x94 modules/nrf/lib/nrf_modem_lib/lib..__nrf__lib__nrf_modem_lib.a(nrf_modem_lib.c.obj)
                0x00029028                nrf_modem_lib_shutdown_wait
 .text.nrf_modem_lib_get_init_ret
                0x000290bc        0xc modules/nrf/lib/nrf_modem_lib/lib..__nrf__lib__nrf_modem_lib.a(nrf_modem_lib.c.obj)
                0x000290bc                nrf_modem_lib_get_init_ret
 .text.thread_monitor_entry_get
                0x000290c8       0x40 modules/nrf/lib/nrf_modem_lib/lib..__nrf__lib__nrf_modem_lib.a(nrf_modem_os.c.obj)
 .text.rpc_proxy_irq_handler
                0x00029108       0x50 modules/nrf/lib/nrf_modem_lib/lib..__nrf__lib__nrf_modem_lib.a(nrf_modem_os.c.obj)
                0x00029108                rpc_proxy_irq_handler
 .text.nrf_modem_os_timedwait
                0x00029158      0x170 modules/nrf/lib/nrf_modem_lib/lib..__nrf__lib__nrf_modem_lib.a(nrf_modem_os.c.obj)
                0x00029158                nrf_modem_os_timedwait
 .text.nrf_modem_os_errno_set
                0x000292c8      0x318 modules/nrf/lib/nrf_modem_lib/lib..__nrf__lib__nrf_modem_lib.a(nrf_modem_os.c.obj)
                0x000292c8                nrf_modem_os_errno_set
 .text.nrf_modem_os_application_irq_set
                0x000295e0       0x10 modules/nrf/lib/nrf_modem_lib/lib..__nrf__lib__nrf_modem_lib.a(nrf_modem_os.c.obj)
                0x000295e0                nrf_modem_os_application_irq_set
 .text.nrf_modem_os_application_irq_clear
                0x000295f0       0x10 modules/nrf/lib/nrf_modem_lib/lib..__nrf__lib__nrf_modem_lib.a(nrf_modem_os.c.obj)
                0x000295f0                nrf_modem_os_application_irq_clear
 .text.nrf_modem_os_trace_irq_set
                0x00029600       0x10 modules/nrf/lib/nrf_modem_lib/lib..__nrf__lib__nrf_modem_lib.a(nrf_modem_os.c.obj)
                0x00029600                nrf_modem_os_trace_irq_set
 .text.nrf_modem_os_trace_irq_clear
                0x00029610       0x10 modules/nrf/lib/nrf_modem_lib/lib..__nrf__lib__nrf_modem_lib.a(nrf_modem_os.c.obj)
                0x00029610                nrf_modem_os_trace_irq_clear
 .text.nrf_modem_os_alloc
                0x00029620       0x20 modules/nrf/lib/nrf_modem_lib/lib..__nrf__lib__nrf_modem_lib.a(nrf_modem_os.c.obj)
                0x00029620                nrf_modem_os_alloc
 .text.nrf_modem_os_free
                0x00029640        0xc modules/nrf/lib/nrf_modem_lib/lib..__nrf__lib__nrf_modem_lib.a(nrf_modem_os.c.obj)
                0x00029640                nrf_modem_os_free
 .text.nrf_modem_os_shm_tx_alloc
                0x0002964c       0x20 modules/nrf/lib/nrf_modem_lib/lib..__nrf__lib__nrf_modem_lib.a(nrf_modem_os.c.obj)
                0x0002964c                nrf_modem_os_shm_tx_alloc
 .text.nrf_modem_os_shm_tx_free
                0x0002966c        0xc modules/nrf/lib/nrf_modem_lib/lib..__nrf__lib__nrf_modem_lib.a(nrf_modem_os.c.obj)
                0x0002966c                nrf_modem_os_shm_tx_free
 .text.nrf_modem_os_init
                0x00029678       0x50 modules/nrf/lib/nrf_modem_lib/lib..__nrf__lib__nrf_modem_lib.a(nrf_modem_os.c.obj)
                0x00029678                nrf_modem_os_init
 .text.z_to_nrf_optname
                0x000296c8      0x148 modules/nrf/lib/nrf_modem_lib/lib..__nrf__lib__nrf_modem_lib.a(nrf91_sockets.c.obj)
 .text.nrf91_socket_offload_ioctl
                0x00029810      0x148 modules/nrf/lib/nrf_modem_lib/lib..__nrf__lib__nrf_modem_lib.a(nrf91_sockets.c.obj)
 .text.nrf91_socket_iface_init
                0x00029958       0x18 modules/nrf/lib/nrf_modem_lib/lib..__nrf__lib__nrf_modem_lib.a(nrf91_sockets.c.obj)
 .text.nrf91_socket_offload_accept
                0x00029970       0x9c modules/nrf/lib/nrf_modem_lib/lib..__nrf__lib__nrf_modem_lib.a(nrf91_sockets.c.obj)
 .text.nrf91_socket_offload_sendmsg
                0x00029a0c      0x108 modules/nrf/lib/nrf_modem_lib/lib..__nrf__lib__nrf_modem_lib.a(nrf91_sockets.c.obj)
 .text.nrf91_socket_offload_getaddrinfo
                0x00029b14      0x204 modules/nrf/lib/nrf_modem_lib/lib..__nrf__lib__nrf_modem_lib.a(nrf91_sockets.c.obj)
 .text.nrf91_socket_create
                0x00029d18       0x74 modules/nrf/lib/nrf_modem_lib/lib..__nrf__lib__nrf_modem_lib.a(nrf91_sockets.c.obj)
 .text.z_impl_gpio_pin_interrupt_configure
                0x00029d8c      0x12c modules/nrf/lib/dk_buttons_and_leds/lib..__nrf__lib__dk_buttons_and_leds.a(dk_buttons_and_leds.c.obj)
 .text.gpio_pin_configure
                0x00029eb8       0x60 modules/nrf/lib/dk_buttons_and_leds/lib..__nrf__lib__dk_buttons_and_leds.a(dk_buttons_and_leds.c.obj)
 .text.gpio_pin_set_raw
                0x00029f18       0x58 modules/nrf/lib/dk_buttons_and_leds/lib..__nrf__lib__dk_buttons_and_leds.a(dk_buttons_and_leds.c.obj)
 .text.dk_set_leds_state.part.0
                0x00029f70       0x70 modules/nrf/lib/dk_buttons_and_leds/lib..__nrf__lib__dk_buttons_and_leds.a(dk_buttons_and_leds.c.obj)
 .text.button_pressed
                0x00029fe0      0x118 modules/nrf/lib/dk_buttons_and_leds/lib..__nrf__lib__dk_buttons_and_leds.a(dk_buttons_and_leds.c.obj)
 .text.buttons_scan_fn
                0x0002a0f8      0x260 modules/nrf/lib/dk_buttons_and_leds/lib..__nrf__lib__dk_buttons_and_leds.a(dk_buttons_and_leds.c.obj)
 .text.dk_leds_init
                0x0002a358       0x80 modules/nrf/lib/dk_buttons_and_leds/lib..__nrf__lib__dk_buttons_and_leds.a(dk_buttons_and_leds.c.obj)
                0x0002a358                dk_leds_init
 .text.dk_read_buttons
                0x0002a3d8       0x20 modules/nrf/lib/dk_buttons_and_leds/lib..__nrf__lib__dk_buttons_and_leds.a(dk_buttons_and_leds.c.obj)
                0x0002a3d8                dk_read_buttons
 .text.dk_buttons_init
                0x0002a3f8      0x168 modules/nrf/lib/dk_buttons_and_leds/lib..__nrf__lib__dk_buttons_and_leds.a(dk_buttons_and_leds.c.obj)
                0x0002a3f8                dk_buttons_init
 .text.open_socket
                0x0002a560       0x28 modules/nrf/lib/at_cmd/lib..__nrf__lib__at_cmd.a(at_cmd.c.obj)
 .text.at_cmd_driver_init
                0x0002a588       0x88 modules/nrf/lib/at_cmd/lib..__nrf__lib__at_cmd.a(at_cmd.c.obj)
 .text.complete_cmd
                0x0002a610       0x2c modules/nrf/lib/at_cmd/lib..__nrf__lib__at_cmd.a(at_cmd.c.obj)
 .text.load_cmd_and_write
                0x0002a63c       0xfc modules/nrf/lib/at_cmd/lib..__nrf__lib__at_cmd.a(at_cmd.c.obj)
 .text.socket_thread_fn
                0x0002a738      0x26c modules/nrf/lib/at_cmd/lib..__nrf__lib__at_cmd.a(at_cmd.c.obj)
 .text.at_cmd_write
                0x0002a9a4      0x134 modules/nrf/lib/at_cmd/lib..__nrf__lib__at_cmd.a(at_cmd.c.obj)
                0x0002a9a4                at_cmd_write
 .text.at_cmd_set_notification_handler
                0x0002aad8       0x38 modules/nrf/lib/at_cmd/lib..__nrf__lib__at_cmd.a(at_cmd.c.obj)
                0x0002aad8                at_cmd_set_notification_handler
 .text.find_node
                0x0002ab10       0x44 modules/nrf/lib/at_notif/lib..__nrf__lib__at_notif.a(at_notif.c.obj)
 .text.module_init
                0x0002ab54       0x4c modules/nrf/lib/at_notif/lib..__nrf__lib__at_notif.a(at_notif.c.obj)
 .text.k_mutex_unlock.constprop.0
                0x0002aba0        0xc modules/nrf/lib/at_notif/lib..__nrf__lib__at_notif.a(at_notif.c.obj)
 .text.notif_dispatch
                0x0002abac       0x4c modules/nrf/lib/at_notif/lib..__nrf__lib__at_notif.a(at_notif.c.obj)
 .text.at_notif_register_handler
                0x0002abf8       0x98 modules/nrf/lib/at_notif/lib..__nrf__lib__at_notif.a(at_notif.c.obj)
                0x0002abf8                at_notif_register_handler
 .text.at_notif_deregister_handler
                0x0002ac90       0xa4 modules/nrf/lib/at_notif/lib..__nrf__lib__at_notif.a(at_notif.c.obj)
                0x0002ac90                at_notif_deregister_handler
 .text.write_uart_string
                0x0002ad34       0x1c modules/nrf/lib/at_host/lib..__nrf__lib__at_host.a(at_host.c.obj)
 .text.cmd_send
                0x0002ad50       0xac modules/nrf/lib/at_host/lib..__nrf__lib__at_host.a(at_host.c.obj)
 .text.isr      0x0002adfc      0x160 modules/nrf/lib/at_host/lib..__nrf__lib__at_host.a(at_host.c.obj)
 .text.at_host_init
                0x0002af5c      0x164 modules/nrf/lib/at_host/lib..__nrf__lib__at_host.a(at_host.c.obj)
 .text.is_valid_notification_char
                0x0002b0c0       0x20 modules/nrf/lib/at_cmd_parser/lib..__nrf__lib__at_cmd_parser.a(at_cmd_parser.c.obj)
 .text.at_parse_process_element
                0x0002b0e0      0x1d0 modules/nrf/lib/at_cmd_parser/lib..__nrf__lib__at_cmd_parser.a(at_cmd_parser.c.obj)
 .text.is_command
                0x0002b2b0       0x60 modules/nrf/lib/at_cmd_parser/lib..__nrf__lib__at_cmd_parser.a(at_cmd_parser.c.obj)
 .text.at_parse_detect_type
                0x0002b310      0x1a8 modules/nrf/lib/at_cmd_parser/lib..__nrf__lib__at_cmd_parser.a(at_cmd_parser.c.obj)
 .text.at_parser_max_params_from_str
                0x0002b4b8      0x12c modules/nrf/lib/at_cmd_parser/lib..__nrf__lib__at_cmd_parser.a(at_cmd_parser.c.obj)
                0x0002b4b8                at_parser_max_params_from_str
 .text.at_params_get
                0x0002b5e4       0x44 modules/nrf/lib/at_cmd_parser/lib..__nrf__lib__at_cmd_parser.a(at_params.c.obj)
 .text.at_param_size
                0x0002b628       0x50 modules/nrf/lib/at_cmd_parser/lib..__nrf__lib__at_cmd_parser.a(at_params.c.obj)
 .text.at_param_clear
                0x0002b678       0x44 modules/nrf/lib/at_cmd_parser/lib..__nrf__lib__at_cmd_parser.a(at_params.c.obj)
 .text.at_params_list_clear
                0x0002b6bc       0x70 modules/nrf/lib/at_cmd_parser/lib..__nrf__lib__at_cmd_parser.a(at_params.c.obj)
                0x0002b6bc                at_params_list_clear
 .text.parse_psm_cfg
                0x0002b72c      0x120 modules/nrf/lib/lte_link_control/lib..__nrf__lib__lte_link_control.a(lte_lc.c.obj)
 .text.lte_lc_register_handler
                0x0002b84c       0x58 modules/nrf/lib/lte_link_control/lib..__nrf__lib__lte_link_control.a(lte_lc.c.obj)
                0x0002b84c                lte_lc_register_handler
 .text.lte_lc_offline
                0x0002b8a4       0x1c modules/nrf/lib/lte_link_control/lib..__nrf__lib__lte_link_control.a(lte_lc.c.obj)
                0x0002b8a4                lte_lc_offline
 .text.lte_lc_power_off
                0x0002b8c0       0x1c modules/nrf/lib/lte_link_control/lib..__nrf__lib__lte_link_control.a(lte_lc.c.obj)
                0x0002b8c0                lte_lc_power_off
 .text.lte_lc_deinit
                0x0002b8dc       0x24 modules/nrf/lib/lte_link_control/lib..__nrf__lib__lte_link_control.a(lte_lc.c.obj)
                0x0002b8dc                lte_lc_deinit
 .text.lte_lc_normal
                0x0002b900       0x1c modules/nrf/lib/lte_link_control/lib..__nrf__lib__lte_link_control.a(lte_lc.c.obj)
                0x0002b900                lte_lc_normal
 .text.lte_lc_psm_req
                0x0002b91c       0x9c modules/nrf/lib/lte_link_control/lib..__nrf__lib__lte_link_control.a(lte_lc.c.obj)
                0x0002b91c                lte_lc_psm_req
 .text.lte_lc_system_mode_set
                0x0002b9b8       0xb4 modules/nrf/lib/lte_link_control/lib..__nrf__lib__lte_link_control.a(lte_lc.c.obj)
                0x0002b9b8                lte_lc_system_mode_set
 .text.w_lte_lc_connect
                0x0002ba6c       0xb4 modules/nrf/lib/lte_link_control/lib..__nrf__lib__lte_link_control.a(lte_lc.c.obj)
 .text.lte_lc_system_mode_get
                0x0002bb20      0x1bc modules/nrf/lib/lte_link_control/lib..__nrf__lib__lte_link_control.a(lte_lc.c.obj)
                0x0002bb20                lte_lc_system_mode_get
 .text.w_lte_lc_init
                0x0002bcdc      0x198 modules/nrf/lib/lte_link_control/lib..__nrf__lib__lte_link_control.a(lte_lc.c.obj)
 .text.lte_lc_func_mode_get
                0x0002be74      0x13c modules/nrf/lib/lte_link_control/lib..__nrf__lib__lte_link_control.a(lte_lc.c.obj)
                0x0002be74                lte_lc_func_mode_get
 .text.modem_info_parse.isra.0
                0x0002bfb0       0x30 modules/nrf/lib/modem_info/lib..__nrf__lib__modem_info.a(modem_info.c.obj)
 .text.modem_info_rsrp_subscribe_handler
                0x0002bfe0       0x94 modules/nrf/lib/modem_info/lib..__nrf__lib__modem_info.a(modem_info.c.obj)
 .text.modem_info_type_get
                0x0002c074       0x14 modules/nrf/lib/modem_info/lib..__nrf__lib__modem_info.a(modem_info.c.obj)
                0x0002c074                modem_info_type_get
 .text.modem_info_name_get
                0x0002c088       0x30 modules/nrf/lib/modem_info/lib..__nrf__lib__modem_info.a(modem_info.c.obj)
                0x0002c088                modem_info_name_get
 .text.modem_info_short_get
                0x0002c0b8       0x68 modules/nrf/lib/modem_info/lib..__nrf__lib__modem_info.a(modem_info.c.obj)
                0x0002c0b8                modem_info_short_get
 .text.modem_info_string_get
                0x0002c120      0x224 modules/nrf/lib/modem_info/lib..__nrf__lib__modem_info.a(modem_info.c.obj)
                0x0002c120                modem_info_string_get
 .text.modem_info_rsrp_register
                0x0002c344       0x5c modules/nrf/lib/modem_info/lib..__nrf__lib__modem_info.a(modem_info.c.obj)
                0x0002c344                modem_info_rsrp_register
 .text.modem_info_init
                0x0002c3a0        0xc modules/nrf/lib/modem_info/lib..__nrf__lib__modem_info.a(modem_info.c.obj)
                0x0002c3a0                modem_info_init
 .text.modem_data_get
                0x0002c3ac       0x7c modules/nrf/lib/modem_info/lib..__nrf__lib__modem_info.a(modem_info_params.c.obj)
 .text.modem_info_params_init
                0x0002c428       0xa4 modules/nrf/lib/modem_info/lib..__nrf__lib__modem_info.a(modem_info_params.c.obj)
                0x0002c428                modem_info_params_init
 .text.modem_info_params_get
                0x0002c4cc      0x1b4 modules/nrf/lib/modem_info/lib..__nrf__lib__modem_info.a(modem_info_params.c.obj)
                0x0002c4cc                modem_info_params_get
 .text.network_data_add
                0x0002c680       0xf8 modules/nrf/lib/modem_info/lib..__nrf__lib__modem_info.a(modem_info_json.c.obj)
 .text.device_data_add
                0x0002c778       0x6c modules/nrf/lib/modem_info/lib..__nrf__lib__modem_info.a(modem_info_json.c.obj)
 .text.modem_info_json_object_encode
                0x0002c7e4       0xc0 modules/nrf/lib/modem_info/lib..__nrf__lib__modem_info.a(modem_info_json.c.obj)
                0x0002c7e4                modem_info_json_object_encode
 .text.date_time_notify_event.constprop.0
                0x0002c8a4       0x14 modules/nrf/lib/date_time/lib..__nrf__lib__date_time.a(date_time.c.obj)
 .text.new_date_time_get
                0x0002c8b8      0x224 modules/nrf/lib/date_time/lib..__nrf__lib__date_time.a(date_time.c.obj)
 .text.date_time_init
                0x0002cadc       0x30 modules/nrf/lib/date_time/lib..__nrf__lib__date_time.a(date_time.c.obj)
 .text.date_time_handler
                0x0002cb0c       0x28 modules/nrf/lib/date_time/lib..__nrf__lib__date_time.a(date_time.c.obj)
 .text.date_time_set
                0x0002cb34      0x170 modules/nrf/lib/date_time/lib..__nrf__lib__date_time.a(date_time.c.obj)
                0x0002cb34                date_time_set
 .text.date_time_uptime_to_unix_time_ms
                0x0002cca4       0xb8 modules/nrf/lib/date_time/lib..__nrf__lib__date_time.a(date_time.c.obj)
                0x0002cca4                date_time_uptime_to_unix_time_ms
 .text.date_time_update_async
                0x0002cd5c       0x1c modules/nrf/lib/date_time/lib..__nrf__lib__date_time.a(date_time.c.obj)
                0x0002cd5c                date_time_update_async
 .text.cloud_get_binding
                0x0002cd78       0x34 modules/nrf/subsys/net/lib/cloud/lib..__nrf__subsys__net__lib__cloud.a(cloud.c.obj)
                0x0002cd78                cloud_get_binding
 .text.api_uninit
                0x0002cdac       0x28 modules/nrf/subsys/net/lib/nrf_cloud/lib..__nrf__subsys__net__lib__nrf_cloud.a(nrf_cloud.c.obj)
 .text.connect_error_translate.part.0
                0x0002cdd4       0x2c modules/nrf/subsys/net/lib/nrf_cloud/lib..__nrf__subsys__net__lib__nrf_cloud.a(nrf_cloud.c.obj)
 .text.connect_error_translate
                0x0002ce00       0xb0 modules/nrf/subsys/net/lib/nrf_cloud/lib..__nrf__subsys__net__lib__nrf_cloud.a(nrf_cloud.c.obj)
 .text.api_event_handler
                0x0002ceb0      0x1b4 modules/nrf/subsys/net/lib/nrf_cloud/lib..__nrf__subsys__net__lib__nrf_cloud.a(nrf_cloud.c.obj)
 .text.nfsm_get_current_state
                0x0002d064        0xc modules/nrf/subsys/net/lib/nrf_cloud/lib..__nrf__subsys__net__lib__nrf_cloud.a(nrf_cloud.c.obj)
                0x0002d064                nfsm_get_current_state
 .text.nfsm_set_current_state_and_notify
                0x0002d070       0x78 modules/nrf/subsys/net/lib/nrf_cloud/lib..__nrf__subsys__net__lib__nrf_cloud.a(nrf_cloud.c.obj)
                0x0002d070                nfsm_set_current_state_and_notify
 .text.nfsm_get_disconnect_requested
                0x0002d0e8       0x14 modules/nrf/subsys/net/lib/nrf_cloud/lib..__nrf__subsys__net__lib__nrf_cloud.a(nrf_cloud.c.obj)
                0x0002d0e8                nfsm_get_disconnect_requested
 .text.nrf_cloud_init
                0x0002d0fc       0x40 modules/nrf/subsys/net/lib/nrf_cloud/lib..__nrf__subsys__net__lib__nrf_cloud.a(nrf_cloud.c.obj)
                0x0002d0fc                nrf_cloud_init
 .text.api_init
                0x0002d13c       0x24 modules/nrf/subsys/net/lib/nrf_cloud/lib..__nrf__subsys__net__lib__nrf_cloud.a(nrf_cloud.c.obj)
 .text.nrf_cloud_connect
                0x0002d160       0x78 modules/nrf/subsys/net/lib/nrf_cloud/lib..__nrf__subsys__net__lib__nrf_cloud.a(nrf_cloud.c.obj)
                0x0002d160                nrf_cloud_connect
 .text.nrf_cloud_disconnect
                0x0002d1d8       0x30 modules/nrf/subsys/net/lib/nrf_cloud/lib..__nrf__subsys__net__lib__nrf_cloud.a(nrf_cloud.c.obj)
                0x0002d1d8                nrf_cloud_disconnect
 .text.nrf_cloud_run
                0x0002d208      0x1a0 modules/nrf/subsys/net/lib/nrf_cloud/lib..__nrf__subsys__net__lib__nrf_cloud.a(nrf_cloud.c.obj)
                0x0002d208                nrf_cloud_run
 .text.nrf_cloud_send
                0x0002d3a8       0xc0 modules/nrf/subsys/net/lib/nrf_cloud/lib..__nrf__subsys__net__lib__nrf_cloud.a(nrf_cloud.c.obj)
                0x0002d3a8                nrf_cloud_send
 .text.api_send
                0x0002d468       0xc0 modules/nrf/subsys/net/lib/nrf_cloud/lib..__nrf__subsys__net__lib__nrf_cloud.a(nrf_cloud.c.obj)
 .text.nct_input
                0x0002d528        0xc modules/nrf/subsys/net/lib/nrf_cloud/lib..__nrf__subsys__net__lib__nrf_cloud.a(nrf_cloud.c.obj)
                0x0002d528                nct_input
 .text.nct_apply_update
                0x0002d534       0x10 modules/nrf/subsys/net/lib/nrf_cloud/lib..__nrf__subsys__net__lib__nrf_cloud.a(nrf_cloud.c.obj)
                0x0002d534                nct_apply_update
 .text.nrf_cloud_decode_desired_obj
                0x0002d544       0x24 modules/nrf/subsys/net/lib/nrf_cloud/lib..__nrf__subsys__net__lib__nrf_cloud.a(nrf_cloud_codec.c.obj)
 .text.nrf_cloud_decode_requested_state
                0x0002d568      0x18c modules/nrf/subsys/net/lib/nrf_cloud/lib..__nrf__subsys__net__lib__nrf_cloud.a(nrf_cloud_codec.c.obj)
                0x0002d568                nrf_cloud_decode_requested_state
 .text.nrf_cloud_encode_config_response
                0x0002d6f4      0x168 modules/nrf/subsys/net/lib/nrf_cloud/lib..__nrf__subsys__net__lib__nrf_cloud.a(nrf_cloud_codec.c.obj)
                0x0002d6f4                nrf_cloud_encode_config_response
 .text.nrf_cloud_decode_data_endpoint
                0x0002d85c      0x188 modules/nrf/subsys/net/lib/nrf_cloud/lib..__nrf__subsys__net__lib__nrf_cloud.a(nrf_cloud_codec.c.obj)
                0x0002d85c                nrf_cloud_decode_data_endpoint
 .text.state_ua_pin_wait
                0x0002d9e4       0x98 modules/nrf/subsys/net/lib/nrf_cloud/lib..__nrf__subsys__net__lib__nrf_cloud.a(nrf_cloud_fsm.c.obj)
 .text.cc_connection_handler
                0x0002da7c       0x50 modules/nrf/subsys/net/lib/nrf_cloud/lib..__nrf__subsys__net__lib__nrf_cloud.a(nrf_cloud_fsm.c.obj)
 .text.cc_rx_data_handler
                0x0002dacc      0x1e4 modules/nrf/subsys/net/lib/nrf_cloud/lib..__nrf__subsys__net__lib__nrf_cloud.a(nrf_cloud_fsm.c.obj)
 .text.nfsm_init
                0x0002dcb0        0xc modules/nrf/subsys/net/lib/nrf_cloud/lib..__nrf__subsys__net__lib__nrf_cloud.a(nrf_cloud_fsm.c.obj)
                0x0002dcb0                nfsm_init
 .text.nfsm_handle_incoming_event
                0x0002dcbc       0xac modules/nrf/subsys/net/lib/nrf_cloud/lib..__nrf__subsys__net__lib__nrf_cloud.a(nrf_cloud_fsm.c.obj)
                0x0002dcbc                nfsm_handle_incoming_event
 .text.cc_tx_ack_handler
                0x0002dd68       0x80 modules/nrf/subsys/net/lib/nrf_cloud/lib..__nrf__subsys__net__lib__nrf_cloud.a(nrf_cloud_fsm.c.obj)
 .text.connection_handler
                0x0002dde8       0x98 modules/nrf/subsys/net/lib/nrf_cloud/lib..__nrf__subsys__net__lib__nrf_cloud.a(nrf_cloud_fsm.c.obj)
 .text.dc_endpoint_reset
                0x0002de80       0x1c modules/nrf/subsys/net/lib/nrf_cloud/lib..__nrf__subsys__net__lib__nrf_cloud.a(nrf_cloud_transport.c.obj)
 .text.get_next_message_id
                0x0002de9c       0x24 modules/nrf/subsys/net/lib/nrf_cloud/lib..__nrf__subsys__net__lib__nrf_cloud.a(nrf_cloud_transport.c.obj)
 .text.nct_settings_set
                0x0002dec0       0x8c modules/nrf/subsys/net/lib/nrf_cloud/lib..__nrf__subsys__net__lib__nrf_cloud.a(nrf_cloud_transport.c.obj)
 .text.nrf_cloud_fota_cb_handler
                0x0002df4c       0xa4 modules/nrf/subsys/net/lib/nrf_cloud/lib..__nrf__subsys__net__lib__nrf_cloud.a(nrf_cloud_transport.c.obj)
 .text.dc_send  0x0002dff0       0x60 modules/nrf/subsys/net/lib/nrf_cloud/lib..__nrf__subsys__net__lib__nrf_cloud.a(nrf_cloud_transport.c.obj)
 .text.dc_endpoint_free
                0x0002e050       0x3c modules/nrf/subsys/net/lib/nrf_cloud/lib..__nrf__subsys__net__lib__nrf_cloud.a(nrf_cloud_transport.c.obj)
 .text.nct_mqtt_evt_handler
                0x0002e08c      0x250 modules/nrf/subsys/net/lib/nrf_cloud/lib..__nrf__subsys__net__lib__nrf_cloud.a(nrf_cloud_transport.c.obj)
 .text.nct_mqtt_connect
                0x0002e2dc      0x124 modules/nrf/subsys/net/lib/nrf_cloud/lib..__nrf__subsys__net__lib__nrf_cloud.a(nrf_cloud_transport.c.obj)
                0x0002e2dc                nct_mqtt_connect
 .text.nct_init
                0x0002e400      0x200 modules/nrf/subsys/net/lib/nrf_cloud/lib..__nrf__subsys__net__lib__nrf_cloud.a(nrf_cloud_transport.c.obj)
                0x0002e400                nct_init
 .text.nct_connect
                0x0002e600       0xd8 modules/nrf/subsys/net/lib/nrf_cloud/lib..__nrf__subsys__net__lib__nrf_cloud.a(nrf_cloud_transport.c.obj)
                0x0002e600                nct_connect
 .text.nct_cc_connect
                0x0002e6d8       0x4c modules/nrf/subsys/net/lib/nrf_cloud/lib..__nrf__subsys__net__lib__nrf_cloud.a(nrf_cloud_transport.c.obj)
                0x0002e6d8                nct_cc_connect
 .text.nct_cc_send
                0x0002e724       0xd4 modules/nrf/subsys/net/lib/nrf_cloud/lib..__nrf__subsys__net__lib__nrf_cloud.a(nrf_cloud_transport.c.obj)
                0x0002e724                nct_cc_send
 .text.nct_dc_endpoint_set
                0x0002e7f8       0x74 modules/nrf/subsys/net/lib/nrf_cloud/lib..__nrf__subsys__net__lib__nrf_cloud.a(nrf_cloud_transport.c.obj)
                0x0002e7f8                nct_dc_endpoint_set
 .text.nct_dc_endpoint_get
                0x0002e86c       0x5c modules/nrf/subsys/net/lib/nrf_cloud/lib..__nrf__subsys__net__lib__nrf_cloud.a(nrf_cloud_transport.c.obj)
                0x0002e86c                nct_dc_endpoint_get
 .text.nct_dc_connect
                0x0002e8c8       0x5c modules/nrf/subsys/net/lib/nrf_cloud/lib..__nrf__subsys__net__lib__nrf_cloud.a(nrf_cloud_transport.c.obj)
                0x0002e8c8                nct_dc_connect
 .text.nct_dc_disconnect
                0x0002e924       0x68 modules/nrf/subsys/net/lib/nrf_cloud/lib..__nrf__subsys__net__lib__nrf_cloud.a(nrf_cloud_transport.c.obj)
                0x0002e924                nct_dc_disconnect
 .text.nct_disconnect
                0x0002e98c       0x3c modules/nrf/subsys/net/lib/nrf_cloud/lib..__nrf__subsys__net__lib__nrf_cloud.a(nrf_cloud_transport.c.obj)
                0x0002e98c                nct_disconnect
 .text.nct_process
                0x0002e9c8       0x18 modules/nrf/subsys/net/lib/nrf_cloud/lib..__nrf__subsys__net__lib__nrf_cloud.a(nrf_cloud_transport.c.obj)
                0x0002e9c8                nct_process
 .text.nct_keepalive_time_left
                0x0002e9e0        0xc modules/nrf/subsys/net/lib/nrf_cloud/lib..__nrf__subsys__net__lib__nrf_cloud.a(nrf_cloud_transport.c.obj)
                0x0002e9e0                nct_keepalive_time_left
 .text.nct_socket_get
                0x0002e9ec        0xc modules/nrf/subsys/net/lib/nrf_cloud/lib..__nrf__subsys__net__lib__nrf_cloud.a(nrf_cloud_transport.c.obj)
                0x0002e9ec                nct_socket_get
 .text.send_to_modem
                0x0002e9f8       0xb0 modules/nrf/subsys/net/lib/nrf_cloud/lib..__nrf__subsys__net__lib__nrf_cloud.a(nrf_cloud_agps.c.obj)
 .text.nrf_cloud_agps_request
                0x0002eaa8      0x1ec modules/nrf/subsys/net/lib/nrf_cloud/lib..__nrf__subsys__net__lib__nrf_cloud.a(nrf_cloud_agps.c.obj)
                0x0002eaa8                nrf_cloud_agps_request
 .text.nrf_cloud_agps_process
                0x0002ec94      0x448 modules/nrf/subsys/net/lib/nrf_cloud/lib..__nrf__subsys__net__lib__nrf_cloud.a(nrf_cloud_agps.c.obj)
                0x0002ec94                nrf_cloud_agps_process
 .text.agps_print
                0x0002f0dc      0x40c modules/nrf/subsys/net/lib/nrf_cloud/lib..__nrf__subsys__net__lib__nrf_cloud.a(nrf_cloud_agps_utils.c.obj)
                0x0002f0dc                agps_print
 .text.fota_settings_set
                0x0002f4e8       0xb8 modules/nrf/subsys/net/lib/nrf_cloud/lib..__nrf__subsys__net__lib__nrf_cloud.a(nrf_cloud_fota.c.obj)
 .text.add_number_to_array
                0x0002f5a0       0x50 modules/nrf/subsys/net/lib/nrf_cloud/lib..__nrf__subsys__net__lib__nrf_cloud.a(nrf_cloud_fota.c.obj)
 .text.add_string_to_array
                0x0002f5f0       0x48 modules/nrf/subsys/net/lib/nrf_cloud/lib..__nrf__subsys__net__lib__nrf_cloud.a(nrf_cloud_fota.c.obj)
 .text.publish  0x0002f638       0x78 modules/nrf/subsys/net/lib/nrf_cloud/lib..__nrf__subsys__net__lib__nrf_cloud.a(nrf_cloud_fota.c.obj)
 .text.save_validate_status
                0x0002f6b0       0xc0 modules/nrf/subsys/net/lib/nrf_cloud/lib..__nrf__subsys__net__lib__nrf_cloud.a(nrf_cloud_fota.c.obj)
 .text.reset_topics
                0x0002f770       0x24 modules/nrf/subsys/net/lib/nrf_cloud/lib..__nrf__subsys__net__lib__nrf_cloud.a(nrf_cloud_fota.c.obj)
 .text.build_topic
                0x0002f794       0x6c modules/nrf/subsys/net/lib/nrf_cloud/lib..__nrf__subsys__net__lib__nrf_cloud.a(nrf_cloud_fota.c.obj)
 .text.get_string_from_array
                0x0002f800       0x4c modules/nrf/subsys/net/lib/nrf_cloud/lib..__nrf__subsys__net__lib__nrf_cloud.a(nrf_cloud_fota.c.obj)
 .text.get_number_from_array
                0x0002f84c       0x4c modules/nrf/subsys/net/lib/nrf_cloud/lib..__nrf__subsys__net__lib__nrf_cloud.a(nrf_cloud_fota.c.obj)
 .text.send_event.constprop.0
                0x0002f898       0x44 modules/nrf/subsys/net/lib/nrf_cloud/lib..__nrf__subsys__net__lib__nrf_cloud.a(nrf_cloud_fota.c.obj)
 .text.cleanup_job.constprop.0
                0x0002f8dc       0x60 modules/nrf/subsys/net/lib/nrf_cloud/lib..__nrf__subsys__net__lib__nrf_cloud.a(nrf_cloud_fota.c.obj)
 .text.send_job_update
                0x0002f93c       0xf4 modules/nrf/subsys/net/lib/nrf_cloud/lib..__nrf__subsys__net__lib__nrf_cloud.a(nrf_cloud_fota.c.obj)
 .text.http_fota_handler
                0x0002fa30      0x150 modules/nrf/subsys/net/lib/nrf_cloud/lib..__nrf__subsys__net__lib__nrf_cloud.a(nrf_cloud_fota.c.obj)
 .text.nrf_cloud_fota_init
                0x0002fb80      0x1ac modules/nrf/subsys/net/lib/nrf_cloud/lib..__nrf__subsys__net__lib__nrf_cloud.a(nrf_cloud_fota.c.obj)
                0x0002fb80                nrf_cloud_fota_init
 .text.nrf_cloud_fota_endpoint_set
                0x0002fd2c       0x78 modules/nrf/subsys/net/lib/nrf_cloud/lib..__nrf__subsys__net__lib__nrf_cloud.a(nrf_cloud_fota.c.obj)
                0x0002fd2c                nrf_cloud_fota_endpoint_set
 .text.nrf_cloud_fota_endpoint_set_and_report
                0x0002fda4       0xb8 modules/nrf/subsys/net/lib/nrf_cloud/lib..__nrf__subsys__net__lib__nrf_cloud.a(nrf_cloud_fota.c.obj)
                0x0002fda4                nrf_cloud_fota_endpoint_set_and_report
 .text.nrf_cloud_fota_endpoint_clear
                0x0002fe5c       0x10 modules/nrf/subsys/net/lib/nrf_cloud/lib..__nrf__subsys__net__lib__nrf_cloud.a(nrf_cloud_fota.c.obj)
                0x0002fe5c                nrf_cloud_fota_endpoint_clear
 .text.nrf_cloud_fota_subscribe
                0x0002fe6c       0x78 modules/nrf/subsys/net/lib/nrf_cloud/lib..__nrf__subsys__net__lib__nrf_cloud.a(nrf_cloud_fota.c.obj)
                0x0002fe6c                nrf_cloud_fota_subscribe
 .text.nrf_cloud_fota_unsubscribe
                0x0002fee4       0x3c modules/nrf/subsys/net/lib/nrf_cloud/lib..__nrf__subsys__net__lib__nrf_cloud.a(nrf_cloud_fota.c.obj)
                0x0002fee4                nrf_cloud_fota_unsubscribe
 .text.nrf_cloud_fota_update_check
                0x0002ff20       0x50 modules/nrf/subsys/net/lib/nrf_cloud/lib..__nrf__subsys__net__lib__nrf_cloud.a(nrf_cloud_fota.c.obj)
                0x0002ff20                nrf_cloud_fota_update_check
 .text.nrf_cloud_fota_mqtt_evt_handler
                0x0002ff70      0x41c modules/nrf/subsys/net/lib/nrf_cloud/lib..__nrf__subsys__net__lib__nrf_cloud.a(nrf_cloud_fota.c.obj)
                0x0002ff70                nrf_cloud_fota_mqtt_evt_handler
 .text.fragment_evt_send
                0x0003038c       0x5c modules/nrf/subsys/net/lib/download_client/lib..__nrf__subsys__net__lib__download_client.a(download_client.c.obj)
 .text.download_client_init
                0x000303e8       0x5c modules/nrf/subsys/net/lib/download_client/lib..__nrf__subsys__net__lib__download_client.a(download_client.c.obj)
                0x000303e8                download_client_init
 .text.download_client_connect
                0x00030444      0x4d0 modules/nrf/subsys/net/lib/download_client/lib..__nrf__subsys__net__lib__download_client.a(download_client.c.obj)
                0x00030444                download_client_connect
 .text.download_client_disconnect
                0x00030914       0x54 modules/nrf/subsys/net/lib/download_client/lib..__nrf__subsys__net__lib__download_client.a(download_client.c.obj)
                0x00030914                download_client_disconnect
 .text.reconnect
                0x00030968       0x40 modules/nrf/subsys/net/lib/download_client/lib..__nrf__subsys__net__lib__download_client.a(download_client.c.obj)
 .text.download_thread
                0x000309a8      0x248 modules/nrf/subsys/net/lib/download_client/lib..__nrf__subsys__net__lib__download_client.a(download_client.c.obj)
                0x000309a8                download_thread
 .text.download_client_start
                0x00030bf0       0x74 modules/nrf/subsys/net/lib/download_client/lib..__nrf__subsys__net__lib__download_client.a(download_client.c.obj)
                0x00030bf0                download_client_start
 .text.url_parse_proto
                0x00030c64       0x6c modules/nrf/subsys/net/lib/download_client/lib..__nrf__subsys__net__lib__download_client.a(parse.c.obj)
                0x00030c64                url_parse_proto
 .text.url_parse_host
                0x00030cd0       0x70 modules/nrf/subsys/net/lib/download_client/lib..__nrf__subsys__net__lib__download_client.a(parse.c.obj)
                0x00030cd0                url_parse_host
 .text.url_parse_port
                0x00030d40       0x80 modules/nrf/subsys/net/lib/download_client/lib..__nrf__subsys__net__lib__download_client.a(parse.c.obj)
                0x00030d40                url_parse_port
 .text.url_parse_file
                0x00030dc0       0x68 modules/nrf/subsys/net/lib/download_client/lib..__nrf__subsys__net__lib__download_client.a(parse.c.obj)
                0x00030dc0                url_parse_file
 .text.http_get_request_send
                0x00030e28       0xe0 modules/nrf/subsys/net/lib/download_client/lib..__nrf__subsys__net__lib__download_client.a(http.c.obj)
                0x00030e28                http_get_request_send
 .text.http_parse
                0x00030f08      0x17c modules/nrf/subsys/net/lib/download_client/lib..__nrf__subsys__net__lib__download_client.a(http.c.obj)
                0x00030f08                http_parse
 .text.download_with_offset
                0x00031084       0x84 modules/nrf/subsys/net/lib/fota_download/lib..__nrf__subsys__net__lib__fota_download.a(fota_download.c.obj)
 .text.send_error_evt
                0x00031108       0x24 modules/nrf/subsys/net/lib/fota_download/lib..__nrf__subsys__net__lib__fota_download.a(fota_download.c.obj)
 .text.download_client_callback
                0x0003112c      0x254 modules/nrf/subsys/net/lib/fota_download/lib..__nrf__subsys__net__lib__fota_download.a(fota_download.c.obj)
 .text.dfu_target_callback_handler
                0x00031380       0x38 modules/nrf/subsys/net/lib/fota_download/lib..__nrf__subsys__net__lib__fota_download.a(fota_download.c.obj)
 .text.fota_download_start
                0x000313b8       0x70 modules/nrf/subsys/net/lib/fota_download/lib..__nrf__subsys__net__lib__fota_download.a(fota_download.c.obj)
                0x000313b8                fota_download_start
 .text.fota_download_init
                0x00031428       0x7c modules/nrf/subsys/net/lib/fota_download/lib..__nrf__subsys__net__lib__fota_download.a(fota_download.c.obj)
                0x00031428                fota_download_init
 .text.dfu_target_img_type
                0x000314a4       0x4c modules/nrf/subsys/dfu/dfu_target/lib..__nrf__subsys__dfu__dfu_target.a(dfu_target.c.obj)
                0x000314a4                dfu_target_img_type
 .text.dfu_target_init
                0x000314f0       0x64 modules/nrf/subsys/dfu/dfu_target/lib..__nrf__subsys__dfu__dfu_target.a(dfu_target.c.obj)
                0x000314f0                dfu_target_init
 .text.dfu_target_offset_get
                0x00031554       0x14 modules/nrf/subsys/dfu/dfu_target/lib..__nrf__subsys__dfu__dfu_target.a(dfu_target.c.obj)
                0x00031554                dfu_target_offset_get
 .text.dfu_target_write
                0x00031568       0x18 modules/nrf/subsys/dfu/dfu_target/lib..__nrf__subsys__dfu__dfu_target.a(dfu_target.c.obj)
                0x00031568                dfu_target_write
 .text.dfu_target_done
                0x00031580       0x48 modules/nrf/subsys/dfu/dfu_target/lib..__nrf__subsys__dfu__dfu_target.a(dfu_target.c.obj)
                0x00031580                dfu_target_done
 .text.dfu_target_reset
                0x000315c8       0x40 modules/nrf/subsys/dfu/dfu_target/lib..__nrf__subsys__dfu__dfu_target.a(dfu_target.c.obj)
                0x000315c8                dfu_target_reset
 .text.dfu_target_stream_get_stream
                0x00031608        0x8 modules/nrf/subsys/dfu/dfu_target/lib..__nrf__subsys__dfu__dfu_target.a(dfu_target_stream.c.obj)
                0x00031608                dfu_target_stream_get_stream
 .text.dfu_target_stream_init
                0x00031610       0x6c modules/nrf/subsys/dfu/dfu_target/lib..__nrf__subsys__dfu__dfu_target.a(dfu_target_stream.c.obj)
                0x00031610                dfu_target_stream_init
 .text.dfu_target_stream_offset_get
                0x0003167c       0x14 modules/nrf/subsys/dfu/dfu_target/lib..__nrf__subsys__dfu__dfu_target.a(dfu_target_stream.c.obj)
                0x0003167c                dfu_target_stream_offset_get
 .text.dfu_target_stream_write
                0x00031690       0x3c modules/nrf/subsys/dfu/dfu_target/lib..__nrf__subsys__dfu__dfu_target.a(dfu_target_stream.c.obj)
                0x00031690                dfu_target_stream_write
 .text.dfu_target_stream_done
                0x000316cc       0x4c modules/nrf/subsys/dfu/dfu_target/lib..__nrf__subsys__dfu__dfu_target.a(dfu_target_stream.c.obj)
                0x000316cc                dfu_target_stream_done
 .text.get_modem_error
                0x00031718       0x54 modules/nrf/subsys/dfu/dfu_target/lib..__nrf__subsys__dfu__dfu_target.a(dfu_target_modem_delta.c.obj)
 .text.delete_banked_modem_delta_fw
                0x0003176c       0xe8 modules/nrf/subsys/dfu/dfu_target/lib..__nrf__subsys__dfu__dfu_target.a(dfu_target_modem_delta.c.obj)
 .text.dfu_target_modem_delta_identify
                0x00031854       0x10 modules/nrf/subsys/dfu/dfu_target/lib..__nrf__subsys__dfu__dfu_target.a(dfu_target_modem_delta.c.obj)
                0x00031854                dfu_target_modem_delta_identify
 .text.dfu_target_modem_delta_init
                0x00031864      0x1bc modules/nrf/subsys/dfu/dfu_target/lib..__nrf__subsys__dfu__dfu_target.a(dfu_target_modem_delta.c.obj)
                0x00031864                dfu_target_modem_delta_init
 .text.dfu_target_modem_delta_offset_get
                0x00031a20       0x10 modules/nrf/subsys/dfu/dfu_target/lib..__nrf__subsys__dfu__dfu_target.a(dfu_target_modem_delta.c.obj)
                0x00031a20                dfu_target_modem_delta_offset_get
 .text.dfu_target_modem_delta_write
                0x00031a30       0xb4 modules/nrf/subsys/dfu/dfu_target/lib..__nrf__subsys__dfu__dfu_target.a(dfu_target_modem_delta.c.obj)
                0x00031a30                dfu_target_modem_delta_write
 .text.dfu_target_modem_delta_done
                0x00031ae4       0x94 modules/nrf/subsys/dfu/dfu_target/lib..__nrf__subsys__dfu__dfu_target.a(dfu_target_modem_delta.c.obj)
                0x00031ae4                dfu_target_modem_delta_done
 .text.dfu_target_mcuboot_identify
                0x00031b78       0x10 modules/nrf/subsys/dfu/dfu_target/lib..__nrf__subsys__dfu__dfu_target.a(dfu_target_mcuboot.c.obj)
                0x00031b78                dfu_target_mcuboot_identify
 .text.dfu_target_mcuboot_set_buf
                0x00031b88       0x1c modules/nrf/subsys/dfu/dfu_target/lib..__nrf__subsys__dfu__dfu_target.a(dfu_target_mcuboot.c.obj)
                0x00031b88                dfu_target_mcuboot_set_buf
 .text.dfu_target_mcuboot_init
                0x00031ba4       0xe0 modules/nrf/subsys/dfu/dfu_target/lib..__nrf__subsys__dfu__dfu_target.a(dfu_target_mcuboot.c.obj)
                0x00031ba4                dfu_target_mcuboot_init
 .text.dfu_target_mcuboot_done
                0x00031c84       0x7c modules/nrf/subsys/dfu/dfu_target/lib..__nrf__subsys__dfu__dfu_target.a(dfu_target_mcuboot.c.obj)
                0x00031c84                dfu_target_mcuboot_done
 .text.check_ext_api_requests
                0x00031d00       0x9c modules/nrf/subsys/fw_info/lib..__nrf__subsys__fw_info.a(fw_info.c.obj)
 .text.sensor_sim_channel_get
                0x00031d9c       0x80 modules/nrf/drivers/sensor/sensor_sim/lib..__nrf__drivers__sensor__sensor_sim.a(sensor_sim.c.obj)
 .text.sensor_sim_trigger_set
                0x00031e1c       0x3c modules/nrf/drivers/sensor/sensor_sim/lib..__nrf__drivers__sensor__sensor_sim.a(sensor_sim.c.obj)
 .text.sensor_sim_init
                0x00031e58       0x44 modules/nrf/drivers/sensor/sensor_sim/lib..__nrf__drivers__sensor__sensor_sim.a(sensor_sim.c.obj)
 .text.gps_priority_set.isra.0
                0x00031e9c       0xa0 modules/nrf/drivers/gps/nrf9160_gps/lib..__nrf__drivers__gps__nrf9160_gps.a(nrf9160_gps.c.obj)
 .text.blocked_work_fn
                0x00031f3c       0x38 modules/nrf/drivers/gps/nrf9160_gps/lib..__nrf__drivers__gps__nrf9160_gps.a(nrf9160_gps.c.obj)
 .text.open_socket.isra.0
                0x00031f74       0x64 modules/nrf/drivers/gps/nrf9160_gps/lib..__nrf__drivers__gps__nrf9160_gps.a(nrf9160_gps.c.obj)
 .text.agps_write
                0x00031fd8       0x84 modules/nrf/drivers/gps/nrf9160_gps/lib..__nrf__drivers__gps__nrf9160_gps.a(nrf9160_gps.c.obj)
 .text.start    0x0003205c      0x37c modules/nrf/drivers/gps/nrf9160_gps/lib..__nrf__drivers__gps__nrf9160_gps.a(nrf9160_gps.c.obj)
 .text.init     0x000323d8      0x174 modules/nrf/drivers/gps/nrf9160_gps/lib..__nrf__drivers__gps__nrf9160_gps.a(nrf9160_gps.c.obj)
 .text.gps_thread
                0x0003254c      0x494 modules/nrf/drivers/gps/nrf9160_gps/lib..__nrf__drivers__gps__nrf9160_gps.a(nrf9160_gps.c.obj)
 .text.stop     0x000329e0       0xac modules/nrf/drivers/gps/nrf9160_gps/lib..__nrf__drivers__gps__nrf9160_gps.a(nrf9160_gps.c.obj)
 .text.boot_write_magic
                0x00032a8c       0x1c modules/mcuboot/boot/bootutil/zephyr/lib..__bootloader__mcuboot__boot__bootutil__zephyr.a(bootutil_public.c.obj)
                0x00032a8c                boot_write_magic
 .text.boot_read_swap_state
                0x00032aa8       0xa0 modules/mcuboot/boot/bootutil/zephyr/lib..__bootloader__mcuboot__boot__bootutil__zephyr.a(bootutil_public.c.obj)
                0x00032aa8                boot_read_swap_state
 .text.boot_write_swap_info
                0x00032b48       0x48 modules/mcuboot/boot/bootutil/zephyr/lib..__bootloader__mcuboot__boot__bootutil__zephyr.a(bootutil_public.c.obj)
                0x00032b48                boot_write_swap_info
 .text.boot_set_pending
                0x00032b90       0xa0 modules/mcuboot/boot/bootutil/zephyr/lib..__bootloader__mcuboot__boot__bootutil__zephyr.a(bootutil_public.c.obj)
                0x00032b90                boot_set_pending
 .text.rpc_handle_data_message
                0x00032c30       0x48 C:/Work/nrf/v1.5.1/nrfxlib/nrf_modem/lib/cortex-m33/hard-float/libmodem.a(rpc_framework.c.obj)
                0x00032c30                rpc_handle_data_message
 .text.ipc_trace_init
                0x00032c78        0xc C:/Work/nrf/v1.5.1/nrfxlib/nrf_modem/lib/cortex-m33/hard-float/libmodem.a(ipc_trace.c.obj)
                0x00032c78                ipc_trace_init
 .text.nrf_modem_os_trace_irq_handler
                0x00032c84       0x58 C:/Work/nrf/v1.5.1/nrfxlib/nrf_modem/lib/cortex-m33/hard-float/libmodem.a(ipc_trace.c.obj)
                0x00032c84                nrf_modem_os_trace_irq_handler
 .text.ipc_trace_handle
                0x00032cdc      0x128 C:/Work/nrf/v1.5.1/nrfxlib/nrf_modem/lib/cortex-m33/hard-float/libmodem.a(ipc_trace.c.obj)
                0x00032cdc                ipc_trace_handle
 .text.rpc_trace_coredump_in_progress
                0x00032e04        0xc C:/Work/nrf/v1.5.1/nrfxlib/nrf_modem/lib/cortex-m33/hard-float/libmodem.a(ipc_trace.c.obj)
                0x00032e04                rpc_trace_coredump_in_progress