Archive member included to satisfy reference by file (symbol)

app/libapp.a(main.c.obj)      (--whole-archive)
app/libapp.a(flash_map_extended.c.obj)
                              (--whole-archive)
app/libapp.a(os.c.obj)        (--whole-archive)
app/libapp.a(keys.c.obj)      (--whole-archive)
app/libapp.a(image_validate.c.obj)
                              (--whole-archive)
app/libapp.a(tlv.c.obj)       (--whole-archive)
app/libapp.a(encrypted.c.obj)
                              (--whole-archive)
app/libapp.a(image_rsa.c.obj)
                              (--whole-archive)
app/libapp.a(image_ec256.c.obj)
                              (--whole-archive)
app/libapp.a(image_ed25519.c.obj)
                              (--whole-archive)
app/libapp.a(bootutil_misc.c.obj)
                              (--whole-archive)
app/libapp.a(fault_injection_hardening.c.obj)
                              (--whole-archive)
app/libapp.a(loader.c.obj)    (--whole-archive)
app/libapp.a(swap_misc.c.obj)
                              (--whole-archive)
app/libapp.a(swap_scratch.c.obj)
                              (--whole-archive)
app/libapp.a(swap_move.c.obj)
                              (--whole-archive)
app/libapp.a(caps.c.obj)      (--whole-archive)
app/libapp.a(autogen-pubkey.c.obj)
                              (--whole-archive)
app/libapp.a(nrf_cleanup.c.obj)
                              (--whole-archive)
zephyr/libzephyr.a(cbprintf.c.obj)
                              (--whole-archive)
zephyr/libzephyr.a(crc32_sw.c.obj)
                              (--whole-archive)
zephyr/libzephyr.a(crc16_sw.c.obj)
                              (--whole-archive)
zephyr/libzephyr.a(crc8_sw.c.obj)
                              (--whole-archive)
zephyr/libzephyr.a(crc7_sw.c.obj)
                              (--whole-archive)
zephyr/libzephyr.a(dec.c.obj)
                              (--whole-archive)
zephyr/libzephyr.a(fdtable.c.obj)
                              (--whole-archive)
zephyr/libzephyr.a(hex.c.obj)
                              (--whole-archive)
zephyr/libzephyr.a(notify.c.obj)
                              (--whole-archive)
zephyr/libzephyr.a(printk.c.obj)
                              (--whole-archive)
zephyr/libzephyr.a(onoff.c.obj)
                              (--whole-archive)
zephyr/libzephyr.a(rb.c.obj)  (--whole-archive)
zephyr/libzephyr.a(sem.c.obj)
                              (--whole-archive)
zephyr/libzephyr.a(thread_entry.c.obj)
                              (--whole-archive)
zephyr/libzephyr.a(timeutil.c.obj)
                              (--whole-archive)
zephyr/libzephyr.a(work_q.c.obj)
                              (--whole-archive)
zephyr/libzephyr.a(heap.c.obj)
                              (--whole-archive)
zephyr/libzephyr.a(heap-validate.c.obj)
                              (--whole-archive)
zephyr/libzephyr.a(cbprintf_nano.c.obj)
                              (--whole-archive)
zephyr/libzephyr.a(configs.c.obj)
                              (--whole-archive)
zephyr/libzephyr.a(soc.c.obj)
                              (--whole-archive)
zephyr/libzephyr.a(power.c.obj)
                              (--whole-archive)
zephyr/libzephyr.a(validate_base_addresses.c.obj)
                              (--whole-archive)
zephyr/libzephyr.a(validate_enabled_instances.c.obj)
                              (--whole-archive)
zephyr/libzephyr.a(log_minimal.c.obj)
                              (--whole-archive)
zephyr/libzephyr.a(flash_map.c.obj)
                              (--whole-archive)
zephyr/libzephyr.a(flash_map_default.c.obj)
                              (--whole-archive)
zephyr/libzephyr.a(power.c.obj)
                              (--whole-archive)
zephyr/libzephyr.a(reboot.c.obj)
                              (--whole-archive)
zephyr/libzephyr.a(policy_residency.c.obj)
                              (--whole-archive)
zephyr/libzephyr.a(uart_console.c.obj)
                              (--whole-archive)
zephyr/libzephyr.a(clock_control_nrf.c.obj)
                              (--whole-archive)
zephyr/libzephyr.a(sys_clock_init.c.obj)
                              (--whole-archive)
zephyr/libzephyr.a(nrf_rtc_timer.c.obj)
                              (--whole-archive)
zephyr/libzephyr.a(nrf_cc3xx_platform_abort_zephyr.c.obj)
                              (--whole-archive)
zephyr/libzephyr.a(nrf_cc3xx_platform_mutex_zephyr.c.obj)
                              (--whole-archive)
zephyr/arch/common/libarch__common.a(sw_isr_common.c.obj)
                              (--whole-archive)
zephyr/arch/arch/arm/core/aarch32/libarch__arm__core__aarch32.a(swap.c.obj)
                              (--whole-archive)
zephyr/arch/arch/arm/core/aarch32/libarch__arm__core__aarch32.a(swap_helper.S.obj)
                              (--whole-archive)
zephyr/arch/arch/arm/core/aarch32/libarch__arm__core__aarch32.a(irq_manage.c.obj)
                              (--whole-archive)
[...]
Memory Configuration

Name             Origin             Length             Attributes
FLASH            0x00000000         0x0000c000         xr
SRAM             0x200144e8         0x0002bb18         xw
IDT_LIST         0x20040000         0x00000800         xw
*default*        0x00000000         0xffffffff

Linker script and memory map

LOAD zephyr/CMakeFiles/zephyr_prebuilt.dir/misc/empty_file.c.obj
                0x00000020                _region_min_align = 0x20

.rel.plt        0x00000000        0x0
 *(SORT_BY_ALIGNMENT(.rel.plt))
                [!provide]                PROVIDE (__rel_iplt_start = .)
 *(SORT_BY_ALIGNMENT(.rel.iplt))
 .rel.iplt      0x00000000        0x0 app/libapp.a(main.c.obj)
                [!provide]                PROVIDE (__rel_iplt_end = .)

.rela.plt       0x00000000        0x0
 *(SORT_BY_ALIGNMENT(.rela.plt))
                [!provide]                PROVIDE (__rela_iplt_start = .)
 *(SORT_BY_ALIGNMENT(.rela.iplt))
                [!provide]                PROVIDE (__rela_iplt_end = .)

.rel.dyn
 *(SORT_BY_ALIGNMENT(.rel.*))

.rela.dyn
 *(SORT_BY_ALIGNMENT(.rela.*))

/DISCARD/
 *(SORT_BY_ALIGNMENT(.plt))
 *(SORT_BY_ALIGNMENT(.iplt))
 *(SORT_BY_ALIGNMENT(.got.plt))
 *(SORT_BY_ALIGNMENT(.igot.plt))
 *(SORT_BY_ALIGNMENT(.got))
 *(SORT_BY_ALIGNMENT(.igot))
 *(SORT_BY_ALIGNMENT(.note.GNU-stack))
                0x00000000                _image_rom_start = 0x0

rom_start       0x00000000      0x144
                0x00000000                . = 0x0
                0x00000000                . = ALIGN (0x4)
                0x00000000                . = ALIGN (0x80)
                0x00000000                . = ALIGN (0x200)
                0x00000000                _vector_start = .
 *(SORT_BY_ALIGNMENT(.exc_vector_table))
 *(SORT_BY_ALIGNMENT(.exc_vector_table.*))
 .exc_vector_table._vector_table_section
                0x00000000       0x40 zephyr/arch/arch/arm/core/aarch32/cortex_m/libarch__arm__core__aarch32__cortex_m.a(vector_table.S.obj)
                0x00000000                _vector_table
 *(SORT_BY_ALIGNMENT(.gnu.linkonce.irq_vector_table*))
 .gnu.linkonce.irq_vector_table*
                0x00000040      0x104 zephyr/arch/common/libisr_tables.a(isr_tables.c.obj)
                0x00000040                _irq_vector_table
 *(SORT_BY_ALIGNMENT(.vectors))
                0x00000144                _vector_end = .
 *(SORT_BY_ALIGNMENT(.openocd_dbg))
 *(SORT_BY_ALIGNMENT(.openocd_dbg.*))

text            0x00000144     0x7ea6
                0x00000144                _image_text_start = .
 *(SORT_BY_ALIGNMENT(.text))
 .text          0x00000144       0x30 c:/work/nrf/v1.5.1/toolchain/opt/bin/../lib/gcc/arm-none-eabi/9.2.1/thumb/v8-m.main/nofp\libgcc.a(_aeabi_uldivmod.o)
                0x00000144                __aeabi_uldivmod
 .text          0x00000174      0x2c8 c:/work/nrf/v1.5.1/toolchain/opt/bin/../lib/gcc/arm-none-eabi/9.2.1/thumb/v8-m.main/nofp\libgcc.a(_udivmoddi4.o)
                0x00000174                __udivmoddi4
 .text          0x0000043c        0x4 c:/work/nrf/v1.5.1/toolchain/opt/bin/../lib/gcc/arm-none-eabi/9.2.1/thumb/v8-m.main/nofp\libgcc.a(_dvmd_tls.o)
                0x0000043c                __aeabi_idiv0
                0x0000043c                __aeabi_ldiv0
 *(SORT_BY_ALIGNMENT(.text.*))
 .text.main     0x00000440       0xf4 app/libapp.a(main.c.obj)
                0x00000440                main
 .text.flash_device_get_binding
                0x00000534       0x18 app/libapp.a(flash_map_extended.c.obj)
                0x00000534                flash_device_get_binding
 .text.flash_device_base
                0x0000054c       0x20 app/libapp.a(flash_map_extended.c.obj)
                0x0000054c                flash_device_base
 .text.os_heap_init
                0x0000056c       0x10 app/libapp.a(os.c.obj)
                0x0000056c                os_heap_init
 .text.bootutil_img_validate
                0x0000057c      0x208 app/libapp.a(image_validate.c.obj)
                0x0000057c                bootutil_img_validate
 .text.bootutil_verify_sig
                0x00000784      0x1c8 app/libapp.a(image_rsa.c.obj)
                0x00000784                bootutil_verify_sig
 .text.boot_read_swap_size
                0x0000094c       0x80 app/libapp.a(bootutil_misc.c.obj)
                0x0000094c                boot_read_swap_size
 .text.boot_validate_slot.isra.0
                0x000009cc      0x104 app/libapp.a(loader.c.obj)
 .text.boot_swap_image
                0x00000ad0       0x7c app/libapp.a(loader.c.obj)
 .text.boot_copy_region
                0x00000b4c       0x84 app/libapp.a(loader.c.obj)
                0x00000b4c                boot_copy_region
 .text.context_boot_go
                0x00000bd0      0x248 app/libapp.a(loader.c.obj)
                0x00000bd0                context_boot_go
 .text.boot_go  0x00000e18       0x10 app/libapp.a(loader.c.obj)
                0x00000e18                boot_go
 .text.boot_read_image_header
                0x00000e28       0x9c app/libapp.a(swap_move.c.obj)
                0x00000e28                boot_read_image_header
 .text.swap_read_status_bytes
                0x00000ec4       0xc8 app/libapp.a(swap_move.c.obj)
                0x00000ec4                swap_read_status_bytes
 .text.boot_slots_compatible
                0x00000f8c       0x6c app/libapp.a(swap_move.c.obj)
                0x00000f8c                boot_slots_compatible
 .text.swap_status_source
                0x00000ff8       0xcc app/libapp.a(swap_move.c.obj)
                0x00000ff8                swap_status_source
 .text.fixup_revert
                0x000010c4       0x98 app/libapp.a(swap_move.c.obj)
                0x000010c4                fixup_revert
 .text.swap_run
                0x0000115c      0x1f8 app/libapp.a(swap_move.c.obj)
                0x0000115c                swap_run
 .text.nrf_cleanup_peripheral
                0x00001354       0x58 app/libapp.a(nrf_cleanup.c.obj)
                0x00001354                nrf_cleanup_peripheral
 .text.char_out
                0x000013ac       0x10 zephyr/libzephyr.a(printk.c.obj)
 .text.__printk_hook_install
                0x000013bc        0xc zephyr/libzephyr.a(printk.c.obj)
                0x000013bc                __printk_hook_install
 .text.vprintk  0x000013c8       0x1c zephyr/libzephyr.a(printk.c.obj)
                0x000013c8                vprintk
 .text.process_event
                0x000013e4      0x1cc zephyr/libzephyr.a(onoff.c.obj)
 .text.cbvprintf
                0x000015b0      0x2c4 zephyr/libzephyr.a(cbprintf_nano.c.obj)
                0x000015b0                cbvprintf
 .text.nordicsemi_nrf91_init
                0x00001874       0x28 zephyr/libzephyr.a(soc.c.obj)
 .text.arch_busy_wait
                0x0000189c       0x14 zephyr/libzephyr.a(soc.c.obj)
                0x0000189c                arch_busy_wait
 .text.get_flash_area_from_id
                0x000018b0       0x30 zephyr/libzephyr.a(flash_map.c.obj)
 .text.flash_area_open
                0x000018e0       0x28 zephyr/libzephyr.a(flash_map.c.obj)
                0x000018e0                flash_area_open
 .text.flash_area_get_sectors
                0x00001908       0x50 zephyr/libzephyr.a(flash_map.c.obj)
                0x00001908                flash_area_get_sectors
 .text.sys_reboot
                0x00001958       0x30 zephyr/libzephyr.a(reboot.c.obj)
                0x00001958                sys_reboot
 .text.console_out
                0x00001988       0x24 zephyr/libzephyr.a(uart_console.c.obj)
 .text.uart_console_init
                0x000019ac       0x2c zephyr/libzephyr.a(uart_console.c.obj)
 .text.onoff_stop
                0x000019d8       0x48 zephyr/libzephyr.a(clock_control_nrf.c.obj)
 .text.onoff_start
                0x00001a20       0x54 zephyr/libzephyr.a(clock_control_nrf.c.obj)
 .text.clk_init
                0x00001a74       0x60 zephyr/libzephyr.a(clock_control_nrf.c.obj)
 .text.clkstarted_handle.constprop.0
                0x00001ad4       0x34 zephyr/libzephyr.a(clock_control_nrf.c.obj)
 .text.clock_event_handler
                0x00001b08       0x1c zephyr/libzephyr.a(clock_control_nrf.c.obj)
 .text.generic_hfclk_start
                0x00001b24       0x64 zephyr/libzephyr.a(clock_control_nrf.c.obj)
 .text.generic_hfclk_stop
                0x00001b88       0x24 zephyr/libzephyr.a(clock_control_nrf.c.obj)
 .text.z_nrf_clock_control_lf_on
                0x00001bac      0x10c zephyr/libzephyr.a(clock_control_nrf.c.obj)
                0x00001bac                z_nrf_clock_control_lf_on
 .text.sys_clock_timeout_handler
                0x00001cb8       0x18 zephyr/libzephyr.a(nrf_rtc_timer.c.obj)
 .text.set_absolute_alarm
                0x00001cd0       0x98 zephyr/libzephyr.a(nrf_rtc_timer.c.obj)
 .text.rtc_nrf_isr
                0x00001d68       0x50 zephyr/libzephyr.a(nrf_rtc_timer.c.obj)
                0x00001d68                rtc_nrf_isr
 .text.z_clock_driver_init
                0x00001db8       0x54 zephyr/libzephyr.a(nrf_rtc_timer.c.obj)
                0x00001db8                z_clock_driver_init
 .text.z_clock_set_timeout
                0x00001e0c       0x64 zephyr/libzephyr.a(nrf_rtc_timer.c.obj)
                0x00001e0c                z_clock_set_timeout
 .text.z_clock_elapsed
                0x00001e70       0x34 zephyr/libzephyr.a(nrf_rtc_timer.c.obj)
                0x00001e70                z_clock_elapsed
 .text.nrf_cc3xx_platform_abort_init
                0x00001ea4        0xc zephyr/libzephyr.a(nrf_cc3xx_platform_abort_zephyr.c.obj)
                0x00001ea4                nrf_cc3xx_platform_abort_init
 .text.mutex_unlock_platform
                0x00001eb0       0x44 zephyr/libzephyr.a(nrf_cc3xx_platform_mutex_zephyr.c.obj)
 .text.mutex_free_platform
                0x00001ef4       0x48 zephyr/libzephyr.a(nrf_cc3xx_platform_mutex_zephyr.c.obj)
 .text.mutex_init_platform
                0x00001f3c       0x70 zephyr/libzephyr.a(nrf_cc3xx_platform_mutex_zephyr.c.obj)
 .text.mutex_lock_platform
                0x00001fac       0x50 zephyr/libzephyr.a(nrf_cc3xx_platform_mutex_zephyr.c.obj)
 .text.nrf_cc3xx_platform_mutex_init
                0x00001ffc       0x2c zephyr/libzephyr.a(nrf_cc3xx_platform_mutex_zephyr.c.obj)
                0x00001ffc                nrf_cc3xx_platform_mutex_init
 .text.arch_swap
                0x00002028       0x34 zephyr/arch/arch/arm/core/aarch32/libarch__arm__core__aarch32.a(swap.c.obj)
                0x00002028                arch_swap
 .text.z_arm_pendsv
                0x0000205c       0x58 zephyr/arch/arch/arm/core/aarch32/libarch__arm__core__aarch32.a(swap_helper.S.obj)
                0x0000205c                z_arm_pendsv
 .text.z_arm_svc
                0x000020b4       0x20 zephyr/arch/arch/arm/core/aarch32/libarch__arm__core__aarch32.a(swap_helper.S.obj)
                0x000020b4                z_arm_svc
 .text.arch_irq_enable
                0x000020d4       0x20 zephyr/arch/arch/arm/core/aarch32/libarch__arm__core__aarch32.a(irq_manage.c.obj)
                0x000020d4                arch_irq_enable
 .text.arch_irq_is_enabled
                0x000020f4       0x1c zephyr/arch/arch/arm/core/aarch32/libarch__arm__core__aarch32.a(irq_manage.c.obj)
                0x000020f4                arch_irq_is_enabled
 .text.z_arm_irq_priority_set
                0x00002110       0x2c zephyr/arch/arch/arm/core/aarch32/libarch__arm__core__aarch32.a(irq_manage.c.obj)
                0x00002110                z_arm_irq_priority_set
 .text.z_arm_switch_to_main_no_multithreading
                0x0000213c       0x48 zephyr/arch/arch/arm/core/aarch32/libarch__arm__core__aarch32.a(thread.c.obj)
                0x0000213c                z_arm_switch_to_main_no_multithreading
 .text.z_arm_cpu_idle_init
                0x00002184        0xc zephyr/arch/arch/arm/core/aarch32/libarch__arm__core__aarch32.a(cpu_idle.S.obj)
                0x00002184                z_arm_cpu_idle_init
 .text.arch_cpu_idle
                0x00002190       0x1c zephyr/arch/arch/arm/core/aarch32/libarch__arm__core__aarch32.a(cpu_idle.S.obj)
                0x00002190                arch_cpu_idle
 .text.arch_cpu_atomic_idle
                0x000021ac       0x14 zephyr/arch/arch/arm/core/aarch32/libarch__arm__core__aarch32.a(cpu_idle.S.obj)
                0x000021ac                arch_cpu_atomic_idle
 .text.z_arm_fatal_error
                0x000021c0       0x5c zephyr/arch/arch/arm/core/aarch32/libarch__arm__core__aarch32.a(fatal.c.obj)
                0x000021c0                z_arm_fatal_error
 .text.z_SysNmiOnReset
                0x0000221c        0x8 zephyr/arch/arch/arm/core/aarch32/libarch__arm__core__aarch32.a(nmi_on_reset.S.obj)
                0x0000221c                z_SysNmiOnReset
 .text.z_arm_prep_c
                0x00002224       0x44 zephyr/arch/arch/arm/core/aarch32/libarch__arm__core__aarch32.a(prep_c.c.obj)
                0x00002224                z_arm_prep_c
 .text._isr_wrapper
                0x00002268       0x40 zephyr/arch/arch/arm/core/aarch32/libarch__arm__core__aarch32.a(isr_wrapper.S.obj)
                0x00002268                _isr_wrapper
 .text._reset_section
                0x000022a8       0x30 zephyr/arch/arch/arm/core/aarch32/cortex_m/libarch__arm__core__aarch32__cortex_m.a(reset.S.obj)
                0x000022a8                __start
                0x000022a8                z_arm_reset
 .text.__fault  0x000022d8       0x14 zephyr/arch/arch/arm/core/aarch32/cortex_m/libarch__arm__core__aarch32__cortex_m.a(fault_s.S.obj)
                0x000022d8                z_arm_usage_fault
                0x000022d8                z_arm_mpu_fault
                0x000022d8                z_arm_exc_spurious
                0x000022d8                z_arm_debug_monitor
                0x000022d8                z_arm_hard_fault
                0x000022d8                z_arm_bus_fault
 .text.mem_manage_fault.isra.0
                0x000022ec       0xac zephyr/arch/arch/arm/core/aarch32/cortex_m/libarch__arm__core__aarch32__cortex_m.a(fault.c.obj)
 .text.bus_fault.isra.0
                0x00002398       0xb4 zephyr/arch/arch/arm/core/aarch32/cortex_m/libarch__arm__core__aarch32__cortex_m.a(fault.c.obj)
 .text.usage_fault.isra.0
                0x0000244c       0xac zephyr/arch/arch/arm/core/aarch32/cortex_m/libarch__arm__core__aarch32__cortex_m.a(fault.c.obj)
 .text.z_arm_fault
                0x000024f8      0x160 zephyr/arch/arch/arm/core/aarch32/cortex_m/libarch__arm__core__aarch32__cortex_m.a(fault.c.obj)
                0x000024f8                z_arm_fault
 .text.z_arm_fault_init
                0x00002658       0x18 zephyr/arch/arch/arm/core/aarch32/cortex_m/libarch__arm__core__aarch32__cortex_m.a(fault.c.obj)
                0x00002658                z_arm_fault_init
 .text._HandlerModeExit
                0x00002670        0x4 zephyr/arch/arch/arm/core/aarch32/cortex_m/libarch__arm__core__aarch32__cortex_m.a(exc_exit.S.obj)
                0x00002670                z_arm_int_exit
                0x00002670                z_arm_exc_exit
 .text.sys_arch_reboot
                0x00002674       0x24 zephyr/arch/arch/arm/core/aarch32/cortex_m/libarch__arm__core__aarch32__cortex_m.a(scb.c.obj)
                0x00002674                sys_arch_reboot
 .text.z_arm_interrupt_init
                0x00002698       0x18 zephyr/arch/arch/arm/core/aarch32/cortex_m/libarch__arm__core__aarch32__cortex_m.a(irq_init.c.obj)
                0x00002698                z_arm_interrupt_init
 .text.z_impl_k_thread_abort
                0x000026b0       0x44 zephyr/arch/arch/arm/core/aarch32/cortex_m/libarch__arm__core__aarch32__cortex_m.a(thread_abort.c.obj)
                0x000026b0                z_impl_k_thread_abort
 .text.z_arm_configure_static_mpu_regions
                0x000026f4       0x18 zephyr/arch/arch/arm/core/aarch32/cortex_m/mpu/libarch__arm__core__aarch32__cortex_m__mpu.a(arm_core_mpu.c.obj)
                0x000026f4                z_arm_configure_static_mpu_regions
 .text.region_init
                0x0000270c       0x30 zephyr/arch/arch/arm/core/aarch32/cortex_m/mpu/libarch__arm__core__aarch32__cortex_m__mpu.a(arm_mpu.c.obj)
 .text.mpu_configure_region
                0x0000273c       0x50 zephyr/arch/arch/arm/core/aarch32/cortex_m/mpu/libarch__arm__core__aarch32__cortex_m__mpu.a(arm_mpu.c.obj)
 .text.mpu_configure_regions_and_partition.constprop.0
                0x0000278c      0x168 zephyr/arch/arch/arm/core/aarch32/cortex_m/mpu/libarch__arm__core__aarch32__cortex_m__mpu.a(arm_mpu.c.obj)
 .text.arm_core_mpu_enable
                0x000028f4       0x14 zephyr/arch/arch/arm/core/aarch32/cortex_m/mpu/libarch__arm__core__aarch32__cortex_m__mpu.a(arm_mpu.c.obj)
                0x000028f4                arm_core_mpu_enable
 .text.arm_core_mpu_disable
                0x00002908       0x10 zephyr/arch/arch/arm/core/aarch32/cortex_m/mpu/libarch__arm__core__aarch32__cortex_m__mpu.a(arm_mpu.c.obj)
                0x00002908                arm_core_mpu_disable
 .text.arm_mpu_init
                0x00002918       0x4c zephyr/arch/arch/arm/core/aarch32/cortex_m/mpu/libarch__arm__core__aarch32__cortex_m__mpu.a(arm_mpu.c.obj)
 .text.arm_core_mpu_configure_static_mpu_regions
                0x00002964       0x14 zephyr/arch/arch/arm/core/aarch32/cortex_m/mpu/libarch__arm__core__aarch32__cortex_m__mpu.a(arm_mpu.c.obj)
                0x00002964                arm_core_mpu_configure_static_mpu_regions
 .text.__stdout_hook_install
                0x00002978        0xc zephyr/lib/libc/minimal/liblib__libc__minimal.a(stdout_console.c.obj)
                0x00002978                __stdout_hook_install
 .text.nrf_gpio_cfg_sense_set
                0x00002984       0x20 zephyr/drivers/gpio/libdrivers__gpio.a(gpio_nrfx.c.obj)
 .text.gpio_nrfx_init
                0x000029a4       0x30 zephyr/drivers/gpio/libdrivers__gpio.a(gpio_nrfx.c.obj)
 .text.gpio_nrfx_pin_interrupt_configure
                0x000029d4      0x198 zephyr/drivers/gpio/libdrivers__gpio.a(gpio_nrfx.c.obj)
 .text.gpio_nrfx_config
                0x00002b6c       0xb4 zephyr/drivers/gpio/libdrivers__gpio.a(gpio_nrfx.c.obj)
 .text.gpiote_event_handler
                0x00002c20      0x118 zephyr/drivers/gpio/libdrivers__gpio.a(gpio_nrfx.c.obj)
 .text.flash_nrf_pages_layout
                0x00002d38       0x10 zephyr/drivers/flash/libdrivers__flash.a(soc_flash_nrf.c.obj)
 .text.flash_nrf_get_parameters
                0x00002d48        0x8 zephyr/drivers/flash/libdrivers__flash.a(soc_flash_nrf.c.obj)
 .text.nrf_flash_init
                0x00002d50       0x18 zephyr/drivers/flash/libdrivers__flash.a(soc_flash_nrf.c.obj)
 .text.flash_nrf_erase
                0x00002d68       0x6c zephyr/drivers/flash/libdrivers__flash.a(soc_flash_nrf.c.obj)
 .text.flash_nrf_read
                0x00002dd4       0x3c zephyr/drivers/flash/libdrivers__flash.a(soc_flash_nrf.c.obj)
 .text.flash_nrf_write
                0x00002e10       0x70 zephyr/drivers/flash/libdrivers__flash.a(soc_flash_nrf.c.obj)
 .text.uarte_nrfx_configure
                0x00002e80      0x16c zephyr/drivers/serial/libdrivers__serial.a(uart_nrfx_uarte.c.obj)
 .text.uarte_nrfx_poll_out
                0x00002fec       0xb8 zephyr/drivers/serial/libdrivers__serial.a(uart_nrfx_uarte.c.obj)
 .text.uarte_instance_init.isra.0
                0x000030a4      0x128 zephyr/drivers/serial/libdrivers__serial.a(uart_nrfx_uarte.c.obj)
 .text.uarte_0_init
                0x000031cc       0x30 zephyr/drivers/serial/libdrivers__serial.a(uart_nrfx_uarte.c.obj)
 .text.uarte_1_init
                0x000031fc       0x30 zephyr/drivers/serial/libdrivers__serial.a(uart_nrfx_uarte.c.obj)
 .text.fprotect_area
                0x0000322c       0x3c modules/nrf/lib/fprotect/lib..__nrf__lib__fprotect.a(fprotect_spu.c.obj)
                0x0000322c                fprotect_area
 .text.k_sys_fatal_error_handler
                0x00003268       0x14 modules/nrf/lib/fatal_error/lib..__nrf__lib__fatal_error.a(fatal_error.c.obj)
                0x00003268                k_sys_fatal_error_handler
 .text.boot_write_magic
                0x0000327c       0x1c modules/mcuboot/boot/bootutil/zephyr/lib..__bootloader__mcuboot__boot__bootutil__zephyr.a(bootutil_public.c.obj)
                0x0000327c                boot_write_magic
 .text.boot_read_swap_state
                0x00003298       0xa0 modules/mcuboot/boot/bootutil/zephyr/lib..__bootloader__mcuboot__boot__bootutil__zephyr.a(bootutil_public.c.obj)
                0x00003298                boot_read_swap_state
 .text.boot_swap_type_multi
                0x00003338       0xd0 modules/mcuboot/boot/bootutil/zephyr/lib..__bootloader__mcuboot__boot__bootutil__zephyr.a(bootutil_public.c.obj)
                0x00003338                boot_swap_type_multi
 .text.nrf91_errata_14
                0x00003408       0x1c modules/hal_nordic/libmodules__hal_nordic.a(system_nrf9160.c.obj)
 .text.SystemInit
                0x00003424      0x150 modules/hal_nordic/libmodules__hal_nordic.a(system_nrf9160.c.obj)
                0x00003424                SystemInit
 .text.nrfx_clock_init
                0x00003574       0x20 modules/hal_nordic/libmodules__hal_nordic.a(nrfx_clock.c.obj)
                0x00003574                nrfx_clock_init
 .text.nrfx_clock_start
                0x00003594       0x64 modules/hal_nordic/libmodules__hal_nordic.a(nrfx_clock.c.obj)
                0x00003594                nrfx_clock_start
 .text.nrfx_clock_stop
                0x000035f8       0x84 modules/hal_nordic/libmodules__hal_nordic.a(nrfx_clock.c.obj)
                0x000035f8                nrfx_clock_stop
 .text.nrfx_power_clock_irq_handler
                0x0000367c       0x68 modules/hal_nordic/libmodules__hal_nordic.a(nrfx_clock.c.obj)
                0x0000367c                nrfx_power_clock_irq_handler
 .text.nrfx_dppi_channel_alloc
                0x000036e4       0x3c modules/hal_nordic/libmodules__hal_nordic.a(nrfx_dppi.c.obj)
                0x000036e4                nrfx_dppi_channel_alloc
 .text.nrfx_gpiote_channel_free
                0x00003720       0x44 modules/hal_nordic/libmodules__hal_nordic.a(nrfx_gpiote.c.obj)
                0x00003720                nrfx_gpiote_channel_free
 .text.nrfx_gpiote_channel_alloc
                0x00003764       0x70 modules/hal_nordic/libmodules__hal_nordic.a(nrfx_gpiote.c.obj)
                0x00003764                nrfx_gpiote_channel_alloc
 .text.nvmc_readonly_mode_set
                0x000037d4       0x14 modules/hal_nordic/libmodules__hal_nordic.a(nrfx_nvmc.c.obj)
 .text.nrfx_nvmc_page_erase
                0x000037e8       0x3c modules/hal_nordic/libmodules__hal_nordic.a(nrfx_nvmc.c.obj)
                0x000037e8                nrfx_nvmc_page_erase
 .text.nrfx_nvmc_word_write
                0x00003824       0x24 modules/hal_nordic/libmodules__hal_nordic.a(nrfx_nvmc.c.obj)
                0x00003824                nrfx_nvmc_word_write
 .text.verify_header
                0x00003848       0x40 modules/mbedtls/lib..__modules__crypto__mbedtls.a(memory_buffer_alloc.c.obj)
 .text.verify_chain
                0x00003888       0x3c modules/mbedtls/lib..__modules__crypto__mbedtls.a(memory_buffer_alloc.c.obj)
 .text.buffer_alloc_calloc
                0x000038c4      0x118 modules/mbedtls/lib..__modules__crypto__mbedtls.a(memory_buffer_alloc.c.obj)
 .text.buffer_alloc_free
                0x000039dc      0x110 modules/mbedtls/lib..__modules__crypto__mbedtls.a(memory_buffer_alloc.c.obj)
 .text.mbedtls_memory_buffer_alloc_init
                0x00003aec       0x64 modules/mbedtls/lib..__modules__crypto__mbedtls.a(memory_buffer_alloc.c.obj)
                0x00003aec                mbedtls_memory_buffer_alloc_init
 .text.mbedtls_calloc
                0x00003b50        0xc modules/mbedtls/lib..__modules__crypto__mbedtls.a(platform.c.obj)
                0x00003b50                mbedtls_calloc
 .text.mbedtls_free
                0x00003b5c        0xc modules/mbedtls/lib..__modules__crypto__mbedtls.a(platform.c.obj)
                0x00003b5c                mbedtls_free
 .text.mbedtls_platform_set_calloc_free
                0x00003b68       0x14 modules/mbedtls/lib..__modules__crypto__mbedtls.a(platform.c.obj)
                0x00003b68                mbedtls_platform_set_calloc_free
 .text.mbedtls_platform_zeroize
                0x00003b7c       0x14 modules/mbedtls/lib..__modules__crypto__mbedtls.a(platform_util.c.obj)
                0x00003b7c                mbedtls_platform_zeroize
 .text.rsa_check_context.isra.0
                0x00003b90       0xb8 modules/mbedtls/lib..__modules__crypto__mbedtls.a(rsa.c.obj)
 .text.mbedtls_rsa_check_pubkey
                0x00003c48       0x48 modules/mbedtls/lib..__modules__crypto__mbedtls.a(rsa.c.obj)
                0x00003c48                mbedtls_rsa_check_pubkey
 .text.mbedtls_rsa_public
                0x00003c90       0x7c modules/mbedtls/lib..__modules__crypto__mbedtls.a(rsa.c.obj)
                0x00003c90                mbedtls_rsa_public
 .text.mbedtls_sha256_starts_ret
                0x00003d0c       0xa4 modules/mbedtls/lib..__modules__crypto__mbedtls.a(sha256.c.obj)
                0x00003d0c                mbedtls_sha256_starts_ret
 .text.mbedtls_internal_sha256_process
                0x00003db0      0x6c0 modules/mbedtls/lib..__modules__crypto__mbedtls.a(sha256.c.obj)
                0x00003db0                mbedtls_internal_sha256_process
 .text.z_sys_init_run_level
                0x00004470       0x50 zephyr/kernel/libkernel.a(device.c.obj)
                0x00004470                z_sys_init_run_level
 .text.z_device_ready
                0x000044c0       0x2c zephyr/kernel/libkernel.a(device.c.obj)
                0x000044c0                z_device_ready
 .text.z_impl_device_get_binding
                0x000044ec       0x50 zephyr/kernel/libkernel.a(device.c.obj)
                0x000044ec                z_impl_device_get_binding
 .text.z_fatal_error
                0x0000453c       0x9c zephyr/kernel/libkernel.a(fatal.c.obj)
                0x0000453c                z_fatal_error
 .text.z_bss_zero
                0x000045d8       0x14 zephyr/kernel/libkernel.a(init.c.obj)
                0x000045d8                z_bss_zero
 .text.bg_thread_main
                0x000045ec       0x30 zephyr/kernel/libkernel.a(init.c.obj)
 .text.z_cstart
                0x0000461c       0x60 zephyr/kernel/libkernel.a(init.c.obj)
                0x0000461c                z_cstart
 .text.init_mem_slab_module
                0x0000467c       0x44 zephyr/kernel/libkernel.a(mem_slab.c.obj)
 .text.k_mem_slab_alloc
                0x000046c0       0x64 zephyr/kernel/libkernel.a(mem_slab.c.obj)
                0x000046c0                k_mem_slab_alloc
 .text.k_mem_slab_free
                0x00004724       0x54 zephyr/kernel/libkernel.a(mem_slab.c.obj)
                0x00004724                k_mem_slab_free
 .text.z_impl_k_mutex_lock
                0x00004778       0xf0 zephyr/kernel/libkernel.a(mutex.c.obj)
                0x00004778                z_impl_k_mutex_lock
 .text.z_impl_k_mutex_unlock
                0x00004868       0x88 zephyr/kernel/libkernel.a(mutex.c.obj)
                0x00004868                z_impl_k_mutex_unlock
 .text.z_reschedule
                0x000048f0       0x24 zephyr/kernel/libkernel.a(sched.c.obj)
                0x000048f0                z_reschedule
 .text.z_priq_dumb_remove
                0x00004914       0x2c zephyr/kernel/libkernel.a(sched.c.obj)
                0x00004914                z_priq_dumb_remove
 .text.update_cache
                0x00004940       0x44 zephyr/kernel/libkernel.a(sched.c.obj)
 .text.ready_thread
                0x00004984       0x70 zephyr/kernel/libkernel.a(sched.c.obj)
 .text.z_impl_k_thread_suspend
                0x000049f4       0x68 zephyr/kernel/libkernel.a(sched.c.obj)
                0x000049f4                z_impl_k_thread_suspend
 .text.z_thread_single_abort
                0x00004a5c       0xf0 zephyr/kernel/libkernel.a(sched.c.obj)
                0x00004a5c                z_thread_single_abort
 .text.unready_thread
                0x00004b4c       0x34 zephyr/kernel/libkernel.a(sched.c.obj)
 .text.pend     0x00004b80       0x4c zephyr/kernel/libkernel.a(sched.c.obj)
 .text.z_pend_curr
                0x00004bcc       0x20 zephyr/kernel/libkernel.a(sched.c.obj)
                0x00004bcc                z_pend_curr
 .text.z_set_prio
                0x00004bec       0x88 zephyr/kernel/libkernel.a(sched.c.obj)
                0x00004bec                z_set_prio
 .text.z_impl_k_sleep
                0x00004c74       0x24 zephyr/kernel/libkernel.a(sched.c.obj)
                0x00004c74                z_impl_k_sleep
 .text.z_impl_k_current_get
                0x00004c98        0xc zephyr/kernel/libkernel.a(sched.c.obj)
                0x00004c98                z_impl_k_current_get
 .text.z_self_abort
                0x00004ca4       0x28 zephyr/kernel/libkernel.a(thread_abort.c.obj)
                0x00004ca4                z_self_abort
 .text.boot_banner
                0x00004ccc       0x18 zephyr/kernel/libkernel.a(banner.c.obj)
                0x00004ccc                boot_banner
 .text.z_data_copy
                0x00004ce4       0x34 zephyr/kernel/libkernel.a(xip.c.obj)
                0x00004ce4                z_data_copy
 .text.elapsed  0x00004d18       0x14 zephyr/kernel/libkernel.a(timeout.c.obj)
 .text.remove_timeout
                0x00004d2c       0x34 zephyr/kernel/libkernel.a(timeout.c.obj)
 .text.next_timeout
                0x00004d60       0x48 zephyr/kernel/libkernel.a(timeout.c.obj)
 .text.z_add_timeout
                0x00004da8      0x110 zephyr/kernel/libkernel.a(timeout.c.obj)
                0x00004da8                z_add_timeout
 .text.z_clock_announce
                0x00004eb8       0xcc zephyr/kernel/libkernel.a(timeout.c.obj)
                0x00004eb8                z_clock_announce
 .text.statics_init
                0x00004f84       0x24 zephyr/kernel/libkernel.a(kheap.c.obj)
 .text.nrf_cc3xx_platform_init_no_rng
                0x00004fa8       0x38 C:/Work/nrf/v1.5.1/nrfxlib/crypto/nrf_cc310_platform/lib/cortex-m33/soft-float/no-interrupts/libnrf_cc310_platform_0.9.7.a(nrf_cc3xx_platform.c.obj)
                0x00004fa8                nrf_cc3xx_platform_init_no_rng
 .text.nrf_cc3xx_platform_abort
                0x00004fe0       0x24 C:/Work/nrf/v1.5.1/nrfxlib/crypto/nrf_cc310_platform/lib/cortex-m33/soft-float/no-interrupts/libnrf_cc310_platform_0.9.7.a(nrf_cc3xx_platform_abort.c.obj)
 .text.CC_PalAbort
                0x00005004       0x38 C:/Work/nrf/v1.5.1/nrfxlib/crypto/nrf_cc310_platform/lib/cortex-m33/soft-float/no-interrupts/libnrf_cc310_platform_0.9.7.a(nrf_cc3xx_platform_abort.c.obj)
                0x00005004                CC_PalAbort
 .text.nrf_cc3xx_platform_set_abort
                0x0000503c       0x10 C:/Work/nrf/v1.5.1/nrfxlib/crypto/nrf_cc310_platform/lib/cortex-m33/soft-float/no-interrupts/libnrf_cc310_platform_0.9.7.a(nrf_cc3xx_platform_abort.c.obj)
                0x0000503c                nrf_cc3xx_platform_set_abort
 .text.mutex_unlock
                0x0000504c       0x20 C:/Work/nrf/v1.5.1/nrfxlib/crypto/nrf_cc310_platform/lib/cortex-m33/soft-float/no-interrupts/libnrf_cc310_platform_0.9.7.a(nrf_cc3xx_platform_mutex.c.obj)
 .text.mutex_free
                0x0000506c       0x24 C:/Work/nrf/v1.5.1/nrfxlib/crypto/nrf_cc310_platform/lib/cortex-m33/soft-float/no-interrupts/libnrf_cc310_platform_0.9.7.a(nrf_cc3xx_platform_mutex.c.obj)
 .text.mutex_init
                0x00005090       0x20 C:/Work/nrf/v1.5.1/nrfxlib/crypto/nrf_cc310_platform/lib/cortex-m33/soft-float/no-interrupts/libnrf_cc310_platform_0.9.7.a(nrf_cc3xx_platform_mutex.c.obj)
 .text.mutex_lock
                0x000050b0       0x30 C:/Work/nrf/v1.5.1/nrfxlib/crypto/nrf_cc310_platform/lib/cortex-m33/soft-float/no-interrupts/libnrf_cc310_platform_0.9.7.a(nrf_cc3xx_platform_mutex.c.obj)
 .text.nrf_cc3xx_platform_set_mutexes
                0x000050e0       0x38 C:/Work/nrf/v1.5.1/nrfxlib/crypto/nrf_cc310_platform/lib/cortex-m33/soft-float/no-interrupts/libnrf_cc310_platform_0.9.7.a(nrf_cc3xx_platform_mutex.c.obj)
                0x000050e0                nrf_cc3xx_platform_set_mutexes
 .text.CC_LibInitNoRng
                0x00005118       0x6c C:/Work/nrf/v1.5.1/nrfxlib/crypto/nrf_cc310_platform/lib/cortex-m33/soft-float/no-interrupts/libnrf_cc310_platform_0.9.7.a(cc_lib.c.obj)
                0x00005118                CC_LibInitNoRng
 .text.CC_HalInit
                0x00005184        0x4 C:/Work/nrf/v1.5.1/nrfxlib/crypto/nrf_cc310_platform/lib/cortex-m33/soft-float/no-interrupts/libnrf_cc310_platform_0.9.7.a(cc_hal.c.obj)
                0x00005184                CC_HalInit
 .text.CC_HalTerminate
                0x00005188        0x4 C:/Work/nrf/v1.5.1/nrfxlib/crypto/nrf_cc310_platform/lib/cortex-m33/soft-float/no-interrupts/libnrf_cc310_platform_0.9.7.a(cc_hal.c.obj)
                0x00005188                CC_HalTerminate
 .text.CC_HalMaskInterrupt
                0x0000518c        0xc C:/Work/nrf/v1.5.1/nrfxlib/crypto/nrf_cc310_platform/lib/cortex-m33/soft-float/no-interrupts/libnrf_cc310_platform_0.9.7.a(cc_hal.c.obj)
                0x0000518c                CC_HalMaskInterrupt
 .text.CC_PalInit
                0x00005198       0x5c C:/Work/nrf/v1.5.1/nrfxlib/crypto/nrf_cc310_platform/lib/cortex-m33/soft-float/no-interrupts/libnrf_cc310_platform_0.9.7.a(cc_pal.c.obj)
                0x00005198                CC_PalInit
 .text.CC_PalTerminate
                0x000051f4       0x34 C:/Work/nrf/v1.5.1/nrfxlib/crypto/nrf_cc310_platform/lib/cortex-m33/soft-float/no-interrupts/libnrf_cc310_platform_0.9.7.a(cc_pal.c.obj)
                0x000051f4                CC_PalTerminate
 .text.CC_PalDmaInit
                0x00005228        0x4 C:/Work/nrf/v1.5.1/nrfxlib/crypto/nrf_cc310_platform/lib/cortex-m33/soft-float/no-interrupts/libnrf_cc310_platform_0.9.7.a(cc_pal_dma.c.obj)
                0x00005228                CC_PalDmaInit
 .text.CC_PalDmaTerminate
                0x0000522c        0x4 C:/Work/nrf/v1.5.1/nrfxlib/crypto/nrf_cc310_platform/lib/cortex-m33/soft-float/no-interrupts/libnrf_cc310_platform_0.9.7.a(cc_pal_dma.c.obj)
                0x0000522c                CC_PalDmaTerminate
 .text.CC_PalMutexCreate
                0x00005230       0x14 C:/Work/nrf/v1.5.1/nrfxlib/crypto/nrf_cc310_platform/lib/cortex-m33/soft-float/no-interrupts/libnrf_cc310_platform_0.9.7.a(cc_pal_mutex.c.obj)
                0x00005230                CC_PalMutexCreate
 .text.CC_PalMutexDestroy
                0x00005244       0x14 C:/Work/nrf/v1.5.1/nrfxlib/crypto/nrf_cc310_platform/lib/cortex-m33/soft-float/no-interrupts/libnrf_cc310_platform_0.9.7.a(cc_pal_mutex.c.obj)
                0x00005244                CC_PalMutexDestroy
 .text.CC_PalPowerSaveModeInit
                0x00005258       0x3c C:/Work/nrf/v1.5.1/nrfxlib/crypto/nrf_cc310_platform/lib/cortex-m33/soft-float/no-interrupts/libnrf_cc310_platform_0.9.7.a(cc_pal_pm.c.obj)
                0x00005258                CC_PalPowerSaveModeInit
 .text.CC_PalPowerSaveModeSelect
                0x00005294       0x84 C:/Work/nrf/v1.5.1/nrfxlib/crypto/nrf_cc310_platform/lib/cortex-m33/soft-float/no-interrupts/libnrf_cc310_platform_0.9.7.a(cc_pal_pm.c.obj)
                0x00005294                CC_PalPowerSaveModeSelect
 .text.flash_area_id_from_multi_image_slot
                0x00005318       0x12 app/libapp.a(flash_map_extended.c.obj)
                0x00005318                flash_area_id_from_multi_image_slot
 .text.bootutil_tlv_iter_begin
                0x0000532a       0x98 app/libapp.a(tlv.c.obj)
                0x0000532a                bootutil_tlv_iter_begin
 .text.bootutil_tlv_iter_next
                0x000053c2       0x96 app/libapp.a(tlv.c.obj)
                0x000053c2                bootutil_tlv_iter_next
 .text.boot_write_trailer
                0x00005458       0x5a app/libapp.a(bootutil_misc.c.obj)
 .text.boot_fih_memequal
                0x000054b2        0x4 app/libapp.a(bootutil_misc.c.obj)
                0x000054b2                boot_fih_memequal
 .text.boot_trailer_sz
                0x000054b6        0xa app/libapp.a(bootutil_misc.c.obj)
                0x000054b6                boot_trailer_sz
 .text.boot_status_entries
                0x000054c0       0x14 app/libapp.a(bootutil_misc.c.obj)
                0x000054c0                boot_status_entries
 .text.boot_status_off
                0x000054d4       0x16 app/libapp.a(bootutil_misc.c.obj)
                0x000054d4                boot_status_off
 .text.boot_write_copy_done
                0x000054ea       0x18 app/libapp.a(bootutil_misc.c.obj)
                0x000054ea                boot_write_copy_done
 .text.boot_write_swap_size
                0x00005502       0x1e app/libapp.a(bootutil_misc.c.obj)
                0x00005502                boot_write_swap_size
 .text.boot_read_image_size
                0x00005520       0x90 app/libapp.a(loader.c.obj)
 .text.boot_read_image_headers
                0x000055b0       0x30 app/libapp.a(loader.c.obj)
 .text.boot_read_sectors
                0x000055e0       0x3e app/libapp.a(loader.c.obj)
 .text.boot_status_reset
                0x0000561e       0x12 app/libapp.a(loader.c.obj)
                0x0000561e                boot_status_reset
 .text.boot_status_is_reset
                0x00005630       0x1a app/libapp.a(loader.c.obj)
                0x00005630                boot_status_is_reset
 .text.boot_write_status
                0x0000564a       0x64 app/libapp.a(loader.c.obj)
                0x0000564a                boot_write_status
 .text.boot_erase_region
                0x000056ae        0x4 app/libapp.a(loader.c.obj)
                0x000056ae                boot_erase_region
 .text.swap_erase_trailer_sectors
                0x000056b2       0x6a app/libapp.a(swap_misc.c.obj)
                0x000056b2                swap_erase_trailer_sectors
 .text.swap_status_init
                0x0000571c       0x3e app/libapp.a(swap_misc.c.obj)
                0x0000571c                swap_status_init
 .text.swap_read_status
                0x0000575a       0x78 app/libapp.a(swap_misc.c.obj)
                0x0000575a                swap_read_status
 .text.swap_set_copy_done
                0x000057d2       0x24 app/libapp.a(swap_misc.c.obj)
                0x000057d2                swap_set_copy_done
 .text.swap_set_image_ok
                0x000057f6       0x3c app/libapp.a(swap_misc.c.obj)
                0x000057f6                swap_set_image_ok
 .text.boot_status_internal_off
                0x00005832       0x2c app/libapp.a(swap_move.c.obj)
                0x00005832                boot_status_internal_off
 .text.sys_notify_validate
                0x0000585e       0x22 zephyr/libzephyr.a(notify.c.obj)
                0x0000585e                sys_notify_validate
 .text.sys_notify_finalize
                0x00005880       0x1a zephyr/libzephyr.a(notify.c.obj)
                0x00005880                sys_notify_finalize
 .text.arch_printk_char_out
                0x0000589a        0x4 zephyr/libzephyr.a(printk.c.obj)
                0x0000589a                arch_printk_char_out
 .text.printk   0x0000589e       0x1a zephyr/libzephyr.a(printk.c.obj)
                0x0000589e                printk
 .text.process_recheck
                0x000058b8       0x38 zephyr/libzephyr.a(onoff.c.obj)
 .text.notify_one
                0x000058f0       0x2c zephyr/libzephyr.a(onoff.c.obj)
 .text.transition_complete
                0x0000591c       0x1c zephyr/libzephyr.a(onoff.c.obj)
 .text.validate_args
                0x00005938       0x1e zephyr/libzephyr.a(onoff.c.obj)
 .text.onoff_manager_init
                0x00005956       0x26 zephyr/libzephyr.a(onoff.c.obj)
                0x00005956                onoff_manager_init
 .text.onoff_request
                0x0000597c       0x92 zephyr/libzephyr.a(onoff.c.obj)
                0x0000597c                onoff_request
 .text.chunk_field
                0x00005a0e       0x16 zephyr/libzephyr.a(heap.c.obj)
 .text.chunk_set
                0x00005a24       0x16 zephyr/libzephyr.a(heap.c.obj)
 .text.chunk_size
                0x00005a3a        0xc zephyr/libzephyr.a(heap.c.obj)
 .text.set_chunk_used
                0x00005a46       0x30 zephyr/libzephyr.a(heap.c.obj)
 .text.set_chunk_size
                0x00005a76        0x8 zephyr/libzephyr.a(heap.c.obj)
 .text.bucket_idx
                0x00005a7e       0x1a zephyr/libzephyr.a(heap.c.obj)
 .text.free_list_add
                0x00005a98       0x8a zephyr/libzephyr.a(heap.c.obj)
 .text.sys_heap_init
                0x00005b22       0xa4 zephyr/libzephyr.a(heap.c.obj)
                0x00005b22                sys_heap_init
 .text.print_digits
                0x00005bc6       0xbe zephyr/libzephyr.a(cbprintf_nano.c.obj)
 .text._ConfigAbsSyms
                0x00005c84        0x2 zephyr/libzephyr.a(configs.c.obj)
                0x00005c84                _ConfigAbsSyms
 .text.z_platform_init
                0x00005c86        0x4 zephyr/libzephyr.a(soc.c.obj)
                0x00005c86                z_platform_init
 .text.z_impl_flash_write_protection_set
                0x00005c8a        0x6 zephyr/libzephyr.a(flash_map.c.obj)
 .text.device_get_binding
                0x00005c90        0x4 zephyr/libzephyr.a(flash_map.c.obj)
 .text.get_sectors_cb
                0x00005c94       0x3c zephyr/libzephyr.a(flash_map.c.obj)
 .text.flash_area_close
                0x00005cd0        0x2 zephyr/libzephyr.a(flash_map.c.obj)
                0x00005cd0                flash_area_close
 .text.flash_area_read
                0x00005cd2       0x3a zephyr/libzephyr.a(flash_map.c.obj)
                0x00005cd2                flash_area_read
 .text.flash_area_write
                0x00005d0c       0x52 zephyr/libzephyr.a(flash_map.c.obj)
                0x00005d0c                flash_area_write
 .text.flash_area_erase
                0x00005d5e       0x4c zephyr/libzephyr.a(flash_map.c.obj)
                0x00005d5e                flash_area_erase
 .text.flash_area_align
                0x00005daa       0x12 zephyr/libzephyr.a(flash_map.c.obj)
                0x00005daa                flash_area_align
 .text.flash_area_erased_val
                0x00005dbc       0x12 zephyr/libzephyr.a(flash_map.c.obj)
                0x00005dbc                flash_area_erased_val
 .text.uart_poll_out
                0x00005dce        0x6 zephyr/libzephyr.a(uart_console.c.obj)
 .text.get_status
                0x00005dd4       0x12 zephyr/libzephyr.a(clock_control_nrf.c.obj)
 .text.set_off_state
                0x00005de6       0x32 zephyr/libzephyr.a(clock_control_nrf.c.obj)
 .text.set_starting_state
                0x00005e18       0x3c zephyr/libzephyr.a(clock_control_nrf.c.obj)
 .text.set_on_state
                0x00005e54       0x26 zephyr/libzephyr.a(clock_control_nrf.c.obj)
 .text.api_blocking_start
                0x00005e7a        0x6 zephyr/libzephyr.a(clock_control_nrf.c.obj)
 .text.onoff_started_callback
                0x00005e80       0x12 zephyr/libzephyr.a(clock_control_nrf.c.obj)
 .text.lfclk_start
                0x00005e92        0x6 zephyr/libzephyr.a(clock_control_nrf.c.obj)
 .text.lfclk_stop
                0x00005e98        0x6 zephyr/libzephyr.a(clock_control_nrf.c.obj)
 .text.api_stop
                0x00005e9e       0x28 zephyr/libzephyr.a(clock_control_nrf.c.obj)
 .text.api_start
                0x00005ec6       0x34 zephyr/libzephyr.a(clock_control_nrf.c.obj)
 .text.z_clock_isr
                0x00005efa        0x2 zephyr/libzephyr.a(sys_clock_init.c.obj)
                0x00005efa                z_clock_isr
 .text.z_clock_idle_exit
                0x00005efc        0x2 zephyr/libzephyr.a(sys_clock_init.c.obj)
                0x00005efc                z_clock_idle_exit
 .text.sys_clock_disable
                0x00005efe        0x2 zephyr/libzephyr.a(sys_clock_init.c.obj)
                0x00005efe                sys_clock_disable
 .text.abort_function
                0x00005f00        0x6 zephyr/libzephyr.a(nrf_cc3xx_platform_abort_zephyr.c.obj)
 .text.z_irq_spurious
                0x00005f06        0x8 zephyr/arch/arch/arm/core/aarch32/libarch__arm__core__aarch32.a(irq_manage.c.obj)
                0x00005f06                z_irq_spurious
 .text.configure_builtin_stack_guard
                0x00005f0e        0x8 zephyr/arch/arch/arm/core/aarch32/libarch__arm__core__aarch32.a(thread.c.obj)
                0x00005f0e                configure_builtin_stack_guard
 .text.z_do_kernel_oops
                0x00005f16        0x8 zephyr/arch/arch/arm/core/aarch32/libarch__arm__core__aarch32.a(fatal.c.obj)
                0x00005f16                z_do_kernel_oops
 .text.z_arm_nmi
                0x00005f1e        0xe zephyr/arch/arch/arm/core/aarch32/libarch__arm__core__aarch32.a(nmi.c.obj)
                0x00005f1e                z_arm_nmi
 .text.arm_cmse_mpu_region_get
                0x00005f2c       0x12 zephyr/arch/arch/arm/core/aarch32/cortex_m/cmse/libarch__arm__core__aarch32__cortex_m__cmse.a(arm_core_cmse.c.obj)
                0x00005f2c                arm_cmse_mpu_region_get
 .text.strcmp   0x00005f3e       0x18 zephyr/lib/libc/minimal/liblib__libc__minimal.a(string.c.obj)
                0x00005f3e                strcmp
 .text.memcmp   0x00005f56       0x20 zephyr/lib/libc/minimal/liblib__libc__minimal.a(string.c.obj)
                0x00005f56                memcmp
 .text.memcpy   0x00005f76       0x56 zephyr/lib/libc/minimal/liblib__libc__minimal.a(string.c.obj)
                0x00005f76                memcpy
 .text.memset   0x00005fcc       0x46 zephyr/lib/libc/minimal/liblib__libc__minimal.a(string.c.obj)
                0x00005fcc                memset
 .text._stdout_hook_default
                0x00006012        0x6 zephyr/lib/libc/minimal/liblib__libc__minimal.a(stdout_console.c.obj)
 .text.gpio_nrfx_port_get_raw
                0x00006018        0xc zephyr/drivers/gpio/libdrivers__gpio.a(gpio_nrfx.c.obj)
 .text.gpio_nrfx_port_set_masked_raw
                0x00006024       0x12 zephyr/drivers/gpio/libdrivers__gpio.a(gpio_nrfx.c.obj)
 .text.gpio_nrfx_port_set_bits_raw
                0x00006036        0xa zephyr/drivers/gpio/libdrivers__gpio.a(gpio_nrfx.c.obj)
 .text.gpio_nrfx_port_clear_bits_raw
                0x00006040        0xa zephyr/drivers/gpio/libdrivers__gpio.a(gpio_nrfx.c.obj)
 .text.gpio_nrfx_port_toggle_bits
                0x0000604a        0xe zephyr/drivers/gpio/libdrivers__gpio.a(gpio_nrfx.c.obj)
 .text.gpio_nrfx_manage_callback
                0x00006058       0x56 zephyr/drivers/gpio/libdrivers__gpio.a(gpio_nrfx.c.obj)
 .text.flash_nrf_write_protection
                0x000060ae        0x4 zephyr/drivers/flash/libdrivers__flash.a(soc_flash_nrf.c.obj)
 .text.is_regular_addr_valid
                0x000060b2       0x26 zephyr/drivers/flash/libdrivers__flash.a(soc_flash_nrf.c.obj)
 .text.flash_page_foreach
                0x000060d8       0x58 zephyr/drivers/flash/libdrivers__flash.a(flash_page_layout.c.obj)
                0x000060d8                flash_page_foreach
 .text.uarte_nrfx_isr_int
                0x00006130       0x7e zephyr/drivers/serial/libdrivers__serial.a(uart_nrfx_uarte.c.obj)
 .text.uarte_nrfx_config_get
                0x000061ae       0x10 zephyr/drivers/serial/libdrivers__serial.a(uart_nrfx_uarte.c.obj)
 .text.uarte_nrfx_err_check
                0x000061be        0xe zephyr/drivers/serial/libdrivers__serial.a(uart_nrfx_uarte.c.obj)
 .text.is_tx_ready
                0x000061cc       0x1e zephyr/drivers/serial/libdrivers__serial.a(uart_nrfx_uarte.c.obj)
 .text.uarte_nrfx_poll_in
                0x000061ea       0x26 zephyr/drivers/serial/libdrivers__serial.a(uart_nrfx_uarte.c.obj)
 .text.uarte_nrfx_fifo_fill
                0x00006210       0x90 zephyr/drivers/serial/libdrivers__serial.a(uart_nrfx_uarte.c.obj)
 .text.uarte_nrfx_fifo_read
                0x000062a0       0x22 zephyr/drivers/serial/libdrivers__serial.a(uart_nrfx_uarte.c.obj)
 .text.uarte_nrfx_irq_tx_enable
                0x000062c2       0x2e zephyr/drivers/serial/libdrivers__serial.a(uart_nrfx_uarte.c.obj)
 .text.uarte_nrfx_irq_tx_disable
                0x000062f0        0xa zephyr/drivers/serial/libdrivers__serial.a(uart_nrfx_uarte.c.obj)
 .text.uarte_nrfx_irq_tx_ready_complete
                0x000062fa       0x2a zephyr/drivers/serial/libdrivers__serial.a(uart_nrfx_uarte.c.obj)
 .text.uarte_nrfx_irq_rx_ready
                0x00006324       0x10 zephyr/drivers/serial/libdrivers__serial.a(uart_nrfx_uarte.c.obj)
 .text.uarte_nrfx_irq_rx_enable
                0x00006334        0xc zephyr/drivers/serial/libdrivers__serial.a(uart_nrfx_uarte.c.obj)
 .text.uarte_nrfx_irq_rx_disable
                0x00006340        0xc zephyr/drivers/serial/libdrivers__serial.a(uart_nrfx_uarte.c.obj)
 .text.uarte_nrfx_irq_err_enable
                0x0000634c        0xe zephyr/drivers/serial/libdrivers__serial.a(uart_nrfx_uarte.c.obj)
 .text.uarte_nrfx_irq_err_disable
                0x0000635a        0xe zephyr/drivers/serial/libdrivers__serial.a(uart_nrfx_uarte.c.obj)
 .text.uarte_nrfx_irq_update
                0x00006368        0x4 zephyr/drivers/serial/libdrivers__serial.a(uart_nrfx_uarte.c.obj)
 .text.uarte_nrfx_irq_callback_set
                0x0000636c        0xa zephyr/drivers/serial/libdrivers__serial.a(uart_nrfx_uarte.c.obj)
 .text.uarte_nrfx_irq_is_pending
                0x00006376       0x36 zephyr/drivers/serial/libdrivers__serial.a(uart_nrfx_uarte.c.obj)
 .text.hw_cc3xx_init
                0x000063ac       0x12 modules/nrf/drivers/hw_cc310/lib..__nrf__drivers__hw_cc310.a(hw_cc310.c.obj)
 .text.bootutil_buffer_is_erased.part.0
                0x000063be       0x22 modules/mcuboot/boot/bootutil/zephyr/lib..__bootloader__mcuboot__boot__bootutil__zephyr.a(bootutil_public.c.obj)
 .text.boot_write_trailer.constprop.0
                0x000063e0       0x58 modules/mcuboot/boot/bootutil/zephyr/lib..__bootloader__mcuboot__boot__bootutil__zephyr.a(bootutil_public.c.obj)
 .text.boot_swap_info_off
                0x00006438        0x6 modules/mcuboot/boot/bootutil/zephyr/lib..__bootloader__mcuboot__boot__bootutil__zephyr.a(bootutil_public.c.obj)
                0x00006438                boot_swap_info_off
 .text.boot_magic_compatible_check
                0x0000643e       0x1c modules/mcuboot/boot/bootutil/zephyr/lib..__bootloader__mcuboot__boot__bootutil__zephyr.a(bootutil_public.c.obj)
                0x0000643e                boot_magic_compatible_check
 .text.bootutil_buffer_is_erased
                0x0000645a        0xc modules/mcuboot/boot/bootutil/zephyr/lib..__bootloader__mcuboot__boot__bootutil__zephyr.a(bootutil_public.c.obj)
                0x0000645a                bootutil_buffer_is_erased
 .text.boot_read_flag
                0x00006466       0x3a modules/mcuboot/boot/bootutil/zephyr/lib..__bootloader__mcuboot__boot__bootutil__zephyr.a(bootutil_public.c.obj)
 .text.boot_write_image_ok
                0x000064a0       0x18 modules/mcuboot/boot/bootutil/zephyr/lib..__bootloader__mcuboot__boot__bootutil__zephyr.a(bootutil_public.c.obj)
                0x000064a0                boot_write_image_ok
 .text.boot_read_image_ok
                0x000064b8        0x8 modules/mcuboot/boot/bootutil/zephyr/lib..__bootloader__mcuboot__boot__bootutil__zephyr.a(bootutil_public.c.obj)
                0x000064b8                boot_read_image_ok
 .text.boot_read_swap_state_by_id
                0x000064c0       0x28 modules/mcuboot/boot/bootutil/zephyr/lib..__bootloader__mcuboot__boot__bootutil__zephyr.a(bootutil_public.c.obj)
                0x000064c0                boot_read_swap_state_by_id
 .text.boot_write_swap_info
                0x000064e8       0x1c modules/mcuboot/boot/bootutil/zephyr/lib..__bootloader__mcuboot__boot__bootutil__zephyr.a(bootutil_public.c.obj)
                0x000064e8                boot_write_swap_info
 .text.nrfx_isr
                0x00006504        0x2 modules/hal_nordic/libmodules__hal_nordic.a(nrfx_glue.c.obj)
                0x00006504                nrfx_isr
 .text.nrfx_busy_wait
                0x00006506        0x4 modules/hal_nordic/libmodules__hal_nordic.a(nrfx_glue.c.obj)
                0x00006506                nrfx_busy_wait
 .text.nrfx_clock_enable
                0x0000650a       0x16 modules/hal_nordic/libmodules__hal_nordic.a(nrfx_clock.c.obj)
                0x0000650a                nrfx_clock_enable
 .text.nrfx_nvmc_flash_size_get
                0x00006520        0x6 modules/hal_nordic/libmodules__hal_nordic.a(nrfx_nvmc.c.obj)
                0x00006520                nrfx_nvmc_flash_size_get
 .text.nrfx_nvmc_flash_page_size_get
                0x00006526        0x6 modules/hal_nordic/libmodules__hal_nordic.a(nrfx_nvmc.c.obj)
                0x00006526                nrfx_nvmc_flash_page_size_get
 .text.nrfx_nvmc_flash_page_count_get
                0x0000652c        0x6 modules/hal_nordic/libmodules__hal_nordic.a(nrfx_nvmc.c.obj)
                0x0000652c                nrfx_nvmc_flash_page_count_get
 .text._mbedtls_init
                0x00006532        0x4 modules/mbedtls/lib..__modules__crypto__mbedtls.a(zephyr_init.c.obj)
 .text.mbedtls_asn1_get_len
                0x00006536       0x90 modules/mbedtls/lib..__modules__crypto__mbedtls.a(asn1parse.c.obj)
                0x00006536                mbedtls_asn1_get_len
 .text.mbedtls_asn1_get_tag
                0x000065c6       0x28 modules/mbedtls/lib..__modules__crypto__mbedtls.a(asn1parse.c.obj)
                0x000065c6                mbedtls_asn1_get_tag
 .text.mbedtls_asn1_get_mpi
                0x000065ee       0x26 modules/mbedtls/lib..__modules__crypto__mbedtls.a(asn1parse.c.obj)
                0x000065ee                mbedtls_asn1_get_mpi
 .text.mpi_sub_hlp
                0x00006614       0x3a modules/mbedtls/lib..__modules__crypto__mbedtls.a(bignum.c.obj)
 .text.mpi_mul_hlp
                0x0000664e      0x4ea modules/mbedtls/lib..__modules__crypto__mbedtls.a(bignum.c.obj)
 .text.mpi_bigendian_to_host.part.0
                0x00006b38       0x52 modules/mbedtls/lib..__modules__crypto__mbedtls.a(bignum.c.obj)
 .text.mpi_montmul.isra.0
                0x00006b8a       0xd4 modules/mbedtls/lib..__modules__crypto__mbedtls.a(bignum.c.obj)
 .text.mbedtls_mpi_init
                0x00006c5e        0xc modules/mbedtls/lib..__modules__crypto__mbedtls.a(bignum.c.obj)
                0x00006c5e                mbedtls_mpi_init
 .text.mbedtls_mpi_free
                0x00006c6a       0x24 modules/mbedtls/lib..__modules__crypto__mbedtls.a(bignum.c.obj)
                0x00006c6a                mbedtls_mpi_free
 .text.mbedtls_mpi_grow
                0x00006c8e       0x4c modules/mbedtls/lib..__modules__crypto__mbedtls.a(bignum.c.obj)
                0x00006c8e                mbedtls_mpi_grow
 .text.mbedtls_mpi_copy
                0x00006cda       0x58 modules/mbedtls/lib..__modules__crypto__mbedtls.a(bignum.c.obj)
                0x00006cda                mbedtls_mpi_copy
 .text.mbedtls_mpi_lset
                0x00006d32       0x38 modules/mbedtls/lib..__modules__crypto__mbedtls.a(bignum.c.obj)
                0x00006d32                mbedtls_mpi_lset
 .text.mbedtls_mpi_get_bit
                0x00006d6a       0x22 modules/mbedtls/lib..__modules__crypto__mbedtls.a(bignum.c.obj)
                0x00006d6a                mbedtls_mpi_get_bit
 .text.mbedtls_mpi_bitlen
                0x00006d8c       0x38 modules/mbedtls/lib..__modules__crypto__mbedtls.a(bignum.c.obj)
                0x00006d8c                mbedtls_mpi_bitlen
 .text.mbedtls_mpi_size
                0x00006dc4        0xc modules/mbedtls/lib..__modules__crypto__mbedtls.a(bignum.c.obj)
                0x00006dc4                mbedtls_mpi_size
 .text.mbedtls_mpi_read_binary
                0x00006dd0       0x70 modules/mbedtls/lib..__modules__crypto__mbedtls.a(bignum.c.obj)
                0x00006dd0                mbedtls_mpi_read_binary
 .text.mbedtls_mpi_write_binary
                0x00006e40       0x6e modules/mbedtls/lib..__modules__crypto__mbedtls.a(bignum.c.obj)
                0x00006e40                mbedtls_mpi_write_binary
 .text.mbedtls_mpi_shift_l
                0x00006eae       0xa0 modules/mbedtls/lib..__modules__crypto__mbedtls.a(bignum.c.obj)
                0x00006eae                mbedtls_mpi_shift_l
 .text.mbedtls_mpi_shift_r
                0x00006f4e       0x78 modules/mbedtls/lib..__modules__crypto__mbedtls.a(bignum.c.obj)
                0x00006f4e                mbedtls_mpi_shift_r
 .text.mbedtls_mpi_cmp_abs
                0x00006fc6       0x66 modules/mbedtls/lib..__modules__crypto__mbedtls.a(bignum.c.obj)
                0x00006fc6                mbedtls_mpi_cmp_abs
 .text.mbedtls_mpi_cmp_mpi
                0x0000702c       0x86 modules/mbedtls/lib..__modules__crypto__mbedtls.a(bignum.c.obj)
                0x0000702c                mbedtls_mpi_cmp_mpi
 .text.mbedtls_mpi_cmp_int
                0x000070b2       0x2c modules/mbedtls/lib..__modules__crypto__mbedtls.a(bignum.c.obj)
                0x000070b2                mbedtls_mpi_cmp_int
 .text.mbedtls_mpi_add_abs
                0x000070de       0xb2 modules/mbedtls/lib..__modules__crypto__mbedtls.a(bignum.c.obj)
                0x000070de                mbedtls_mpi_add_abs
 .text.mbedtls_mpi_sub_abs
                0x00007190       0x9c modules/mbedtls/lib..__modules__crypto__mbedtls.a(bignum.c.obj)
                0x00007190                mbedtls_mpi_sub_abs
 .text.mbedtls_mpi_add_mpi
                0x0000722c       0x44 modules/mbedtls/lib..__modules__crypto__mbedtls.a(bignum.c.obj)
                0x0000722c                mbedtls_mpi_add_mpi
 .text.mbedtls_mpi_sub_mpi
                0x00007270       0x46 modules/mbedtls/lib..__modules__crypto__mbedtls.a(bignum.c.obj)
                0x00007270                mbedtls_mpi_sub_mpi
 .text.mbedtls_mpi_mul_mpi
                0x000072b6       0xc6 modules/mbedtls/lib..__modules__crypto__mbedtls.a(bignum.c.obj)
                0x000072b6                mbedtls_mpi_mul_mpi
 .text.mbedtls_mpi_mul_int
                0x0000737c       0x1a modules/mbedtls/lib..__modules__crypto__mbedtls.a(bignum.c.obj)
                0x0000737c                mbedtls_mpi_mul_int
 .text.mbedtls_mpi_div_mpi
                0x00007396      0x35c modules/mbedtls/lib..__modules__crypto__mbedtls.a(bignum.c.obj)
                0x00007396                mbedtls_mpi_div_mpi
 .text.mbedtls_mpi_mod_mpi
                0x000076f2       0x64 modules/mbedtls/lib..__modules__crypto__mbedtls.a(bignum.c.obj)
                0x000076f2                mbedtls_mpi_mod_mpi
 .text.mbedtls_mpi_exp_mod
                0x00007756      0x3fe modules/mbedtls/lib..__modules__crypto__mbedtls.a(bignum.c.obj)
                0x00007756                mbedtls_mpi_exp_mod
 .text.platform_calloc_uninit
                0x00007b54        0x4 modules/mbedtls/lib..__modules__crypto__mbedtls.a(platform.c.obj)
 .text.platform_exit_uninit
                0x00007b58        0x2 modules/mbedtls/lib..__modules__crypto__mbedtls.a(platform.c.obj)
 .text.platform_free_uninit
                0x00007b5a        0x2 modules/mbedtls/lib..__modules__crypto__mbedtls.a(platform.c.obj)
 .text.mbedtls_rsa_import
                0x00007b5c       0x88 modules/mbedtls/lib..__modules__crypto__mbedtls.a(rsa.c.obj)
                0x00007b5c                mbedtls_rsa_import
 .text.mbedtls_rsa_init
                0x00007be4       0x16 modules/mbedtls/lib..__modules__crypto__mbedtls.a(rsa.c.obj)
                0x00007be4                mbedtls_rsa_init
 .text.mbedtls_rsa_free
                0x00007bfa       0x72 modules/mbedtls/lib..__modules__crypto__mbedtls.a(rsa.c.obj)
                0x00007bfa                mbedtls_rsa_free
 .text.mbedtls_sha256_init
                0x00007c6c        0x8 modules/mbedtls/lib..__modules__crypto__mbedtls.a(sha256.c.obj)
                0x00007c6c                mbedtls_sha256_init
 .text.mbedtls_sha256_update_ret
                0x00007c74       0x7a modules/mbedtls/lib..__modules__crypto__mbedtls.a(sha256.c.obj)
                0x00007c74                mbedtls_sha256_update_ret
 .text.mbedtls_sha256_finish_ret
                0x00007cee      0x104 modules/mbedtls/lib..__modules__crypto__mbedtls.a(sha256.c.obj)
                0x00007cee                mbedtls_sha256_finish_ret
 .text.z_pm_save_idle_exit
                0x00007df2        0x4 zephyr/kernel/libkernel.a(idle.c.obj)
                0x00007df2                z_pm_save_idle_exit
 .text.k_mem_slab_init
                0x00007df6       0x36 zephyr/kernel/libkernel.a(mem_slab.c.obj)
                0x00007df6                k_mem_slab_init
 .text.z_impl_k_mutex_init
                0x00007e2c        0xe zephyr/kernel/libkernel.a(mutex.c.obj)
                0x00007e2c                z_impl_k_mutex_init
 .text.z_reschedule_irqlock
                0x00007e3a       0x18 zephyr/kernel/libkernel.a(sched.c.obj)
                0x00007e3a                z_reschedule_irqlock
 .text.z_reschedule_unlocked
                0x00007e52       0x14 zephyr/kernel/libkernel.a(sched.c.obj)
 .text.k_sched_unlock
                0x00007e66        0x2 zephyr/kernel/libkernel.a(sched.c.obj)
                0x00007e66                k_sched_unlock
 .text.unpend_thread_no_timeout
                0x00007e68       0x18 zephyr/kernel/libkernel.a(sched.c.obj)
 .text.z_priq_dumb_best
                0x00007e80       0x14 zephyr/kernel/libkernel.a(sched.c.obj)
                0x00007e80                z_priq_dumb_best
 .text.z_ready_thread
                0x00007e94       0x20 zephyr/kernel/libkernel.a(sched.c.obj)
                0x00007e94                z_ready_thread
 .text.z_thread_timeout
                0x00007eb4       0x40 zephyr/kernel/libkernel.a(sched.c.obj)
                0x00007eb4                z_thread_timeout
 .text.add_to_waitq_locked
                0x00007ef4       0x56 zephyr/kernel/libkernel.a(sched.c.obj)
 .text.z_unpend_first_thread
                0x00007f4a       0x4a zephyr/kernel/libkernel.a(sched.c.obj)
                0x00007f4a                z_unpend_first_thread
 .text.k_is_in_isr
                0x00007f94        0xc zephyr/kernel/libkernel.a(thread.c.obj)
                0x00007f94                k_is_in_isr
 .text.z_impl_k_busy_wait
                0x00007fa0        0x8 zephyr/kernel/libkernel.a(thread.c.obj)
                0x00007fa0                z_impl_k_busy_wait
 .text.k_thread_name_get
                0x00007fa8        0x4 zephyr/kernel/libkernel.a(thread.c.obj)
                0x00007fa8                k_thread_name_get
 .text.z_abort_timeout
                0x00007fac       0x2c zephyr/kernel/libkernel.a(timeout.c.obj)
                0x00007fac                z_abort_timeout
 .text.k_heap_init
                0x00007fd8       0x10 zephyr/kernel/libkernel.a(kheap.c.obj)
                0x00007fd8                k_heap_init
 .text._OffsetAbsSyms
                0x00007fe8        0x2 zephyr/CMakeFiles/offsets.dir/./arch/arm/core/offsets/offsets.c.obj
                0x00007fe8                _OffsetAbsSyms
 *(SORT_BY_ALIGNMENT(.TEXT.*))
 *(SORT_BY_ALIGNMENT(.gnu.linkonce.t.*))
 *(SORT_BY_ALIGNMENT(.glue_7t))
 .glue_7t       0x00007fea        0x0 linker stubs
 *(SORT_BY_ALIGNMENT(.glue_7))
 .glue_7        0x00007fea        0x0 linker stubs
 *(SORT_BY_ALIGNMENT(.vfp11_veneer))
 .vfp11_veneer  0x00007fea        0x0 linker stubs
 *(SORT_BY_ALIGNMENT(.v4_bx))
 .v4_bx         0x00007fea        0x0 linker stubs
                0x00007fea                _image_text_end = .

.ARM.exidx      0x00007fec        0x8
                0x00007fec                __exidx_start = .
 *(SORT_BY_ALIGNMENT(.ARM.exidx*) SORT_BY_ALIGNMENT(gnu.linkonce.armexidx.*))
 .ARM.exidx     0x00007fec        0x8 c:/work/nrf/v1.5.1/toolchain/opt/bin/../lib/gcc/arm-none-eabi/9.2.1/thumb/v8-m.main/nofp\libgcc.a(_udivmoddi4.o)
                0x00007ff4                __exidx_end = .
                0x00007ff4                _image_rodata_start = .

initlevel       0x00007ff4       0x68
                0x00007ff4                __init_start = .
                0x00007ff4                __init_PRE_KERNEL_1_start = .
 *(SORT_BY_NAME(SORT_BY_ALIGNMENT(.init_PRE_KERNEL_1[0-9]*)))
 .init_PRE_KERNEL_10
                0x00007ff4        0x8 zephyr/libzephyr.a(soc.c.obj)
 .init_PRE_KERNEL_130
                0x00007ffc        0x8 zephyr/kernel/libkernel.a(mem_slab.c.obj)
 .init_PRE_KERNEL_130
                0x00008004        0x8 zephyr/kernel/libkernel.a(kheap.c.obj)
 .init_PRE_KERNEL_140
                0x0000800c        0x8 zephyr/arch/arch/arm/core/aarch32/cortex_m/mpu/libarch__arm__core__aarch32__cortex_m__mpu.a(arm_mpu.c.obj)
 .init_PRE_KERNEL_150
                0x00008014        0x8 zephyr/libzephyr.a(clock_control_nrf.c.obj)
 .init_PRE_KERNEL_150
                0x0000801c       0x10 zephyr/drivers/serial/libdrivers__serial.a(uart_nrfx_uarte.c.obj)
 .init_PRE_KERNEL_160
                0x0000802c        0x8 zephyr/libzephyr.a(uart_console.c.obj)
 *(SORT_BY_NAME(SORT_BY_ALIGNMENT(.init_PRE_KERNEL_1[1-9][0-9]*)))
                0x00008034                __init_PRE_KERNEL_2_start = .
 *(SORT_BY_NAME(SORT_BY_ALIGNMENT(.init_PRE_KERNEL_2[0-9]*)))
 .init_PRE_KERNEL_20
                0x00008034        0x8 zephyr/libzephyr.a(sys_clock_init.c.obj)
 *(SORT_BY_NAME(SORT_BY_ALIGNMENT(.init_PRE_KERNEL_2[1-9][0-9]*)))
                0x0000803c                __init_POST_KERNEL_start = .
 *(SORT_BY_NAME(SORT_BY_ALIGNMENT(.init_POST_KERNEL[0-9]*)))
 .init_POST_KERNEL0
                0x0000803c        0x8 modules/mbedtls/lib..__modules__crypto__mbedtls.a(zephyr_init.c.obj)
 .init_POST_KERNEL40
                0x00008044        0x8 zephyr/drivers/gpio/libdrivers__gpio.a(gpio_nrfx.c.obj)
 .init_POST_KERNEL40
                0x0000804c        0x8 modules/nrf/drivers/hw_cc310/lib..__nrf__drivers__hw_cc310.a(hw_cc310.c.obj)
 .init_POST_KERNEL50
                0x00008054        0x8 zephyr/drivers/flash/libdrivers__flash.a(soc_flash_nrf.c.obj)
 *(SORT_BY_NAME(SORT_BY_ALIGNMENT(.init_POST_KERNEL[1-9][0-9]*)))
                0x0000805c                __init_APPLICATION_start = .
 *(SORT_BY_NAME(SORT_BY_ALIGNMENT(.init_APPLICATION[0-9]*)))
 *(SORT_BY_NAME(SORT_BY_ALIGNMENT(.init_APPLICATION[1-9][0-9]*)))
                0x0000805c                __init_SMP_start = .
 *(SORT_BY_NAME(SORT_BY_ALIGNMENT(.init_SMP[0-9]*)))
 *(SORT_BY_NAME(SORT_BY_ALIGNMENT(.init_SMP[1-9][0-9]*)))
                0x0000805c                __init_end = .

sw_isr_table    0x0000805c      0x208
                0x0000805c                . = ALIGN (0x0)
 *(SORT_BY_ALIGNMENT(.gnu.linkonce.sw_isr_table*))
 .gnu.linkonce.sw_isr_table*
                0x0000805c      0x208 zephyr/arch/common/libisr_tables.a(isr_tables.c.obj)
                0x0000805c                _sw_isr_table

initlevel_error
                0x00007ff4        0x0
 *(SORT_BY_NAME(SORT_BY_ALIGNMENT(.init_[_A-Z0-9]*)))
                0x00000001                ASSERT ((SIZEOF (initlevel_error) == 0x0), Undefined initialization levels used.)

app_shmem_regions
                0x00008264        0x0
                0x00008264                __app_shmem_regions_start = .
 *(SORT_BY_NAME(SORT_BY_ALIGNMENT(.app_regions.*)))
                0x00008264                __app_shmem_regions_end = .

bt_l2cap_fixed_chan_area
                0x00008264        0x0
                0x00008264                _bt_l2cap_fixed_chan_list_start = .
 *(SORT_BY_NAME(SORT_BY_ALIGNMENT(._bt_l2cap_fixed_chan.static.*)))
                0x00008264                _bt_l2cap_fixed_chan_list_end = .

bt_gatt_service_static_area
                0x00008264        0x0
                0x00008264                _bt_gatt_service_static_list_start = .
 *(SORT_BY_NAME(SORT_BY_ALIGNMENT(._bt_gatt_service_static.static.*)))
                0x00008264                _bt_gatt_service_static_list_end = .

k_p4wq_initparam_area
                0x00008264        0x0
                0x00008264                _k_p4wq_initparam_list_start = .
 *(SORT_BY_NAME(SORT_BY_ALIGNMENT(._k_p4wq_initparam.static.*)))
                0x00008264                _k_p4wq_initparam_list_end = .

log_const_sections
                0x00008264       0x48
                0x00008264                __log_const_start = .
 *(SORT_BY_NAME(SORT_BY_ALIGNMENT(.log_const_*)))
 .log_const_clock_control
                0x00008264        0x8 zephyr/libzephyr.a(clock_control_nrf.c.obj)
                0x00008264                log_const_clock_control
 .log_const_fatal_error
                0x0000826c        0x8 modules/nrf/lib/fatal_error/lib..__nrf__lib__fatal_error.a(fatal_error.c.obj)
                0x0000826c                log_const_fatal_error
 .log_const_flash_nrf
                0x00008274        0x8 zephyr/drivers/flash/libdrivers__flash.a(soc_flash_nrf.c.obj)
                0x00008274                log_const_flash_nrf
 .log_const_mcuboot
                0x0000827c        0x8 app/libapp.a(main.c.obj)
                0x0000827c                log_const_mcuboot
 .log_const_mpu
                0x00008284        0x8 zephyr/arch/arch/arm/core/aarch32/cortex_m/mpu/libarch__arm__core__aarch32__cortex_m__mpu.a(arm_core_mpu.c.obj)
                0x00008284                log_const_mpu
 .log_const_os  0x0000828c        0x8 zephyr/kernel/libkernel.a(init.c.obj)
                0x0000828c                log_const_os
 .log_const_power
                0x00008294        0x8 zephyr/libzephyr.a(power.c.obj)
                0x00008294                log_const_power
 .log_const_soc
                0x0000829c        0x8 zephyr/libzephyr.a(soc.c.obj)
                0x0000829c                log_const_soc
 .log_const_uart_nrfx_uarte
                0x000082a4        0x8 zephyr/drivers/serial/libdrivers__serial.a(uart_nrfx_uarte.c.obj)
                0x000082a4                log_const_uart_nrfx_uarte
                0x000082ac                __log_const_end = .

log_backends_sections
                0x000082ac        0x0
                0x000082ac                __log_backends_start = .
 *(SORT_BY_ALIGNMENT(._log_backend.*))
                0x000082ac                __log_backends_end = .

shell_area      0x000082ac        0x0
                0x000082ac                _shell_list_start = .
 *(SORT_BY_NAME(SORT_BY_ALIGNMENT(._shell.static.*)))
                0x000082ac                _shell_list_end = .

shell_root_cmds_sections
                0x000082ac        0x0
                0x000082ac                __shell_root_cmds_start = .
 *(SORT_BY_NAME(SORT_BY_ALIGNMENT(.shell_root_cmd_*)))
                0x000082ac                __shell_root_cmds_end = .

font_entry_sections
                0x000082ac        0x0
                0x000082ac                __font_entry_start = .
 *(SORT_BY_NAME(SORT_BY_ALIGNMENT(._cfb_font.*)))
                0x000082ac                __font_entry_end = .

tracing_backend_area
                0x000082ac        0x0
                0x000082ac                _tracing_backend_list_start = .
 *(SORT_BY_NAME(SORT_BY_ALIGNMENT(._tracing_backend.static.*)))
                0x000082ac                _tracing_backend_list_end = .

tdata           0x000082ac        0x0
 *(SORT_BY_ALIGNMENT(.tdata) SORT_BY_ALIGNMENT(.tdata.*) SORT_BY_ALIGNMENT(.gnu.linkonce.td.*))

tbss            0x000082ac        0x0
 *(SORT_BY_ALIGNMENT(.tbss) SORT_BY_ALIGNMENT(.tbss.*) SORT_BY_ALIGNMENT(.gnu.linkonce.tb.*) SORT_BY_ALIGNMENT(.tcommon))
                [!provide]                PROVIDE (__tdata_start = LOADADDR (tdata))
                [!provide]                PROVIDE (__tdata_size = SIZEOF (tdata))
                [!provide]                PROVIDE (__tdata_end = (__tdata_start + __tdata_size))
                [!provide]                PROVIDE (__tbss_start = LOADADDR (tbss))
                [!provide]                PROVIDE (__tbss_size = SIZEOF (tbss))
                [!provide]                PROVIDE (__tbss_end = (__tbss_start + __tbss_size))
                [!provide]                PROVIDE (__tls_start = __tdata_start)
                [!provide]                PROVIDE (__tls_end = __tbss_end)
                [!provide]                PROVIDE (__tls_size = (__tbss_end - __tdata_start))

rodata          0x000082b0     0x10e8
 *(SORT_BY_ALIGNMENT(.rodata))
 .rodata        0x000082b0       0x20 zephyr/drivers/serial/libdrivers__serial.a(uart_nrfx_uarte.c.obj)
 *(SORT_BY_ALIGNMENT(.rodata.*))
 .rodata.delay_machine_code.8520
                0x000082d0        0x6 zephyr/libzephyr.a(soc.c.obj)
 *fill*         0x000082d6        0x2 
 .rodata.bootutil_key_cnt
                0x000082d8        0x4 app/libapp.a(keys.c.obj)
                0x000082d8                bootutil_key_cnt
 .rodata.bootutil_keys
                0x000082dc        0x8 app/libapp.a(keys.c.obj)
                0x000082dc                bootutil_keys
 .rodata.rsa_pub_key_len
                0x000082e4        0x4 app/libapp.a(autogen-pubkey.c.obj)
                0x000082e4                rsa_pub_key_len
 .rodata.default_flash_map
                0x000082e8       0xa0 zephyr/libzephyr.a(flash_map_default.c.obj)
                0x000082e8                default_flash_map
 .rodata.flash_map_entries
                0x00008388        0x4 zephyr/libzephyr.a(flash_map_default.c.obj)
                0x00008388                flash_map_entries
 .rodata.clock_control_api
                0x0000838c       0x14 zephyr/libzephyr.a(clock_control_nrf.c.obj)
 .rodata.config
                0x000083a0       0x18 zephyr/libzephyr.a(clock_control_nrf.c.obj)
 .rodata.transitions.10174
                0x000083b8        0xc zephyr/libzephyr.a(clock_control_nrf.c.obj)
 .rodata.apis   0x000083c4        0x8 zephyr/libzephyr.a(nrf_cc3xx_platform_abort_zephyr.c.obj)
 .rodata.mutex_apis
                0x000083cc       0x10 zephyr/libzephyr.a(nrf_cc3xx_platform_mutex_zephyr.c.obj)
 .rodata.mutexes
                0x000083dc       0x14 zephyr/libzephyr.a(nrf_cc3xx_platform_mutex_zephyr.c.obj)
 .rodata.static_regions
                0x000083f0        0xc zephyr/arch/arch/arm/core/aarch32/cortex_m/mpu/libarch__arm__core__aarch32__cortex_m__mpu.a(arm_core_mpu.c.obj)
 .rodata.mpu_config
                0x000083fc        0x8 zephyr/soc/arm/common/cortex_m/libsoc__arm__common__cortex_m.a(arm_mpu_regions.c.obj)
                0x000083fc                mpu_config
 .rodata.mpu_regions
                0x00008404       0x20 zephyr/soc/arm/common/cortex_m/libsoc__arm__common__cortex_m.a(arm_mpu_regions.c.obj)
 .rodata.gpio_nrfx_drv_api_funcs
                0x00008424       0x24 zephyr/drivers/gpio/libdrivers__gpio.a(gpio_nrfx.c.obj)
 .rodata.gpio_nrfx_p0_cfg
                0x00008448        0xc zephyr/drivers/gpio/libdrivers__gpio.a(gpio_nrfx.c.obj)
 .rodata.flash_nrf_api
                0x00008454       0x18 zephyr/drivers/flash/libdrivers__flash.a(soc_flash_nrf.c.obj)
 .rodata.flash_nrf_parameters
                0x0000846c        0x8 zephyr/drivers/flash/libdrivers__flash.a(soc_flash_nrf.c.obj)
 .rodata.uart_nrfx_uarte_driver_api
                0x00008474       0x4c zephyr/drivers/serial/libdrivers__serial.a(uart_nrfx_uarte.c.obj)
 .rodata.uarte_0z_config
                0x000084c0        0x8 zephyr/drivers/serial/libdrivers__serial.a(uart_nrfx_uarte.c.obj)
 .rodata.uarte_1z_config
                0x000084c8        0x8 zephyr/drivers/serial/libdrivers__serial.a(uart_nrfx_uarte.c.obj)
 .rodata.boot_img_magic
                0x000084d0       0x10 modules/mcuboot/boot/bootutil/zephyr/lib..__bootloader__mcuboot__boot__bootutil__zephyr.a(bootutil_public.c.obj)
                0x000084d0                boot_img_magic
 .rodata.K      0x000084e0      0x100 modules/mbedtls/lib..__modules__crypto__mbedtls.a(sha256.c.obj)
 .rodata.levels.8734
                0x000085e0       0x14 zephyr/kernel/libkernel.a(device.c.obj)
 .rodata._k_neg_eagain
                0x000085f4        0x4 zephyr/kernel/libkernel.a(errno.c.obj)
                0x000085f4                _k_neg_eagain
 .rodata.CSWTCH.19
                0x000085f8       0x14 zephyr/kernel/libkernel.a(fatal.c.obj)
 .rodata.CSWTCH.6
                0x0000860c       0x1c C:/Work/nrf/v1.5.1/nrfxlib/crypto/nrf_cc310_platform/lib/cortex-m33/soft-float/no-interrupts/libnrf_cc310_platform_0.9.7.a(nrf_cc3xx_platform.c.obj)
 .rodata.mutex_free.str1.4
                0x00008628       0x26 C:/Work/nrf/v1.5.1/nrfxlib/crypto/nrf_cc310_platform/lib/cortex-m33/soft-float/no-interrupts/libnrf_cc310_platform_0.9.7.a(nrf_cc3xx_platform_mutex.c.obj)
 *fill*         0x0000864e        0x2 
 .rodata.mutex_init.str1.4
                0x00008650       0x23 C:/Work/nrf/v1.5.1/nrfxlib/crypto/nrf_cc310_platform/lib/cortex-m33/soft-float/no-interrupts/libnrf_cc310_platform_0.9.7.a(nrf_cc3xx_platform_mutex.c.obj)
 *fill*         0x00008673        0x1 
 .rodata.CC_PalPowerSaveModeInit.str1.4
                0x00008674       0x20 C:/Work/nrf/v1.5.1/nrfxlib/crypto/nrf_cc310_platform/lib/cortex-m33/soft-float/no-interrupts/libnrf_cc310_platform_0.9.7.a(cc_pal_pm.c.obj)
 .rodata.main.str1.1
                0x00008694      0x110 app/libapp.a(main.c.obj)
 .rodata.str1.1
                0x000087a4        0x8 app/libapp.a(main.c.obj)
 .rodata.flash_device_base.str1.1
                0x000087ac       0x26 app/libapp.a(flash_map_extended.c.obj)
 .rodata.pss_zeros
                0x000087d2        0x8 app/libapp.a(image_rsa.c.obj)
 .rodata.boot_validate_slot.isra.0.str1.1
                0x000087da       0x3a app/libapp.a(loader.c.obj)
 .rodata.boot_swap_image.str1.1
                0x00008814       0x2f app/libapp.a(loader.c.obj)
 .rodata.context_boot_go.str1.1
                0x00008843       0xa4 app/libapp.a(loader.c.obj)
 .rodata.swap_read_status_bytes.str1.1
                0x000088e7       0x23 app/libapp.a(swap_move.c.obj)
 .rodata.boot_slots_compatible.str1.1
                0x0000890a       0x93 app/libapp.a(swap_move.c.obj)
 .rodata.swap_status_source.str1.1
                0x0000899d       0xa4 app/libapp.a(swap_move.c.obj)
 .rodata.swap_run.str1.1
                0x00008a41       0x2f app/libapp.a(swap_move.c.obj)
 .rodata.rsa_pub_key
                0x00008a70      0x10e app/libapp.a(autogen-pubkey.c.obj)
                0x00008a70                rsa_pub_key
 .rodata.cbvprintf.str1.1
                0x00008b7e        0x9 zephyr/libzephyr.a(cbprintf_nano.c.obj)
 .rodata.str1.1
                0x00008b87        0x4 zephyr/libzephyr.a(soc.c.obj)
 .rodata.str1.1
                0x00008b8b       0x13 zephyr/libzephyr.a(flash_map_default.c.obj)
 .rodata.str1.1
                0x00008b8b        0x6 zephyr/libzephyr.a(power.c.obj)
 .rodata.sys_reboot.str1.1
                0x00008b91       0x29 zephyr/libzephyr.a(reboot.c.obj)
 .rodata.uart_console_init.str1.1
                0x00008bba        0x7 zephyr/libzephyr.a(uart_console.c.obj)
 .rodata.str1.1
                0x00008bc1       0x20 zephyr/libzephyr.a(clock_control_nrf.c.obj)
 .rodata.str1.1
                0x00008be1        0xa zephyr/libzephyr.a(sys_clock_init.c.obj)
 .rodata.mutex_free_platform.str1.1
                0x00008beb       0x26 zephyr/libzephyr.a(nrf_cc3xx_platform_mutex_zephyr.c.obj)
 .rodata.mutex_init_platform.str1.1
                0x00008c11       0x2d zephyr/libzephyr.a(nrf_cc3xx_platform_mutex_zephyr.c.obj)
 .rodata.z_arm_fatal_error.str1.1
                0x00008c3e       0xaf zephyr/arch/arch/arm/core/aarch32/libarch__arm__core__aarch32.a(fatal.c.obj)
 .rodata.mem_manage_fault.isra.0.str1.1
                0x00008ced       0xfb zephyr/arch/arch/arm/core/aarch32/cortex_m/libarch__arm__core__aarch32__cortex_m.a(fault.c.obj)
 .rodata.bus_fault.isra.0.str1.1
                0x00008de8       0xa6 zephyr/arch/arch/arm/core/aarch32/cortex_m/libarch__arm__core__aarch32__cortex_m.a(fault.c.obj)
 .rodata.usage_fault.isra.0.str1.1
                0x00008e8e      0x11f zephyr/arch/arch/arm/core/aarch32/cortex_m/libarch__arm__core__aarch32__cortex_m.a(fault.c.obj)
 .rodata.z_arm_fault.str1.1
                0x00008fad      0x117 zephyr/arch/arch/arm/core/aarch32/cortex_m/libarch__arm__core__aarch32__cortex_m.a(fault.c.obj)
 .rodata.str1.1
                0x000090c4        0x4 zephyr/arch/arch/arm/core/aarch32/cortex_m/mpu/libarch__arm__core__aarch32__cortex_m__mpu.a(arm_core_mpu.c.obj)
 .rodata.mpu_configure_region.str1.1
                0x000090c8       0x2b zephyr/arch/arch/arm/core/aarch32/cortex_m/mpu/libarch__arm__core__aarch32__cortex_m__mpu.a(arm_mpu.c.obj)
 .rodata.mpu_configure_regions_and_partition.constprop.0.str1.1
                0x000090f3       0x50 zephyr/arch/arch/arm/core/aarch32/cortex_m/mpu/libarch__arm__core__aarch32__cortex_m__mpu.a(arm_mpu.c.obj)
 .rodata.str1.1
                0x00009143        0xf zephyr/soc/arm/common/cortex_m/libsoc__arm__common__cortex_m.a(arm_mpu_regions.c.obj)
 .rodata.str1.1
                0x00009152        0x7 zephyr/drivers/gpio/libdrivers__gpio.a(gpio_nrfx.c.obj)
 .rodata.flash_nrf_erase.str1.1
                0x00009159       0x46 zephyr/drivers/flash/libdrivers__flash.a(soc_flash_nrf.c.obj)
 .rodata.flash_nrf_write.str1.1
                0x0000919f       0x23 zephyr/drivers/flash/libdrivers__flash.a(soc_flash_nrf.c.obj)
 .rodata.str1.1
                0x000091c2        0xa zephyr/drivers/flash/libdrivers__flash.a(soc_flash_nrf.c.obj)
                                 0x1d (size before relaxing)
 .rodata.uarte_instance_init.isra.0.str1.1
                0x000091cc       0x24 zephyr/drivers/serial/libdrivers__serial.a(uart_nrfx_uarte.c.obj)
 .rodata.str1.1
                0x000091f0       0x17 zephyr/drivers/serial/libdrivers__serial.a(uart_nrfx_uarte.c.obj)
                                 0x1e (size before relaxing)
 .rodata.k_sys_fatal_error_handler.str1.1
                0x00009207       0x16 modules/nrf/lib/fatal_error/lib..__nrf__lib__fatal_error.a(fatal_error.c.obj)
 .rodata.str1.1
                0x0000921d        0xc modules/nrf/lib/fatal_error/lib..__nrf__lib__fatal_error.a(fatal_error.c.obj)
 .rodata.str1.1
                0x00009229        0xb modules/nrf/drivers/hw_cc310/lib..__nrf__drivers__hw_cc310.a(hw_cc310.c.obj)
 .rodata.boot_swap_type_multi.str1.1
                0x00009234       0x4b modules/mcuboot/boot/bootutil/zephyr/lib..__bootloader__mcuboot__boot__bootutil__zephyr.a(bootutil_public.c.obj)
 .rodata.boot_swap_tables
                0x0000927f       0x12 modules/mcuboot/boot/bootutil/zephyr/lib..__bootloader__mcuboot__boot__bootutil__zephyr.a(bootutil_public.c.obj)
 .rodata.z_fatal_error.str1.1
                0x00009291       0x86 zephyr/kernel/libkernel.a(fatal.c.obj)
 .rodata.str1.1
                0x00009317       0x4a zephyr/kernel/libkernel.a(fatal.c.obj)
 .rodata.str1.1
                0x00009361        0x3 zephyr/kernel/libkernel.a(init.c.obj)
 .rodata.boot_banner.str1.1
                0x00009364       0x34 zephyr/kernel/libkernel.a(banner.c.obj)
                                 0x35 (size before relaxing)
 *(SORT_BY_ALIGNMENT(.gnu.linkonce.r.*))
                0x00009398                . = ALIGN (0x4)
                0x00009398                _image_rodata_end = .
                0x000093a0                . = ALIGN (_region_min_align)
                0x000093a0                _image_rom_end = .
                0x200144e8                . = 0x200144e8
                0x20014500                . = ALIGN (_region_min_align)
                0x20014500                _image_ram_start = .

.ramfunc        0x200144e8       0x18 load address 0x00009398
                0x20014500                . = ALIGN (_region_min_align)
 *fill*         0x200144e8       0x18 
                0x20014500                _ramfunc_ram_start = .
 *(SORT_BY_ALIGNMENT(.ramfunc))
 *(SORT_BY_ALIGNMENT(.ramfunc.*))
                0x20014500                . = ALIGN (_region_min_align)
                0x20014500                _ramfunc_ram_end = .
                0x00000000                _ramfunc_ram_size = (_ramfunc_ram_end - _ramfunc_ram_start)
                0x00009398                _ramfunc_rom_start = LOADADDR (.ramfunc)

datas           0x20014500      0x108 load address 0x000093b0
                0x20014500                __data_ram_start = .
 *(SORT_BY_ALIGNMENT(.data))
 *(SORT_BY_ALIGNMENT(.data.*))
 .data.FIH_FAILURE
                0x20014500        0x4 app/libapp.a(fault_injection_hardening.c.obj)
                0x20014500                FIH_FAILURE
 .data.g_last_idx
                0x20014504        0x4 app/libapp.a(swap_move.c.obj)
 .data._char_out
                0x20014508        0x4 zephyr/libzephyr.a(printk.c.obj)
                0x20014508                _char_out
 .data.flash_map
                0x2001450c        0x4 zephyr/libzephyr.a(flash_map_default.c.obj)
                0x2001450c                flash_map
 .data.asym_mutex
                0x20014510        0x8 zephyr/libzephyr.a(nrf_cc3xx_platform_mutex_zephyr.c.obj)
 .data.power_mutex
                0x20014518        0x8 zephyr/libzephyr.a(nrf_cc3xx_platform_mutex_zephyr.c.obj)
 .data.rng_mutex
                0x20014520        0x8 zephyr/libzephyr.a(nrf_cc3xx_platform_mutex_zephyr.c.obj)
 .data.sym_mutex
                0x20014528        0x8 zephyr/libzephyr.a(nrf_cc3xx_platform_mutex_zephyr.c.obj)
 .data._stdout_hook
                0x20014530        0x4 zephyr/lib/libc/minimal/liblib__libc__minimal.a(stdout_console.c.obj)
 .data.uarte0_int_driven
                0x20014534       0x14 zephyr/drivers/serial/libdrivers__serial.a(uart_nrfx_uarte.c.obj)
 .data.uarte1_int_driven
                0x20014548       0x14 zephyr/drivers/serial/libdrivers__serial.a(uart_nrfx_uarte.c.obj)
 .data.uarte_0_data
                0x2001455c       0x18 zephyr/drivers/serial/libdrivers__serial.a(uart_nrfx_uarte.c.obj)
 .data.uarte_1_data
                0x20014574       0x18 zephyr/drivers/serial/libdrivers__serial.a(uart_nrfx_uarte.c.obj)
 .data.SystemCoreClock
                0x2001458c        0x4 modules/hal_nordic/libmodules__hal_nordic.a(system_nrf9160.c.obj)
                0x2001458c                SystemCoreClock
 .data.mbedtls_calloc_func
                0x20014590        0x4 modules/mbedtls/lib..__modules__crypto__mbedtls.a(platform.c.obj)
 .data.mbedtls_exit
                0x20014594        0x4 modules/mbedtls/lib..__modules__crypto__mbedtls.a(platform.c.obj)
                0x20014594                mbedtls_exit
 .data.mbedtls_free_func
                0x20014598        0x4 modules/mbedtls/lib..__modules__crypto__mbedtls.a(platform.c.obj)
 .data.memset_func
                0x2001459c        0x4 modules/mbedtls/lib..__modules__crypto__mbedtls.a(platform_util.c.obj)
 .data.timeout_list
                0x200145a0        0x8 zephyr/kernel/libkernel.a(timeout.c.obj)
 .data.platform_abort_apis
                0x200145a8        0x8 C:/Work/nrf/v1.5.1/nrfxlib/crypto/nrf_cc310_platform/lib/cortex-m33/soft-float/no-interrupts/libnrf_cc310_platform_0.9.7.a(nrf_cc3xx_platform_abort.c.obj)
                0x200145a8                platform_abort_apis
 .data.asym_mutex
                0x200145b0        0x8 C:/Work/nrf/v1.5.1/nrfxlib/crypto/nrf_cc310_platform/lib/cortex-m33/soft-float/no-interrupts/libnrf_cc310_platform_0.9.7.a(nrf_cc3xx_platform_mutex.c.obj)
 .data.platform_mutex_apis
                0x200145b8       0x10 C:/Work/nrf/v1.5.1/nrfxlib/crypto/nrf_cc310_platform/lib/cortex-m33/soft-float/no-interrupts/libnrf_cc310_platform_0.9.7.a(nrf_cc3xx_platform_mutex.c.obj)
                0x200145b8                platform_mutex_apis
 .data.platform_mutexes
                0x200145c8       0x14 C:/Work/nrf/v1.5.1/nrfxlib/crypto/nrf_cc310_platform/lib/cortex-m33/soft-float/no-interrupts/libnrf_cc310_platform_0.9.7.a(nrf_cc3xx_platform_mutex.c.obj)
                0x200145c8                platform_mutexes
 .data.power_mutex
                0x200145dc        0x8 C:/Work/nrf/v1.5.1/nrfxlib/crypto/nrf_cc310_platform/lib/cortex-m33/soft-float/no-interrupts/libnrf_cc310_platform_0.9.7.a(nrf_cc3xx_platform_mutex.c.obj)
 .data.rng_mutex
                0x200145e4        0x8 C:/Work/nrf/v1.5.1/nrfxlib/crypto/nrf_cc310_platform/lib/cortex-m33/soft-float/no-interrupts/libnrf_cc310_platform_0.9.7.a(nrf_cc3xx_platform_mutex.c.obj)
 .data.sym_mutex
                0x200145ec        0x8 C:/Work/nrf/v1.5.1/nrfxlib/crypto/nrf_cc310_platform/lib/cortex-m33/soft-float/no-interrupts/libnrf_cc310_platform_0.9.7.a(nrf_cc3xx_platform_mutex.c.obj)
 .data.CCAsymCryptoMutex
                0x200145f4        0x4 C:/Work/nrf/v1.5.1/nrfxlib/crypto/nrf_cc310_platform/lib/cortex-m33/soft-float/no-interrupts/libnrf_cc310_platform_0.9.7.a(cc_pal.c.obj)
                0x200145f4                CCAsymCryptoMutex
 .data.CCPowerMutex
                0x200145f8        0x4 C:/Work/nrf/v1.5.1/nrfxlib/crypto/nrf_cc310_platform/lib/cortex-m33/soft-float/no-interrupts/libnrf_cc310_platform_0.9.7.a(cc_pal.c.obj)
                0x200145f8                CCPowerMutex
 .data.CCRndCryptoMutex
                0x200145fc        0x4 C:/Work/nrf/v1.5.1/nrfxlib/crypto/nrf_cc310_platform/lib/cortex-m33/soft-float/no-interrupts/libnrf_cc310_platform_0.9.7.a(cc_pal.c.obj)
                0x200145fc                CCRndCryptoMutex
 .data.CCSymCryptoMutex
                0x20014600        0x4 C:/Work/nrf/v1.5.1/nrfxlib/crypto/nrf_cc310_platform/lib/cortex-m33/soft-float/no-interrupts/libnrf_cc310_platform_0.9.7.a(cc_pal.c.obj)
                0x20014600                CCSymCryptoMutex
 .data.pCCRndCryptoMutex
                0x20014604        0x4 C:/Work/nrf/v1.5.1/nrfxlib/crypto/nrf_cc310_platform/lib/cortex-m33/soft-float/no-interrupts/libnrf_cc310_platform_0.9.7.a(cc_pal.c.obj)
                0x20014604                pCCRndCryptoMutex
 *(SORT_BY_ALIGNMENT(.kernel.*))
                0x000093b0                __data_rom_start = LOADADDR (datas)

devices         0x20014608       0x74 load address 0x000094b8
                0x20014608                __device_start = .
                0x20014608                __device_PRE_KERNEL_1_start = .
 *(SORT_BY_NAME(SORT_BY_ALIGNMENT(.device_PRE_KERNEL_1[0-9]*)))
 .device_PRE_KERNEL_150
                0x20014608       0x10 zephyr/libzephyr.a(clock_control_nrf.c.obj)
                0x20014608                __device_DT_N_S_soc_S_peripheral_50000000_S_clock_5000
 .device_PRE_KERNEL_150
                0x20014618       0x20 zephyr/drivers/serial/libdrivers__serial.a(uart_nrfx_uarte.c.obj)
                0x20014618                __device_DT_N_S_soc_S_peripheral_50000000_S_uart_9000
                0x20014628                __device_DT_N_S_soc_S_peripheral_50000000_S_uart_8000
 *(SORT_BY_NAME(SORT_BY_ALIGNMENT(.device_PRE_KERNEL_1[1-9][0-9]*)))
                0x20014638                __device_PRE_KERNEL_2_start = .
 *(SORT_BY_NAME(SORT_BY_ALIGNMENT(.device_PRE_KERNEL_2[0-9]*)))
 .device_PRE_KERNEL_20
                0x20014638       0x10 zephyr/libzephyr.a(sys_clock_init.c.obj)
 *(SORT_BY_NAME(SORT_BY_ALIGNMENT(.device_PRE_KERNEL_2[1-9][0-9]*)))
                0x20014648                __device_POST_KERNEL_start = .
 *(SORT_BY_NAME(SORT_BY_ALIGNMENT(.device_POST_KERNEL[0-9]*)))
 .device_POST_KERNEL40
                0x20014648       0x10 zephyr/drivers/gpio/libdrivers__gpio.a(gpio_nrfx.c.obj)
                0x20014648                __device_DT_N_S_soc_S_peripheral_50000000_S_gpio_842500
 .device_POST_KERNEL40
                0x20014658       0x10 modules/nrf/drivers/hw_cc310/lib..__nrf__drivers__hw_cc310.a(hw_cc310.c.obj)
 .device_POST_KERNEL50
                0x20014668       0x10 zephyr/drivers/flash/libdrivers__flash.a(soc_flash_nrf.c.obj)
                0x20014668                __device_DT_N_S_soc_S_peripheral_50000000_S_flash_controller_39000
 *(SORT_BY_NAME(SORT_BY_ALIGNMENT(.device_POST_KERNEL[1-9][0-9]*)))
                0x20014678                __device_APPLICATION_start = .
 *(SORT_BY_NAME(SORT_BY_ALIGNMENT(.device_APPLICATION[0-9]*)))
 *(SORT_BY_NAME(SORT_BY_ALIGNMENT(.device_APPLICATION[1-9][0-9]*)))
                0x20014678                __device_SMP_start = .
 *(SORT_BY_NAME(SORT_BY_ALIGNMENT(.device_SMP[0-9]*)))
 *(SORT_BY_NAME(SORT_BY_ALIGNMENT(.device_SMP[1-9][0-9]*)))
                0x20014678                __device_end = .
 FILL mask 0x00
                0x20014678                __device_init_status_start = .
                0x2001467c                . = (. + (((((__device_end - __device_start) / 0x10) + 0x1f) / 0x20) * 0x4))
 *fill*         0x20014678        0x4 00
                0x2001467c                __device_init_status_end = .

initshell       0x2001467c        0x0 load address 0x0000952c
                0x2001467c                __shell_module_start = .
 *(SORT_BY_ALIGNMENT(.shell_module_*))
                0x2001467c                __shell_module_end = .
                0x2001467c                __shell_cmd_start = .
 *(SORT_BY_ALIGNMENT(.shell_cmd_*))
                0x2001467c                __shell_cmd_end = .

log_dynamic_sections
                0x2001467c        0x0 load address 0x0000952c
                0x2001467c                __log_dynamic_start = .
 *(SORT_BY_NAME(SORT_BY_ALIGNMENT(.log_dynamic_*)))
                0x2001467c                __log_dynamic_end = .

_static_thread_data_area
                0x2001467c        0x0 load address 0x0000952c
                0x2001467c                __static_thread_data_list_start = .
 *(SORT_BY_NAME(SORT_BY_ALIGNMENT(.__static_thread_data.static.*)))
                0x2001467c                __static_thread_data_list_end = .

k_timer_area    0x2001467c        0x0 load address 0x0000952c
                0x2001467c                _k_timer_list_start = .
 *(SORT_BY_NAME(SORT_BY_ALIGNMENT(._k_timer.static.*)))
                0x2001467c                _k_timer_list_end = .

k_mem_slab_area
                0x2001467c        0x0 load address 0x0000952c
                0x2001467c                _k_mem_slab_list_start = .
 *(SORT_BY_NAME(SORT_BY_ALIGNMENT(._k_mem_slab.static.*)))
                0x2001467c                _k_mem_slab_list_end = .

k_mem_pool_area
                0x2001467c        0x0 load address 0x0000952c
                0x2001467c                _k_mem_pool_list_start = .
 *(SORT_BY_NAME(SORT_BY_ALIGNMENT(._k_mem_pool.static.*)))
                0x2001467c                _k_mem_pool_list_end = .

k_heap_area     0x2001467c        0x0 load address 0x0000952c
                0x2001467c                _k_heap_list_start = .
 *(SORT_BY_NAME(SORT_BY_ALIGNMENT(._k_heap.static.*)))
                0x2001467c                _k_heap_list_end = .

k_mutex_area    0x2001467c       0x50 load address 0x0000952c