Archive member included to satisfy reference by file (symbol)

app/libapp.a(main.c.obj)      (--whole-archive)
zephyr/libzephyr.a(cbprintf.c.obj)
                              (--whole-archive)
zephyr/libzephyr.a(crc32_sw.c.obj)
                              (--whole-archive)
zephyr/libzephyr.a(crc16_sw.c.obj)
                              (--whole-archive)
zephyr/libzephyr.a(crc8_sw.c.obj)
                              (--whole-archive)
zephyr/libzephyr.a(crc7_sw.c.obj)
                              (--whole-archive)
zephyr/libzephyr.a(dec.c.obj)
                              (--whole-archive)
zephyr/libzephyr.a(fdtable.c.obj)
                              (--whole-archive)
zephyr/libzephyr.a(hex.c.obj)
                              (--whole-archive)
zephyr/libzephyr.a(notify.c.obj)
                              (--whole-archive)
zephyr/libzephyr.a(printk.c.obj)
                              (--whole-archive)
zephyr/libzephyr.a(onoff.c.obj)
                              (--whole-archive)
zephyr/libzephyr.a(rb.c.obj)  (--whole-archive)
zephyr/libzephyr.a(sem.c.obj)
                              (--whole-archive)
zephyr/libzephyr.a(thread_entry.c.obj)
                              (--whole-archive)
zephyr/libzephyr.a(timeutil.c.obj)
                              (--whole-archive)
zephyr/libzephyr.a(work_q.c.obj)
                              (--whole-archive)
zephyr/libzephyr.a(heap.c.obj)
                              (--whole-archive)
zephyr/libzephyr.a(heap-validate.c.obj)
                              (--whole-archive)
zephyr/libzephyr.a(cbprintf_complete.c.obj)
                              (--whole-archive)
zephyr/libzephyr.a(configs.c.obj)
                              (--whole-archive)
zephyr/libzephyr.a(soc.c.obj)
                              (--whole-archive)
zephyr/libzephyr.a(power.c.obj)
                              (--whole-archive)
zephyr/libzephyr.a(validate_base_addresses.c.obj)
                              (--whole-archive)
zephyr/libzephyr.a(validate_enabled_instances.c.obj)
                              (--whole-archive)
zephyr/libzephyr.a(power.c.obj)
                              (--whole-archive)
zephyr/libzephyr.a(reboot.c.obj)
                              (--whole-archive)
zephyr/libzephyr.a(policy_residency.c.obj)
                              (--whole-archive)
zephyr/libzephyr.a(uart_console.c.obj)
                              (--whole-archive)
zephyr/libzephyr.a(clock_control_nrf.c.obj)
                              (--whole-archive)
zephyr/libzephyr.a(sys_clock_init.c.obj)
                              (--whole-archive)
zephyr/libzephyr.a(nrf_rtc_timer.c.obj)
                              (--whole-archive)
zephyr/libzephyr.a(spm.c.obj)
                              (--whole-archive)
zephyr/libzephyr.a(secure_services.c.obj)
                              (--whole-archive)
zephyr/libzephyr.a(nrf_cc3xx_platform_abort_zephyr.c.obj)
                              (--whole-archive)
zephyr/libzephyr.a(nrf_cc3xx_platform_mutex_zephyr.c.obj)
                              (--whole-archive)
zephyr/arch/common/libarch__common.a(sw_isr_common.c.obj)
                              (--whole-archive)
zephyr/arch/arch/arm/core/aarch32/libarch__arm__core__aarch32.a(swap.c.obj)
                              (--whole-archive)
zephyr/arch/arch/arm/core/aarch32/libarch__arm__core__aarch32.a(swap_helper.S.obj)
                              (--whole-archive)
zephyr/arch/arch/arm/core/aarch32/libarch__arm__core__aarch32.a(irq_manage.c.obj)
                              (--whole-archive)
zephyr/arch/arch/arm/core/aarch32/libarch__arm__core__aarch32.a(thread.c.obj)
                              (--whole-archive)
zephyr/arch/arch/arm/core/aarch32/libarch__arm__core__aarch32.a(cpu_idle.S.obj)
                              (--whole-archive)
zephyr/arch/arch/arm/core/aarch32/libarch__arm__core__aarch32.a(fatal.c.obj)
                              (--whole-archive)
zephyr/arch/arch/arm/core/aarch32/libarch__arm__core__aarch32.a(nmi.c.obj)
                              (--whole-archive)
zephyr/arch/arch/arm/core/aarch32/libarch__arm__core__aarch32.a(nmi_on_reset.S.obj)
                              (--whole-archive)
zephyr/arch/arch/arm/core/aarch32/libarch__arm__core__aarch32.a(prep_c.c.obj)
                              (--whole-archive)
zephyr/arch/arch/arm/core/aarch32/libarch__arm__core__aarch32.a(isr_wrapper.S.obj)
                              (--whole-archive)
zephyr/arch/arch/arm/core/aarch32/cortex_m/libarch__arm__core__aarch32__cortex_m.a(vector_table.S.obj)
                              (--whole-archive)
zephyr/arch/arch/arm/core/aarch32/cortex_m/libarch__arm__core__aarch32__cortex_m.a(reset.S.obj)
                              (--whole-archive)
zephyr/arch/arch/arm/core/aarch32/cortex_m/libarch__arm__core__aarch32__cortex_m.a(fault_s.S.obj)
                              (--whole-archive)
zephyr/arch/arch/arm/core/aarch32/cortex_m/libarch__arm__core__aarch32__cortex_m.a(fault.c.obj)
[...]
Memory Configuration

Name             Origin             Length             Attributes
FLASH            0x00010200         0x0000c000         xr
SRAM             0x20000000         0x00010000         xw
IDT_LIST         0x20010000         0x00000800         xw
*default*        0x00000000         0xffffffff

Linker script and memory map

LOAD zephyr/CMakeFiles/zephyr_final.dir/misc/empty_file.c.obj
LOAD zephyr/CMakeFiles/zephyr_final.dir/isr_tables.c.obj
                0x00000020                _region_min_align = 0x20

.rel.plt        0x00010200        0x0
 *(SORT_BY_ALIGNMENT(.rel.plt))
                [!provide]                PROVIDE (__rel_iplt_start = .)
 *(SORT_BY_ALIGNMENT(.rel.iplt))
 .rel.iplt      0x00010200        0x0 zephyr/CMakeFiles/zephyr_final.dir/isr_tables.c.obj
                [!provide]                PROVIDE (__rel_iplt_end = .)

.rela.plt       0x00000000        0x0
 *(SORT_BY_ALIGNMENT(.rela.plt))
                [!provide]                PROVIDE (__rela_iplt_start = .)
 *(SORT_BY_ALIGNMENT(.rela.iplt))
                [!provide]                PROVIDE (__rela_iplt_end = .)

.rel.dyn
 *(SORT_BY_ALIGNMENT(.rel.*))

.rela.dyn
 *(SORT_BY_ALIGNMENT(.rela.*))

/DISCARD/
 *(SORT_BY_ALIGNMENT(.plt))
 *(SORT_BY_ALIGNMENT(.iplt))
 *(SORT_BY_ALIGNMENT(.got.plt))
 *(SORT_BY_ALIGNMENT(.igot.plt))
 *(SORT_BY_ALIGNMENT(.got))
 *(SORT_BY_ALIGNMENT(.igot))
 *(SORT_BY_ALIGNMENT(.irq_info*))
 *(SORT_BY_ALIGNMENT(.intList*))
 *(SORT_BY_ALIGNMENT(.note.GNU-stack))
                0x00010200                _image_rom_start = 0x10200

rom_start       0x00010200      0x23c
                0x00000000                . = 0x0
                0x00000000                . = ALIGN (0x4)
                0x00000000                . = ALIGN (0x80)
                0x00000000                . = ALIGN (0x200)
                0x00010200                _vector_start = .
 *(SORT_BY_ALIGNMENT(.exc_vector_table))
 *(SORT_BY_ALIGNMENT(.exc_vector_table.*))
 .exc_vector_table._vector_table_section
                0x00010200       0x40 zephyr/arch/arch/arm/core/aarch32/cortex_m/libarch__arm__core__aarch32__cortex_m.a(vector_table.S.obj)
                0x00010200                _vector_table
 *(SORT_BY_ALIGNMENT(.gnu.linkonce.irq_vector_table*))
 .gnu.linkonce.irq_vector_table*
                0x00010240      0x104 zephyr/CMakeFiles/zephyr_final.dir/isr_tables.c.obj
                0x00010240                _irq_vector_table
 *(SORT_BY_ALIGNMENT(.vectors))
                0x00010344                _vector_end = .
 *(SORT_BY_ALIGNMENT(.openocd_dbg))
 *(SORT_BY_ALIGNMENT(.openocd_dbg.*))
                0x00000200                . = 0x200
 *fill*         0x00010344       0xbc 
                0x00010400                _fw_info_start = .
 *(SORT_BY_NAME(SORT_BY_ALIGNMENT(.firmware_info*)))
 .firmware_info
                0x00010400       0x3c modules/nrf/subsys/fw_info/lib..__nrf__subsys__fw_info.a(fw_info.c.obj)
                0x00010400                m_firmware_info
                0x0000003c                _fw_info_size = ABSOLUTE ((. - _fw_info_start))

text            0x0001043c     0x5cb4
                0x0001043c                _image_text_start = .
 *(SORT_BY_ALIGNMENT(.text))
 .text          0x0001043c       0x30 c:/work/nrf/v1.5.1/toolchain/opt/bin/../lib/gcc/arm-none-eabi/9.2.1/thumb/v8-m.main+fp/hard\libgcc.a(_aeabi_uldivmod.o)
                0x0001043c                __aeabi_uldivmod
 .text          0x0001046c      0x2c0 c:/work/nrf/v1.5.1/toolchain/opt/bin/../lib/gcc/arm-none-eabi/9.2.1/thumb/v8-m.main+fp/hard\libgcc.a(_udivmoddi4.o)
                0x0001046c                __udivmoddi4
 .text          0x0001072c        0x4 c:/work/nrf/v1.5.1/toolchain/opt/bin/../lib/gcc/arm-none-eabi/9.2.1/thumb/v8-m.main+fp/hard\libgcc.a(_dvmd_tls.o)
                0x0001072c                __aeabi_idiv0
                0x0001072c                __aeabi_ldiv0
 .text          0x00010730       0x5c c:/work/nrf/v1.5.1/toolchain/opt/bin/../lib/gcc/arm-none-eabi/9.2.1/thumb/v8-m.main+fp/hard\libgcc.a(cmse_nonsecure_call.o)
                0x00010730                __gnu_cmse_nonsecure_call
 *(SORT_BY_ALIGNMENT(.text.*))
 .text.char_out
                0x0001078c       0x10 zephyr/libzephyr.a(printk.c.obj)
 .text.__printk_hook_install
                0x0001079c        0xc zephyr/libzephyr.a(printk.c.obj)
                0x0001079c                __printk_hook_install
 .text.vprintk  0x000107a8       0x1c zephyr/libzephyr.a(printk.c.obj)
                0x000107a8                vprintk
 .text.process_event
                0x000107c4      0x1d0 zephyr/libzephyr.a(onoff.c.obj)
 .text.cbvprintf
                0x00010994      0xd6c zephyr/libzephyr.a(cbprintf_complete.c.obj)
                0x00010994                cbvprintf
 .text.nordicsemi_nrf91_init
                0x00011700       0x28 zephyr/libzephyr.a(soc.c.obj)
 .text.arch_busy_wait
                0x00011728       0x14 zephyr/libzephyr.a(soc.c.obj)
                0x00011728                arch_busy_wait
 .text.sys_reboot
                0x0001173c       0x30 zephyr/libzephyr.a(reboot.c.obj)
                0x0001173c                sys_reboot
 .text.uart_console_init
                0x0001176c       0x28 zephyr/libzephyr.a(uart_console.c.obj)
 .text.console_out
                0x00011794       0x28 zephyr/libzephyr.a(uart_console.c.obj)
 .text.onoff_stop
                0x000117bc       0x48 zephyr/libzephyr.a(clock_control_nrf.c.obj)
 .text.onoff_start
                0x00011804       0x58 zephyr/libzephyr.a(clock_control_nrf.c.obj)
 .text.clk_init
                0x0001185c       0x60 zephyr/libzephyr.a(clock_control_nrf.c.obj)
 .text.clkstarted_handle.constprop.0
                0x000118bc       0x3c zephyr/libzephyr.a(clock_control_nrf.c.obj)
 .text.clock_event_handler
                0x000118f8       0x1c zephyr/libzephyr.a(clock_control_nrf.c.obj)
 .text.generic_hfclk_start
                0x00011914       0x64 zephyr/libzephyr.a(clock_control_nrf.c.obj)
 .text.generic_hfclk_stop
                0x00011978       0x24 zephyr/libzephyr.a(clock_control_nrf.c.obj)
 .text.api_blocking_start
                0x0001199c       0x34 zephyr/libzephyr.a(clock_control_nrf.c.obj)
 .text.z_nrf_clock_control_lf_on
                0x000119d0      0x10c zephyr/libzephyr.a(clock_control_nrf.c.obj)
                0x000119d0                z_nrf_clock_control_lf_on
 .text.sys_clock_timeout_handler
                0x00011adc       0x18 zephyr/libzephyr.a(nrf_rtc_timer.c.obj)
 .text.set_absolute_alarm
                0x00011af4       0x98 zephyr/libzephyr.a(nrf_rtc_timer.c.obj)
 .text.rtc_nrf_isr
                0x00011b8c       0x50 zephyr/libzephyr.a(nrf_rtc_timer.c.obj)
                0x00011b8c                rtc_nrf_isr
 .text.z_clock_driver_init
                0x00011bdc       0x54 zephyr/libzephyr.a(nrf_rtc_timer.c.obj)
                0x00011bdc                z_clock_driver_init
 .text.z_clock_set_timeout
                0x00011c30       0x64 zephyr/libzephyr.a(nrf_rtc_timer.c.obj)
                0x00011c30                z_clock_set_timeout
 .text.z_clock_elapsed
                0x00011c94       0x34 zephyr/libzephyr.a(nrf_rtc_timer.c.obj)
                0x00011c94                z_clock_elapsed
 .text.config_regions
                0x00011cc8       0xb8 zephyr/libzephyr.a(spm.c.obj)
 .text.spm_config_peripheral.constprop.0
                0x00011d80       0x5c zephyr/libzephyr.a(spm.c.obj)
 .text.spm_jump
                0x00011ddc       0xd8 zephyr/libzephyr.a(spm.c.obj)
                0x00011ddc                spm_jump
 .text.spm_config
                0x00011eb4      0x130 zephyr/libzephyr.a(spm.c.obj)
                0x00011eb4                spm_config
 .text.fw_info_find
                0x00011fe4       0x48 zephyr/libzephyr.a(secure_services.c.obj)
 .text.spm_request_read_nse
                0x0001202c       0xcc zephyr/libzephyr.a(secure_services.c.obj)
                0x0001202c                __acle_se_spm_request_read_nse
 .text.spm_s0_active
                0x000120f8       0xd4 zephyr/libzephyr.a(secure_services.c.obj)
                0x000120f8                __acle_se_spm_s0_active
 .text.nrf_cc3xx_platform_abort_init
                0x000121cc        0xc zephyr/libzephyr.a(nrf_cc3xx_platform_abort_zephyr.c.obj)
                0x000121cc                nrf_cc3xx_platform_abort_init
 .text.mutex_unlock_platform
                0x000121d8       0x44 zephyr/libzephyr.a(nrf_cc3xx_platform_mutex_zephyr.c.obj)
 .text.mutex_free_platform
                0x0001221c       0x48 zephyr/libzephyr.a(nrf_cc3xx_platform_mutex_zephyr.c.obj)
 .text.mutex_init_platform
                0x00012264       0x70 zephyr/libzephyr.a(nrf_cc3xx_platform_mutex_zephyr.c.obj)
 .text.mutex_lock_platform
                0x000122d4       0x50 zephyr/libzephyr.a(nrf_cc3xx_platform_mutex_zephyr.c.obj)
 .text.nrf_cc3xx_platform_mutex_init
                0x00012324       0x2c zephyr/libzephyr.a(nrf_cc3xx_platform_mutex_zephyr.c.obj)
                0x00012324                nrf_cc3xx_platform_mutex_init
 .text.arch_swap
                0x00012350       0x34 zephyr/arch/arch/arm/core/aarch32/libarch__arm__core__aarch32.a(swap.c.obj)
                0x00012350                arch_swap
 .text.z_arm_pendsv
                0x00012384       0x58 zephyr/arch/arch/arm/core/aarch32/libarch__arm__core__aarch32.a(swap_helper.S.obj)
                0x00012384                z_arm_pendsv
 .text.z_arm_svc
                0x000123dc       0x20 zephyr/arch/arch/arm/core/aarch32/libarch__arm__core__aarch32.a(swap_helper.S.obj)
                0x000123dc                z_arm_svc
 .text.arch_irq_enable
                0x000123fc       0x20 zephyr/arch/arch/arm/core/aarch32/libarch__arm__core__aarch32.a(irq_manage.c.obj)
                0x000123fc                arch_irq_enable
 .text.arch_irq_is_enabled
                0x0001241c       0x1c zephyr/arch/arch/arm/core/aarch32/libarch__arm__core__aarch32.a(irq_manage.c.obj)
                0x0001241c                arch_irq_is_enabled
 .text.z_arm_irq_priority_set
                0x00012438       0x2c zephyr/arch/arch/arm/core/aarch32/libarch__arm__core__aarch32.a(irq_manage.c.obj)
                0x00012438                z_arm_irq_priority_set
 .text.arch_new_thread
                0x00012464       0x38 zephyr/arch/arch/arm/core/aarch32/libarch__arm__core__aarch32.a(thread.c.obj)
                0x00012464                arch_new_thread
 .text.arch_switch_to_main_thread
                0x0001249c       0x3c zephyr/arch/arch/arm/core/aarch32/libarch__arm__core__aarch32.a(thread.c.obj)
                0x0001249c                arch_switch_to_main_thread
 .text.z_arm_cpu_idle_init
                0x000124d8        0xc zephyr/arch/arch/arm/core/aarch32/libarch__arm__core__aarch32.a(cpu_idle.S.obj)
                0x000124d8                z_arm_cpu_idle_init
 .text.arch_cpu_idle
                0x000124e4       0x1c zephyr/arch/arch/arm/core/aarch32/libarch__arm__core__aarch32.a(cpu_idle.S.obj)
                0x000124e4                arch_cpu_idle
 .text.arch_cpu_atomic_idle
                0x00012500       0x14 zephyr/arch/arch/arm/core/aarch32/libarch__arm__core__aarch32.a(cpu_idle.S.obj)
                0x00012500                arch_cpu_atomic_idle
 .text.z_SysNmiOnReset
                0x00012514        0x8 zephyr/arch/arch/arm/core/aarch32/libarch__arm__core__aarch32.a(nmi_on_reset.S.obj)
                0x00012514                z_SysNmiOnReset
 .text.z_arm_prep_c
                0x0001251c       0x6c zephyr/arch/arch/arm/core/aarch32/libarch__arm__core__aarch32.a(prep_c.c.obj)
                0x0001251c                z_arm_prep_c
 .text._isr_wrapper
                0x00012588       0x40 zephyr/arch/arch/arm/core/aarch32/libarch__arm__core__aarch32.a(isr_wrapper.S.obj)
                0x00012588                _isr_wrapper
 .text._reset_section
                0x000125c8       0x60 zephyr/arch/arch/arm/core/aarch32/cortex_m/libarch__arm__core__aarch32__cortex_m.a(reset.S.obj)
                0x000125c8                __start
                0x000125c8                z_arm_reset
 .text.__fault  0x00012628       0x14 zephyr/arch/arch/arm/core/aarch32/cortex_m/libarch__arm__core__aarch32__cortex_m.a(fault_s.S.obj)
                0x00012628                z_arm_bus_fault
                0x00012628                z_arm_usage_fault
                0x00012628                z_arm_mpu_fault
                0x00012628                z_arm_exc_spurious
                0x00012628                z_arm_debug_monitor
                0x00012628                z_arm_hard_fault
                0x00012628                z_arm_secure_fault
 .text.mem_manage_fault.isra.0
                0x0001263c       0x40 zephyr/arch/arch/arm/core/aarch32/cortex_m/libarch__arm__core__aarch32__cortex_m.a(fault.c.obj)
 .text.bus_fault.isra.0
                0x0001267c       0x3c zephyr/arch/arch/arm/core/aarch32/cortex_m/libarch__arm__core__aarch32__cortex_m.a(fault.c.obj)
 .text.usage_fault.isra.0
                0x000126b8       0x2c zephyr/arch/arch/arm/core/aarch32/cortex_m/libarch__arm__core__aarch32__cortex_m.a(fault.c.obj)
 .text.secure_fault.isra.0
                0x000126e4       0x3c zephyr/arch/arch/arm/core/aarch32/cortex_m/libarch__arm__core__aarch32__cortex_m.a(fault.c.obj)
 .text.z_arm_fault
                0x00012720      0x118 zephyr/arch/arch/arm/core/aarch32/cortex_m/libarch__arm__core__aarch32__cortex_m.a(fault.c.obj)
                0x00012720                z_arm_fault
 .text.z_arm_fault_init
                0x00012838       0x18 zephyr/arch/arch/arm/core/aarch32/cortex_m/libarch__arm__core__aarch32__cortex_m.a(fault.c.obj)
                0x00012838                z_arm_fault_init
 .text._HandlerModeExit
                0x00012850       0x1c zephyr/arch/arch/arm/core/aarch32/cortex_m/libarch__arm__core__aarch32__cortex_m.a(exc_exit.S.obj)
                0x00012850                z_arm_int_exit
                0x00012850                z_arm_exc_exit
 .text.sys_arch_reboot
                0x0001286c       0x24 zephyr/arch/arch/arm/core/aarch32/cortex_m/libarch__arm__core__aarch32__cortex_m.a(scb.c.obj)
                0x0001286c                sys_arch_reboot
 .text.z_arm_clear_arm_mpu_config
                0x00012890       0x20 zephyr/arch/arch/arm/core/aarch32/cortex_m/libarch__arm__core__aarch32__cortex_m.a(scb.c.obj)
                0x00012890                z_arm_clear_arm_mpu_config
 .text.z_arm_init_arch_hw_at_boot
                0x000128b0       0x4c zephyr/arch/arch/arm/core/aarch32/cortex_m/libarch__arm__core__aarch32__cortex_m.a(scb.c.obj)
                0x000128b0                z_arm_init_arch_hw_at_boot
 .text.z_arm_interrupt_init
                0x000128fc       0x18 zephyr/arch/arch/arm/core/aarch32/cortex_m/libarch__arm__core__aarch32__cortex_m.a(irq_init.c.obj)
                0x000128fc                z_arm_interrupt_init
 .text.z_impl_k_thread_abort
                0x00012914       0x44 zephyr/arch/arch/arm/core/aarch32/cortex_m/libarch__arm__core__aarch32__cortex_m.a(thread_abort.c.obj)
                0x00012914                z_impl_k_thread_abort
 .text.z_arm_configure_static_mpu_regions
                0x00012958       0x38 zephyr/arch/arch/arm/core/aarch32/cortex_m/mpu/libarch__arm__core__aarch32__cortex_m__mpu.a(arm_core_mpu.c.obj)
                0x00012958                z_arm_configure_static_mpu_regions
 .text.region_init
                0x00012990       0x30 zephyr/arch/arch/arm/core/aarch32/cortex_m/mpu/libarch__arm__core__aarch32__cortex_m__mpu.a(arm_mpu.c.obj)
 .text.mpu_configure_regions_and_partition.constprop.0
                0x000129c0      0x13c zephyr/arch/arch/arm/core/aarch32/cortex_m/mpu/libarch__arm__core__aarch32__cortex_m__mpu.a(arm_mpu.c.obj)
 .text.arm_core_mpu_enable
                0x00012afc       0x14 zephyr/arch/arch/arm/core/aarch32/cortex_m/mpu/libarch__arm__core__aarch32__cortex_m__mpu.a(arm_mpu.c.obj)
                0x00012afc                arm_core_mpu_enable
 .text.arm_core_mpu_disable
                0x00012b10       0x10 zephyr/arch/arch/arm/core/aarch32/cortex_m/mpu/libarch__arm__core__aarch32__cortex_m__mpu.a(arm_mpu.c.obj)
                0x00012b10                arm_core_mpu_disable
 .text.arm_mpu_init
                0x00012b20       0x4c zephyr/arch/arch/arm/core/aarch32/cortex_m/mpu/libarch__arm__core__aarch32__cortex_m__mpu.a(arm_mpu.c.obj)
 .text.arm_core_mpu_configure_static_mpu_regions
                0x00012b6c       0x14 zephyr/arch/arch/arm/core/aarch32/cortex_m/mpu/libarch__arm__core__aarch32__cortex_m__mpu.a(arm_mpu.c.obj)
                0x00012b6c                arm_core_mpu_configure_static_mpu_regions
 .text.arm_core_mpu_mark_areas_for_dynamic_regions
                0x00012b80       0xac zephyr/arch/arch/arm/core/aarch32/cortex_m/mpu/libarch__arm__core__aarch32__cortex_m__mpu.a(arm_mpu.c.obj)
                0x00012b80                arm_core_mpu_mark_areas_for_dynamic_regions
 .text.tz_nonsecure_state_setup
                0x00012c2c       0x38 zephyr/arch/arch/arm/core/aarch32/cortex_m/tz/libarch__arm__core__aarch32__cortex_m__tz.a(arm_core_tz.c.obj)
                0x00012c2c                tz_nonsecure_state_setup
 .text.tz_nbanked_exception_target_state_set
                0x00012c64       0x28 zephyr/arch/arch/arm/core/aarch32/cortex_m/tz/libarch__arm__core__aarch32__cortex_m__tz.a(arm_core_tz.c.obj)
                0x00012c64                tz_nbanked_exception_target_state_set
 .text.tz_nonsecure_exception_prio_config
                0x00012c8c       0x28 zephyr/arch/arch/arm/core/aarch32/cortex_m/tz/libarch__arm__core__aarch32__cortex_m__tz.a(arm_core_tz.c.obj)
                0x00012c8c                tz_nonsecure_exception_prio_config
 .text.tz_nonsecure_system_reset_req_block
                0x00012cb4       0x28 zephyr/arch/arch/arm/core/aarch32/cortex_m/tz/libarch__arm__core__aarch32__cortex_m__tz.a(arm_core_tz.c.obj)
                0x00012cb4                tz_nonsecure_system_reset_req_block
 .text.tz_nonsecure_fpu_access_enable
                0x00012cdc       0x14 zephyr/arch/arch/arm/core/aarch32/cortex_m/tz/libarch__arm__core__aarch32__cortex_m__tz.a(arm_core_tz.c.obj)
                0x00012cdc                tz_nonsecure_fpu_access_enable
 .text.tz_sau_configure
                0x00012cf0       0x28 zephyr/arch/arch/arm/core/aarch32/cortex_m/tz/libarch__arm__core__aarch32__cortex_m__tz.a(arm_core_tz.c.obj)
                0x00012cf0                tz_sau_configure
 .text.__stdout_hook_install
                0x00012d18        0xc zephyr/lib/libc/minimal/liblib__libc__minimal.a(stdout_console.c.obj)
                0x00012d18                __stdout_hook_install
 .text.uarte_nrfx_configure
                0x00012d24      0x16c zephyr/drivers/serial/libdrivers__serial.a(uart_nrfx_uarte.c.obj)
 .text.uarte_nrfx_poll_out
                0x00012e90       0xb8 zephyr/drivers/serial/libdrivers__serial.a(uart_nrfx_uarte.c.obj)
 .text.uarte_instance_init.isra.0
                0x00012f48      0x120 zephyr/drivers/serial/libdrivers__serial.a(uart_nrfx_uarte.c.obj)
 .text.uarte_0_init
                0x00013068       0x30 zephyr/drivers/serial/libdrivers__serial.a(uart_nrfx_uarte.c.obj)
 .text.uarte_1_init
                0x00013098       0x30 zephyr/drivers/serial/libdrivers__serial.a(uart_nrfx_uarte.c.obj)
 .text.check_ext_api_requests
                0x000130c8       0x9c modules/nrf/subsys/fw_info/lib..__nrf__subsys__fw_info.a(fw_info.c.obj)
 .text.nrf91_errata_14
                0x00013164       0x1c modules/hal_nordic/libmodules__hal_nordic.a(system_nrf9160.c.obj)
 .text.SystemInit
                0x00013180      0x174 modules/hal_nordic/libmodules__hal_nordic.a(system_nrf9160.c.obj)
                0x00013180                SystemInit
 .text.nrfx_clock_init
                0x000132f4       0x20 modules/hal_nordic/libmodules__hal_nordic.a(nrfx_clock.c.obj)
                0x000132f4                nrfx_clock_init
 .text.nrfx_clock_start
                0x00013314       0x64 modules/hal_nordic/libmodules__hal_nordic.a(nrfx_clock.c.obj)
                0x00013314                nrfx_clock_start
 .text.nrfx_clock_stop
                0x00013378       0x84 modules/hal_nordic/libmodules__hal_nordic.a(nrfx_clock.c.obj)
                0x00013378                nrfx_clock_stop
 .text.nrfx_power_clock_irq_handler
                0x000133fc       0x68 modules/hal_nordic/libmodules__hal_nordic.a(nrfx_clock.c.obj)
                0x000133fc                nrfx_power_clock_irq_handler
 .text.nrfx_dppi_channel_alloc
                0x00013464       0x3c modules/hal_nordic/libmodules__hal_nordic.a(nrfx_dppi.c.obj)
                0x00013464                nrfx_dppi_channel_alloc
 .text.z_sys_init_run_level
                0x000134a0       0x50 zephyr/kernel/libkernel.a(device.c.obj)
                0x000134a0                z_sys_init_run_level
 .text.z_device_ready
                0x000134f0       0x2c zephyr/kernel/libkernel.a(device.c.obj)
                0x000134f0                z_device_ready
 .text.z_impl_device_get_binding
                0x0001351c       0x50 zephyr/kernel/libkernel.a(device.c.obj)
                0x0001351c                z_impl_device_get_binding
 .text.idle     0x0001356c       0x60 zephyr/kernel/libkernel.a(idle.c.obj)
                0x0001356c                idle
 .text.z_bss_zero
                0x000135cc       0x14 zephyr/kernel/libkernel.a(init.c.obj)
                0x000135cc                z_bss_zero
 .text.bg_thread_main
                0x000135e0       0x34 zephyr/kernel/libkernel.a(init.c.obj)
 .text.z_cstart
                0x00013614      0x10c zephyr/kernel/libkernel.a(init.c.obj)
                0x00013614                z_cstart
 .text.init_mem_slab_module
                0x00013720       0x44 zephyr/kernel/libkernel.a(mem_slab.c.obj)
 .text.k_mem_slab_alloc
                0x00013764       0x64 zephyr/kernel/libkernel.a(mem_slab.c.obj)
                0x00013764                k_mem_slab_alloc
 .text.k_mem_slab_free
                0x000137c8       0x54 zephyr/kernel/libkernel.a(mem_slab.c.obj)
                0x000137c8                k_mem_slab_free
 .text.z_impl_k_mutex_lock
                0x0001381c       0xf0 zephyr/kernel/libkernel.a(mutex.c.obj)
                0x0001381c                z_impl_k_mutex_lock
 .text.z_impl_k_mutex_unlock
                0x0001390c       0x8c zephyr/kernel/libkernel.a(mutex.c.obj)
                0x0001390c                z_impl_k_mutex_unlock
 .text.z_reset_time_slice
                0x00013998       0x2c zephyr/kernel/libkernel.a(sched.c.obj)
                0x00013998                z_reset_time_slice
 .text.k_sched_time_slice_set
                0x000139c4       0x58 zephyr/kernel/libkernel.a(sched.c.obj)
                0x000139c4                k_sched_time_slice_set
 .text.z_reschedule
                0x00013a1c       0x24 zephyr/kernel/libkernel.a(sched.c.obj)
                0x00013a1c                z_reschedule
 .text.k_sched_lock
                0x00013a40       0x28 zephyr/kernel/libkernel.a(sched.c.obj)
                0x00013a40                k_sched_lock
 .text.z_priq_dumb_remove
                0x00013a68       0x2c zephyr/kernel/libkernel.a(sched.c.obj)
                0x00013a68                z_priq_dumb_remove
 .text.update_cache
                0x00013a94       0x50 zephyr/kernel/libkernel.a(sched.c.obj)
 .text.k_sched_unlock
                0x00013ae4       0x38 zephyr/kernel/libkernel.a(sched.c.obj)
                0x00013ae4                k_sched_unlock
 .text.ready_thread
                0x00013b1c       0x70 zephyr/kernel/libkernel.a(sched.c.obj)
 .text.z_sched_start
                0x00013b8c       0x3c zephyr/kernel/libkernel.a(sched.c.obj)
                0x00013b8c                z_sched_start
 .text.move_thread_to_end_of_prio_q
                0x00013bc8       0x74 zephyr/kernel/libkernel.a(sched.c.obj)
 .text.z_time_slice
                0x00013c3c       0x84 zephyr/kernel/libkernel.a(sched.c.obj)
                0x00013c3c                z_time_slice
 .text.z_impl_k_thread_suspend
                0x00013cc0       0x68 zephyr/kernel/libkernel.a(sched.c.obj)
                0x00013cc0                z_impl_k_thread_suspend
 .text.z_thread_single_abort
                0x00013d28      0x104 zephyr/kernel/libkernel.a(sched.c.obj)
                0x00013d28                z_thread_single_abort
 .text.unready_thread
                0x00013e2c       0x34 zephyr/kernel/libkernel.a(sched.c.obj)
 .text.pend     0x00013e60       0x4c zephyr/kernel/libkernel.a(sched.c.obj)
 .text.z_pend_curr
                0x00013eac       0x28 zephyr/kernel/libkernel.a(sched.c.obj)
                0x00013eac                z_pend_curr
 .text.z_tick_sleep.part.0
                0x00013ed4       0x74 zephyr/kernel/libkernel.a(sched.c.obj)
 .text.z_set_prio
                0x00013f48       0x88 zephyr/kernel/libkernel.a(sched.c.obj)
                0x00013f48                z_set_prio
 .text.z_sched_init
                0x00013fd0       0x18 zephyr/kernel/libkernel.a(sched.c.obj)
                0x00013fd0                z_sched_init
 .text.z_impl_k_yield
                0x00013fe8       0x9c zephyr/kernel/libkernel.a(sched.c.obj)
                0x00013fe8                z_impl_k_yield
 .text.z_impl_k_sleep
                0x00014084       0x44 zephyr/kernel/libkernel.a(sched.c.obj)
                0x00014084                z_impl_k_sleep
 .text.z_impl_k_current_get
                0x000140c8        0xc zephyr/kernel/libkernel.a(sched.c.obj)
                0x000140c8                z_impl_k_current_get
 .text.z_impl_k_sem_give
                0x000140d4       0x40 zephyr/kernel/libkernel.a(sem.c.obj)
                0x000140d4                z_impl_k_sem_give
 .text.z_impl_k_sem_take
                0x00014114       0x54 zephyr/kernel/libkernel.a(sem.c.obj)
                0x00014114                z_impl_k_sem_take
 .text.z_setup_new_thread
                0x00014168       0x60 zephyr/kernel/libkernel.a(thread.c.obj)
                0x00014168                z_setup_new_thread
 .text.z_init_static_threads
                0x000141c8       0xbc zephyr/kernel/libkernel.a(thread.c.obj)
                0x000141c8                z_init_static_threads
 .text.z_self_abort
                0x00014284       0x28 zephyr/kernel/libkernel.a(thread_abort.c.obj)
                0x00014284                z_self_abort
 .text.boot_banner
                0x000142ac       0x18 zephyr/kernel/libkernel.a(banner.c.obj)
                0x000142ac                boot_banner
 .text.z_data_copy
                0x000142c4       0x34 zephyr/kernel/libkernel.a(xip.c.obj)
                0x000142c4                z_data_copy
 .text.elapsed  0x000142f8       0x14 zephyr/kernel/libkernel.a(timeout.c.obj)
 .text.remove_timeout
                0x0001430c       0x34 zephyr/kernel/libkernel.a(timeout.c.obj)
 .text.next_timeout
                0x00014340       0x58 zephyr/kernel/libkernel.a(timeout.c.obj)
 .text.z_add_timeout
                0x00014398      0x11c zephyr/kernel/libkernel.a(timeout.c.obj)
                0x00014398                z_add_timeout
 .text.z_clock_announce
                0x000144b4       0xd4 zephyr/kernel/libkernel.a(timeout.c.obj)
                0x000144b4                z_clock_announce
 .text.z_tick_get
                0x00014588       0x34 zephyr/kernel/libkernel.a(timeout.c.obj)
                0x00014588                z_tick_get
 .text.statics_init
                0x000145bc       0x24 zephyr/kernel/libkernel.a(kheap.c.obj)
 .text.CC_PalMemCopyPlat
                0x000145e0        0x4 modules/nrfxlib/nrf_security/src/mbedtls/cc310/libmbedcrypto_cc3xx.a(cc_pal_mem.c.obj)
                0x000145e0                CC_PalMemCopyPlat
 .text.CC_PalMemSetZeroPlat
                0x000145e4        0x8 modules/nrfxlib/nrf_security/src/mbedtls/cc310/libmbedcrypto_cc3xx.a(cc_pal_mem.c.obj)
                0x000145e4                CC_PalMemSetZeroPlat
 .text.CC_PalInit
                0x000145ec       0x5c modules/nrfxlib/nrf_security/src/mbedtls/cc310/libmbedcrypto_cc3xx.a(cc_pal.c.obj)
                0x000145ec                CC_PalInit
 .text.CC_PalTerminate
                0x00014648       0x34 modules/nrfxlib/nrf_security/src/mbedtls/cc310/libmbedcrypto_cc3xx.a(cc_pal.c.obj)
                0x00014648                CC_PalTerminate
 .text.CC_PalDmaInit
                0x0001467c        0x4 modules/nrfxlib/nrf_security/src/mbedtls/cc310/libmbedcrypto_cc3xx.a(cc_pal_dma.c.obj)
                0x0001467c                CC_PalDmaInit
 .text.CC_PalDmaTerminate
                0x00014680        0x4 modules/nrfxlib/nrf_security/src/mbedtls/cc310/libmbedcrypto_cc3xx.a(cc_pal_dma.c.obj)
                0x00014680                CC_PalDmaTerminate
 .text.CC_PalMutexCreate
                0x00014684       0x14 modules/nrfxlib/nrf_security/src/mbedtls/cc310/libmbedcrypto_cc3xx.a(cc_pal_mutex.c.obj)
                0x00014684                CC_PalMutexCreate
 .text.CC_PalMutexDestroy
                0x00014698       0x14 modules/nrfxlib/nrf_security/src/mbedtls/cc310/libmbedcrypto_cc3xx.a(cc_pal_mutex.c.obj)
                0x00014698                CC_PalMutexDestroy
 .text.CC_PalMutexLock
                0x000146ac       0x10 modules/nrfxlib/nrf_security/src/mbedtls/cc310/libmbedcrypto_cc3xx.a(cc_pal_mutex.c.obj)
                0x000146ac                CC_PalMutexLock
 .text.CC_PalMutexUnlock
                0x000146bc       0x14 modules/nrfxlib/nrf_security/src/mbedtls/cc310/libmbedcrypto_cc3xx.a(cc_pal_mutex.c.obj)
                0x000146bc                CC_PalMutexUnlock
 .text.CC_PalPowerSaveModeInit
                0x000146d0       0x3c modules/nrfxlib/nrf_security/src/mbedtls/cc310/libmbedcrypto_cc3xx.a(cc_pal_pm.c.obj)
                0x000146d0                CC_PalPowerSaveModeInit
 .text.CC_PalPowerSaveModeSelect
                0x0001470c       0x84 modules/nrfxlib/nrf_security/src/mbedtls/cc310/libmbedcrypto_cc3xx.a(cc_pal_pm.c.obj)
                0x0001470c                CC_PalPowerSaveModeSelect
 .text.CC_HalInit
                0x00014790        0x4 modules/nrfxlib/nrf_security/src/mbedtls/cc310/libmbedcrypto_cc3xx.a(cc_hal.c.obj)
                0x00014790                CC_HalInit
 .text.CC_HalTerminate
                0x00014794        0x4 modules/nrfxlib/nrf_security/src/mbedtls/cc310/libmbedcrypto_cc3xx.a(cc_hal.c.obj)
                0x00014794                CC_HalTerminate
 .text.CC_HalClearInterruptBit
                0x00014798       0x1c modules/nrfxlib/nrf_security/src/mbedtls/cc310/libmbedcrypto_cc3xx.a(cc_hal.c.obj)
                0x00014798                CC_HalClearInterruptBit
 .text.CC_HalMaskInterrupt
                0x000147b4        0xc modules/nrfxlib/nrf_security/src/mbedtls/cc310/libmbedcrypto_cc3xx.a(cc_hal.c.obj)
                0x000147b4                CC_HalMaskInterrupt
 .text.CC_HalWaitInterruptRND
                0x000147c0        0xc modules/nrfxlib/nrf_security/src/mbedtls/cc310/libmbedcrypto_cc3xx.a(cc_hal.c.obj)
                0x000147c0                CC_HalWaitInterruptRND
 .text.CC_PalWaitInterruptRND
                0x000147cc       0x30 modules/nrfxlib/nrf_security/src/mbedtls/cc310/libmbedcrypto_cc3xx.a(cc_pal_interrupt_ctrl.c.obj)
                0x000147cc                CC_PalWaitInterruptRND
 .text.mbedtls_platform_setup
                0x000147fc        0x4 C:/Work/nrf/v1.5.1/nrfxlib/crypto/nrf_cc310_platform/lib/cortex-m33/hard-float/no-interrupts/libnrf_cc310_platform_0.9.7.a(platform_alt.c.obj)
                0x000147fc                mbedtls_platform_setup
 .text.mbedtls_platform_zeroize
                0x00014800       0x14 C:/Work/nrf/v1.5.1/nrfxlib/crypto/nrf_cc310_platform/lib/cortex-m33/hard-float/no-interrupts/libnrf_cc310_platform_0.9.7.a(mbedtls_common.c.obj)
                0x00014800                mbedtls_platform_zeroize
 .text.mbedtls_hardware_poll
                0x00014814       0xac C:/Work/nrf/v1.5.1/nrfxlib/crypto/nrf_cc310_platform/lib/cortex-m33/hard-float/no-interrupts/libnrf_cc310_platform_0.9.7.a(trng_api.c.obj)
                0x00014814                mbedtls_hardware_poll
 .text.RNG_PLAT_SetUserRngParameters
                0x000148c0       0x7c C:/Work/nrf/v1.5.1/nrfxlib/crypto/nrf_cc310_platform/lib/cortex-m33/hard-float/no-interrupts/libnrf_cc310_platform_0.9.7.a(cc_rng_plat.c.obj)
                0x000148c0                RNG_PLAT_SetUserRngParameters
 .text.nrf_cc3xx_platform_init
                0x0001493c       0x44 C:/Work/nrf/v1.5.1/nrfxlib/crypto/nrf_cc310_platform/lib/cortex-m33/hard-float/no-interrupts/libnrf_cc310_platform_0.9.7.a(nrf_cc3xx_platform.c.obj)
                0x0001493c                nrf_cc3xx_platform_init
 .text.nrf_cc3xx_platform_init_no_rng
                0x00014980       0x38 C:/Work/nrf/v1.5.1/nrfxlib/crypto/nrf_cc310_platform/lib/cortex-m33/hard-float/no-interrupts/libnrf_cc310_platform_0.9.7.a(nrf_cc3xx_platform.c.obj)
                0x00014980                nrf_cc3xx_platform_init_no_rng
 .text.nrf_cc3xx_platform_abort
                0x000149b8       0x24 C:/Work/nrf/v1.5.1/nrfxlib/crypto/nrf_cc310_platform/lib/cortex-m33/hard-float/no-interrupts/libnrf_cc310_platform_0.9.7.a(nrf_cc3xx_platform_abort.c.obj)
 .text.CC_PalAbort
                0x000149dc       0x38 C:/Work/nrf/v1.5.1/nrfxlib/crypto/nrf_cc310_platform/lib/cortex-m33/hard-float/no-interrupts/libnrf_cc310_platform_0.9.7.a(nrf_cc3xx_platform_abort.c.obj)
                0x000149dc                CC_PalAbort
 .text.nrf_cc3xx_platform_set_abort
                0x00014a14       0x10 C:/Work/nrf/v1.5.1/nrfxlib/crypto/nrf_cc310_platform/lib/cortex-m33/hard-float/no-interrupts/libnrf_cc310_platform_0.9.7.a(nrf_cc3xx_platform_abort.c.obj)
                0x00014a14                nrf_cc3xx_platform_set_abort
 .text.mutex_unlock
                0x00014a24       0x20 C:/Work/nrf/v1.5.1/nrfxlib/crypto/nrf_cc310_platform/lib/cortex-m33/hard-float/no-interrupts/libnrf_cc310_platform_0.9.7.a(nrf_cc3xx_platform_mutex.c.obj)
 .text.mutex_free
                0x00014a44       0x24 C:/Work/nrf/v1.5.1/nrfxlib/crypto/nrf_cc310_platform/lib/cortex-m33/hard-float/no-interrupts/libnrf_cc310_platform_0.9.7.a(nrf_cc3xx_platform_mutex.c.obj)
 .text.mutex_init
                0x00014a68       0x20 C:/Work/nrf/v1.5.1/nrfxlib/crypto/nrf_cc310_platform/lib/cortex-m33/hard-float/no-interrupts/libnrf_cc310_platform_0.9.7.a(nrf_cc3xx_platform_mutex.c.obj)
 .text.mutex_lock
                0x00014a88       0x30 C:/Work/nrf/v1.5.1/nrfxlib/crypto/nrf_cc310_platform/lib/cortex-m33/hard-float/no-interrupts/libnrf_cc310_platform_0.9.7.a(nrf_cc3xx_platform_mutex.c.obj)
 .text.nrf_cc3xx_platform_set_mutexes
                0x00014ab8       0x38 C:/Work/nrf/v1.5.1/nrfxlib/crypto/nrf_cc310_platform/lib/cortex-m33/hard-float/no-interrupts/libnrf_cc310_platform_0.9.7.a(nrf_cc3xx_platform_mutex.c.obj)
                0x00014ab8                nrf_cc3xx_platform_set_mutexes
 .text.CC_LibInitNoRng
                0x00014af0       0x6c C:/Work/nrf/v1.5.1/nrfxlib/crypto/nrf_cc310_platform/lib/cortex-m33/hard-float/no-interrupts/libnrf_cc310_platform_0.9.7.a(cc_lib.c.obj)
                0x00014af0                CC_LibInitNoRng
 .text.CC_LibInitRngModule
                0x00014b5c       0xbc C:/Work/nrf/v1.5.1/nrfxlib/crypto/nrf_cc310_platform/lib/cortex-m33/hard-float/no-interrupts/libnrf_cc310_platform_0.9.7.a(cc_lib.c.obj)
                0x00014b5c                CC_LibInitRngModule
 .text.CC_LibInit
                0x00014c18       0x80 C:/Work/nrf/v1.5.1/nrfxlib/crypto/nrf_cc310_platform/lib/cortex-m33/hard-float/no-interrupts/libnrf_cc310_platform_0.9.7.a(cc_lib.c.obj)
                0x00014c18                CC_LibInit
 .text.CC_PalTrngParamGet
                0x00014c98      0x110 C:/Work/nrf/v1.5.1/nrfxlib/crypto/nrf_cc310_platform/lib/cortex-m33/hard-float/no-interrupts/libnrf_cc310_platform_0.9.7.a(cc_pal_trng.c.obj)
                0x00014c98                CC_PalTrngParamGet
 .text.startTrngHW
                0x00014da8      0x154 C:/Work/nrf/v1.5.1/nrfxlib/crypto/nrf_cc310_platform/lib/cortex-m33/hard-float/no-interrupts/libnrf_cc310_platform_0.9.7.a(llf_rnd_trng90b.c.obj)
 .text.LLF_RND_RepetitionCounterTest.part.0
                0x00014efc       0x58 C:/Work/nrf/v1.5.1/nrfxlib/crypto/nrf_cc310_platform/lib/cortex-m33/hard-float/no-interrupts/libnrf_cc310_platform_0.9.7.a(llf_rnd_trng90b.c.obj)
 .text.LLF_RND_AdaptiveProportionTest
                0x00014f54       0xcc C:/Work/nrf/v1.5.1/nrfxlib/crypto/nrf_cc310_platform/lib/cortex-m33/hard-float/no-interrupts/libnrf_cc310_platform_0.9.7.a(llf_rnd_trng90b.c.obj)
                0x00014f54                LLF_RND_AdaptiveProportionTest
 .text.getTrngSource
                0x00015020      0x2d0 C:/Work/nrf/v1.5.1/nrfxlib/crypto/nrf_cc310_platform/lib/cortex-m33/hard-float/no-interrupts/libnrf_cc310_platform_0.9.7.a(llf_rnd_trng90b.c.obj)
 .text.LLF_RND_GetTrngSource
                0x000152f0       0x98 C:/Work/nrf/v1.5.1/nrfxlib/crypto/nrf_cc310_platform/lib/cortex-m33/hard-float/no-interrupts/libnrf_cc310_platform_0.9.7.a(llf_rnd_trng90b.c.obj)
                0x000152f0                LLF_RND_GetTrngSource
 .text.LLF_RND_RunTrngStartupTest
                0x00015388       0x1c C:/Work/nrf/v1.5.1/nrfxlib/crypto/nrf_cc310_platform/lib/cortex-m33/hard-float/no-interrupts/libnrf_cc310_platform_0.9.7.a(llf_rnd_trng90b.c.obj)
                0x00015388                LLF_RND_RunTrngStartupTest
 .text.LLF_RND_WaitRngInterrupt
                0x000153a4       0x20 C:/Work/nrf/v1.5.1/nrfxlib/crypto/nrf_cc310_platform/lib/cortex-m33/hard-float/no-interrupts/libnrf_cc310_platform_0.9.7.a(llf_rnd.c.obj)
                0x000153a4                LLF_RND_WaitRngInterrupt
 .text.LLF_RND_GetRoscSampleCnt
                0x000153c4       0x3c C:/Work/nrf/v1.5.1/nrfxlib/crypto/nrf_cc310_platform/lib/cortex-m33/hard-float/no-interrupts/libnrf_cc310_platform_0.9.7.a(llf_rnd.c.obj)
                0x000153c4                LLF_RND_GetRoscSampleCnt
 .text.LLF_RND_GetFastestRosc
                0x00015400       0x20 C:/Work/nrf/v1.5.1/nrfxlib/crypto/nrf_cc310_platform/lib/cortex-m33/hard-float/no-interrupts/libnrf_cc310_platform_0.9.7.a(llf_rnd.c.obj)
                0x00015400                LLF_RND_GetFastestRosc
 .text.LLF_RND_TurnOffTrng
                0x00015420       0x1c C:/Work/nrf/v1.5.1/nrfxlib/crypto/nrf_cc310_platform/lib/cortex-m33/hard-float/no-interrupts/libnrf_cc310_platform_0.9.7.a(llf_rnd.c.obj)
                0x00015420                LLF_RND_TurnOffTrng
 .text.main     0x0001543c        0xe app/libapp.a(main.c.obj)
                0x0001543c                main
 .text.sys_notify_validate
                0x0001544a       0x22 zephyr/libzephyr.a(notify.c.obj)
                0x0001544a                sys_notify_validate
 .text.sys_notify_finalize
                0x0001546c       0x18 zephyr/libzephyr.a(notify.c.obj)
                0x0001546c                sys_notify_finalize
 .text.arch_printk_char_out
                0x00015484        0x4 zephyr/libzephyr.a(printk.c.obj)
                0x00015484                arch_printk_char_out
 .text.printk   0x00015488       0x1a zephyr/libzephyr.a(printk.c.obj)
                0x00015488                printk
 .text.process_recheck
                0x000154a2       0x38 zephyr/libzephyr.a(onoff.c.obj)
 .text.notify_one
                0x000154da       0x2c zephyr/libzephyr.a(onoff.c.obj)
 .text.transition_complete
                0x00015506       0x1e zephyr/libzephyr.a(onoff.c.obj)
 .text.validate_args
                0x00015524       0x1e zephyr/libzephyr.a(onoff.c.obj)
 .text.onoff_manager_init
                0x00015542       0x26 zephyr/libzephyr.a(onoff.c.obj)
                0x00015542                onoff_manager_init
 .text.onoff_request
                0x00015568       0x92 zephyr/libzephyr.a(onoff.c.obj)
                0x00015568                onoff_request
 .text.z_thread_entry
                0x000155fa       0x14 zephyr/libzephyr.a(thread_entry.c.obj)
                0x000155fa                z_thread_entry
 .text.chunk_field
                0x0001560e       0x16 zephyr/libzephyr.a(heap.c.obj)
 .text.chunk_set
                0x00015624       0x16 zephyr/libzephyr.a(heap.c.obj)
 .text.chunk_size
                0x0001563a        0xc zephyr/libzephyr.a(heap.c.obj)
 .text.set_chunk_used
                0x00015646       0x30 zephyr/libzephyr.a(heap.c.obj)
 .text.set_chunk_size
                0x00015676        0x8 zephyr/libzephyr.a(heap.c.obj)
 .text.bucket_idx
                0x0001567e       0x1a zephyr/libzephyr.a(heap.c.obj)
 .text.free_list_add
                0x00015698       0x8a zephyr/libzephyr.a(heap.c.obj)
 .text.sys_heap_init
                0x00015722       0xa4 zephyr/libzephyr.a(heap.c.obj)
                0x00015722                sys_heap_init
 .text._ldiv5   0x000157c6       0x3e zephyr/libzephyr.a(cbprintf_complete.c.obj)
 .text._get_digit
                0x00015804       0x2e zephyr/libzephyr.a(cbprintf_complete.c.obj)
 .text.encode_uint
                0x00015832       0x96 zephyr/libzephyr.a(cbprintf_complete.c.obj)
 .text.outs     0x000158c8       0x32 zephyr/libzephyr.a(cbprintf_complete.c.obj)
 .text._ConfigAbsSyms
                0x000158fa        0x2 zephyr/libzephyr.a(configs.c.obj)
                0x000158fa                _ConfigAbsSyms
 .text.z_platform_init
                0x000158fc        0x4 zephyr/libzephyr.a(soc.c.obj)
                0x000158fc                z_platform_init
 .text.get_status
                0x00015900       0x12 zephyr/libzephyr.a(clock_control_nrf.c.obj)
 .text.set_off_state
                0x00015912       0x32 zephyr/libzephyr.a(clock_control_nrf.c.obj)
 .text.set_starting_state
                0x00015944       0x3c zephyr/libzephyr.a(clock_control_nrf.c.obj)
 .text.set_on_state
                0x00015980       0x26 zephyr/libzephyr.a(clock_control_nrf.c.obj)
 .text.onoff_started_callback
                0x000159a6       0x14 zephyr/libzephyr.a(clock_control_nrf.c.obj)
 .text.lfclk_start
                0x000159ba        0x6 zephyr/libzephyr.a(clock_control_nrf.c.obj)
 .text.lfclk_stop
                0x000159c0        0x6 zephyr/libzephyr.a(clock_control_nrf.c.obj)
 .text.blocking_start_callback
                0x000159c6        0x6 zephyr/libzephyr.a(clock_control_nrf.c.obj)
 .text.api_stop
                0x000159cc       0x28 zephyr/libzephyr.a(clock_control_nrf.c.obj)
 .text.api_start
                0x000159f4       0x36 zephyr/libzephyr.a(clock_control_nrf.c.obj)
 .text.z_clock_isr
                0x00015a2a        0x2 zephyr/libzephyr.a(sys_clock_init.c.obj)
                0x00015a2a                z_clock_isr
 .text.z_clock_idle_exit
                0x00015a2c        0x2 zephyr/libzephyr.a(sys_clock_init.c.obj)
                0x00015a2c                z_clock_idle_exit
 .text.sys_clock_disable
                0x00015a2e        0x2 zephyr/libzephyr.a(sys_clock_init.c.obj)
                0x00015a2e                sys_clock_disable
 .text.spm_secure_services_init
                0x00015a30       0x14 zephyr/libzephyr.a(secure_services.c.obj)
                0x00015a30                spm_secure_services_init
 .text.spm_request_random_number_nse
                0x00015a44       0x9a zephyr/libzephyr.a(secure_services.c.obj)
                0x00015a44                __acle_se_spm_request_random_number_nse
 .text.spm_firmware_info_nse
                0x00015ade       0xa4 zephyr/libzephyr.a(secure_services.c.obj)
                0x00015ade                __acle_se_spm_firmware_info_nse
 .text.abort_function
                0x00015b82        0x6 zephyr/libzephyr.a(nrf_cc3xx_platform_abort_zephyr.c.obj)
 .text.z_irq_spurious
                0x00015b88        0x8 zephyr/arch/arch/arm/core/aarch32/libarch__arm__core__aarch32.a(irq_manage.c.obj)
                0x00015b88                z_irq_spurious
 .text.irq_target_state_set
                0x00015b90       0x5c zephyr/arch/arch/arm/core/aarch32/libarch__arm__core__aarch32.a(irq_manage.c.obj)
                0x00015b90                irq_target_state_set
 .text.configure_builtin_stack_guard
                0x00015bec        0x8 zephyr/arch/arch/arm/core/aarch32/libarch__arm__core__aarch32.a(thread.c.obj)
                0x00015bec                configure_builtin_stack_guard
 .text.z_arm_fatal_error
                0x00015bf4        0x4 zephyr/arch/arch/arm/core/aarch32/libarch__arm__core__aarch32.a(fatal.c.obj)
                0x00015bf4                z_arm_fatal_error
 .text.z_do_kernel_oops
                0x00015bf8        0x8 zephyr/arch/arch/arm/core/aarch32/libarch__arm__core__aarch32.a(fatal.c.obj)
                0x00015bf8                z_do_kernel_oops
 .text.z_arm_nmi
                0x00015c00        0xe zephyr/arch/arch/arm/core/aarch32/libarch__arm__core__aarch32.a(nmi.c.obj)
                0x00015c00                z_arm_nmi
 .text.mpu_configure_region
                0x00015c0e       0x3a zephyr/arch/arch/arm/core/aarch32/cortex_m/mpu/libarch__arm__core__aarch32__cortex_m__mpu.a(arm_mpu.c.obj)
 .text.arm_cmse_mpu_region_get
                0x00015c48       0x14 zephyr/arch/arch/arm/core/aarch32/cortex_m/cmse/libarch__arm__core__aarch32__cortex_m__cmse.a(arm_core_cmse.c.obj)
                0x00015c48                arm_cmse_mpu_region_get
 .text.arm_cmse_addr_is_secure
                0x00015c5c        0xa zephyr/arch/arch/arm/core/aarch32/cortex_m/cmse/libarch__arm__core__aarch32__cortex_m__cmse.a(arm_core_cmse.c.obj)
                0x00015c5c                arm_cmse_addr_is_secure
 .text.strlen   0x00015c66        0xe zephyr/lib/libc/minimal/liblib__libc__minimal.a(string.c.obj)
                0x00015c66                strlen
 .text.strnlen  0x00015c74       0x12 zephyr/lib/libc/minimal/liblib__libc__minimal.a(string.c.obj)
                0x00015c74                strnlen
 .text.strcmp   0x00015c86       0x18 zephyr/lib/libc/minimal/liblib__libc__minimal.a(string.c.obj)
                0x00015c86                strcmp
 .text.memcmp   0x00015c9e       0x20 zephyr/lib/libc/minimal/liblib__libc__minimal.a(string.c.obj)
                0x00015c9e                memcmp
 .text.memmove  0x00015cbe       0x2e zephyr/lib/libc/minimal/liblib__libc__minimal.a(string.c.obj)
                0x00015cbe                memmove
 .text.memcpy   0x00015cec       0x56 zephyr/lib/libc/minimal/liblib__libc__minimal.a(string.c.obj)
                0x00015cec                memcpy
 .text.memset   0x00015d42       0x46 zephyr/lib/libc/minimal/liblib__libc__minimal.a(string.c.obj)
                0x00015d42                memset
 .text._stdout_hook_default
                0x00015d88        0x6 zephyr/lib/libc/minimal/liblib__libc__minimal.a(stdout_console.c.obj)
 .text.uarte_nrfx_isr_int
                0x00015d8e       0x40 zephyr/drivers/serial/libdrivers__serial.a(uart_nrfx_uarte.c.obj)
 .text.uarte_nrfx_config_get
                0x00015dce       0x10 zephyr/drivers/serial/libdrivers__serial.a(uart_nrfx_uarte.c.obj)
 .text.uarte_nrfx_err_check
                0x00015dde        0xe zephyr/drivers/serial/libdrivers__serial.a(uart_nrfx_uarte.c.obj)
 .text.is_tx_ready
                0x00015dec       0x1e zephyr/drivers/serial/libdrivers__serial.a(uart_nrfx_uarte.c.obj)
 .text.uarte_nrfx_poll_in
                0x00015e0a       0x26 zephyr/drivers/serial/libdrivers__serial.a(uart_nrfx_uarte.c.obj)
 .text.k_sys_fatal_error_handler
                0x00015e30        0x8 modules/nrf/lib/fatal_error/lib..__nrf__lib__fatal_error.a(fatal_error.c.obj)
                0x00015e30                k_sys_fatal_error_handler
 .text.hw_cc3xx_init
                0x00015e38       0x12 modules/nrf/drivers/hw_cc310/lib..__nrf__drivers__hw_cc310.a(hw_cc310.c.obj)
 .text.nrfx_isr
                0x00015e4a        0x2 modules/hal_nordic/libmodules__hal_nordic.a(nrfx_glue.c.obj)
                0x00015e4a                nrfx_isr
 .text.nrfx_busy_wait
                0x00015e4c        0x4 modules/hal_nordic/libmodules__hal_nordic.a(nrfx_glue.c.obj)
                0x00015e4c                nrfx_busy_wait
 .text.nrfx_clock_enable
                0x00015e50       0x16 modules/hal_nordic/libmodules__hal_nordic.a(nrfx_clock.c.obj)
                0x00015e50                nrfx_clock_enable
 .text.z_fatal_error
                0x00015e66       0x38 zephyr/kernel/libkernel.a(fatal.c.obj)
                0x00015e66                z_fatal_error
 .text.z_pm_save_idle_exit
                0x00015e9e        0x4 zephyr/kernel/libkernel.a(idle.c.obj)
                0x00015e9e                z_pm_save_idle_exit
 .text.k_mem_slab_init
                0x00015ea2       0x36 zephyr/kernel/libkernel.a(mem_slab.c.obj)
                0x00015ea2                k_mem_slab_init
 .text.z_impl_k_mutex_init
                0x00015ed8        0xe zephyr/kernel/libkernel.a(mutex.c.obj)
                0x00015ed8                z_impl_k_mutex_init
 .text.z_reschedule_irqlock
                0x00015ee6       0x18 zephyr/kernel/libkernel.a(sched.c.obj)
                0x00015ee6                z_reschedule_irqlock
 .text.z_reschedule_unlocked
                0x00015efe       0x14 zephyr/kernel/libkernel.a(sched.c.obj)
 .text.unpend_thread_no_timeout
                0x00015f12       0x18 zephyr/kernel/libkernel.a(sched.c.obj)
 .text.z_priq_dumb_best
                0x00015f2a       0x14 zephyr/kernel/libkernel.a(sched.c.obj)
                0x00015f2a                z_priq_dumb_best
 .text.z_ready_thread
                0x00015f3e       0x20 zephyr/kernel/libkernel.a(sched.c.obj)
                0x00015f3e                z_ready_thread
 .text.z_thread_timeout
                0x00015f5e       0x40 zephyr/kernel/libkernel.a(sched.c.obj)
                0x00015f5e                z_thread_timeout
 .text.add_to_waitq_locked
                0x00015f9e       0x56 zephyr/kernel/libkernel.a(sched.c.obj)
 .text.z_unpend_first_thread
                0x00015ff4       0x4a zephyr/kernel/libkernel.a(sched.c.obj)
                0x00015ff4                z_unpend_first_thread
 .text.k_is_in_isr
                0x0001603e        0xc zephyr/kernel/libkernel.a(thread.c.obj)
                0x0001603e                k_is_in_isr
 .text.z_impl_k_busy_wait
                0x0001604a        0x8 zephyr/kernel/libkernel.a(thread.c.obj)
                0x0001604a                z_impl_k_busy_wait
 .text.z_abort_timeout
                0x00016052       0x2c zephyr/kernel/libkernel.a(timeout.c.obj)
                0x00016052                z_abort_timeout
 .text.z_get_next_timeout_expiry
                0x0001607e       0x20 zephyr/kernel/libkernel.a(timeout.c.obj)
                0x0001607e                z_get_next_timeout_expiry
 .text.z_set_timeout_expiry
                0x0001609e       0x36 zephyr/kernel/libkernel.a(timeout.c.obj)
                0x0001609e                z_set_timeout_expiry
 .text.z_tick_get_32
                0x000160d4        0x8 zephyr/kernel/libkernel.a(timeout.c.obj)
                0x000160d4                z_tick_get_32
 .text.k_heap_init
                0x000160dc       0x12 zephyr/kernel/libkernel.a(kheap.c.obj)
                0x000160dc                k_heap_init
 .text._OffsetAbsSyms
                0x000160ee        0x2 zephyr/CMakeFiles/offsets.dir/./arch/arm/core/offsets/offsets.c.obj
                0x000160ee                _OffsetAbsSyms
 *(SORT_BY_ALIGNMENT(.TEXT.*))
 *(SORT_BY_ALIGNMENT(.gnu.linkonce.t.*))
 *(SORT_BY_ALIGNMENT(.glue_7t))
 .glue_7t       0x000160f0        0x0 linker stubs
 *(SORT_BY_ALIGNMENT(.glue_7))
 .glue_7        0x000160f0        0x0 linker stubs
 *(SORT_BY_ALIGNMENT(.vfp11_veneer))
 .vfp11_veneer  0x000160f0        0x0 linker stubs
 *(SORT_BY_ALIGNMENT(.v4_bx))
 .v4_bx         0x000160f0        0x0 linker stubs
                0x000160f0                _image_text_end = .

.ARM.exidx      0x000160f0        0x8
                0x000160f0                __exidx_start = .
 *(SORT_BY_ALIGNMENT(.ARM.exidx*) SORT_BY_ALIGNMENT(gnu.linkonce.armexidx.*))
 .ARM.exidx     0x000160f0        0x8 c:/work/nrf/v1.5.1/toolchain/opt/bin/../lib/gcc/arm-none-eabi/9.2.1/thumb/v8-m.main+fp/hard\libgcc.a(_udivmoddi4.o)
                0x000160f8                __exidx_end = .
                0x000160f8                _image_rodata_start = .

initlevel       0x000160f8       0x58
                0x000160f8                __init_start = .
                0x000160f8                __init_PRE_KERNEL_1_start = .
 *(SORT_BY_NAME(SORT_BY_ALIGNMENT(.init_PRE_KERNEL_1[0-9]*)))
 .init_PRE_KERNEL_10
                0x000160f8        0x8 zephyr/libzephyr.a(soc.c.obj)
 .init_PRE_KERNEL_130
                0x00016100        0x8 zephyr/kernel/libkernel.a(mem_slab.c.obj)
 .init_PRE_KERNEL_130
                0x00016108        0x8 zephyr/kernel/libkernel.a(kheap.c.obj)
 .init_PRE_KERNEL_140
                0x00016110        0x8 zephyr/arch/arch/arm/core/aarch32/cortex_m/mpu/libarch__arm__core__aarch32__cortex_m__mpu.a(arm_mpu.c.obj)
 .init_PRE_KERNEL_150
                0x00016118        0x8 zephyr/libzephyr.a(clock_control_nrf.c.obj)
 .init_PRE_KERNEL_150
                0x00016120       0x10 zephyr/drivers/serial/libdrivers__serial.a(uart_nrfx_uarte.c.obj)
 .init_PRE_KERNEL_160
                0x00016130        0x8 zephyr/libzephyr.a(uart_console.c.obj)
 *(SORT_BY_NAME(SORT_BY_ALIGNMENT(.init_PRE_KERNEL_1[1-9][0-9]*)))
                0x00016138                __init_PRE_KERNEL_2_start = .
 *(SORT_BY_NAME(SORT_BY_ALIGNMENT(.init_PRE_KERNEL_2[0-9]*)))
 .init_PRE_KERNEL_20
                0x00016138        0x8 zephyr/libzephyr.a(sys_clock_init.c.obj)
 *(SORT_BY_NAME(SORT_BY_ALIGNMENT(.init_PRE_KERNEL_2[1-9][0-9]*)))
                0x00016140                __init_POST_KERNEL_start = .
 *(SORT_BY_NAME(SORT_BY_ALIGNMENT(.init_POST_KERNEL[0-9]*)))
 .init_POST_KERNEL40
                0x00016140        0x8 modules/nrf/drivers/hw_cc310/lib..__nrf__drivers__hw_cc310.a(hw_cc310.c.obj)
 .init_POST_KERNEL90
                0x00016148        0x8 modules/nrf/subsys/fw_info/lib..__nrf__subsys__fw_info.a(fw_info.c.obj)
 *(SORT_BY_NAME(SORT_BY_ALIGNMENT(.init_POST_KERNEL[1-9][0-9]*)))
                0x00016150                __init_APPLICATION_start = .
 *(SORT_BY_NAME(SORT_BY_ALIGNMENT(.init_APPLICATION[0-9]*)))
 *(SORT_BY_NAME(SORT_BY_ALIGNMENT(.init_APPLICATION[1-9][0-9]*)))
                0x00016150                __init_SMP_start = .
 *(SORT_BY_NAME(SORT_BY_ALIGNMENT(.init_SMP[0-9]*)))
 *(SORT_BY_NAME(SORT_BY_ALIGNMENT(.init_SMP[1-9][0-9]*)))
                0x00016150                __init_end = .

sw_isr_table    0x00016150      0x208
                0x00016150                . = ALIGN (0x0)
 *(SORT_BY_ALIGNMENT(.gnu.linkonce.sw_isr_table*))
 .gnu.linkonce.sw_isr_table*
                0x00016150      0x208 zephyr/CMakeFiles/zephyr_final.dir/isr_tables.c.obj
                0x00016150                _sw_isr_table

initlevel_error
                0x000160f8        0x0
 *(SORT_BY_NAME(SORT_BY_ALIGNMENT(.init_[_A-Z0-9]*)))
                0x00000001                ASSERT ((SIZEOF (initlevel_error) == 0x0), Undefined initialization levels used.)

app_shmem_regions
                0x00016358        0x0
                0x00016358                __app_shmem_regions_start = .
 *(SORT_BY_NAME(SORT_BY_ALIGNMENT(.app_regions.*)))
                0x00016358                __app_shmem_regions_end = .

bt_l2cap_fixed_chan_area
                0x00016358        0x0
                0x00016358                _bt_l2cap_fixed_chan_list_start = .
 *(SORT_BY_NAME(SORT_BY_ALIGNMENT(._bt_l2cap_fixed_chan.static.*)))
                0x00016358                _bt_l2cap_fixed_chan_list_end = .

bt_gatt_service_static_area
                0x00016358        0x0
                0x00016358                _bt_gatt_service_static_list_start = .
 *(SORT_BY_NAME(SORT_BY_ALIGNMENT(._bt_gatt_service_static.static.*)))
                0x00016358                _bt_gatt_service_static_list_end = .

k_p4wq_initparam_area
                0x00016358        0x0
                0x00016358                _k_p4wq_initparam_list_start = .
 *(SORT_BY_NAME(SORT_BY_ALIGNMENT(._k_p4wq_initparam.static.*)))
                0x00016358                _k_p4wq_initparam_list_end = .

log_const_sections
                0x00016358        0x0
                0x00016358                __log_const_start = .
 *(SORT_BY_NAME(SORT_BY_ALIGNMENT(.log_const_*)))
                0x00016358                __log_const_end = .

log_backends_sections
                0x00016358        0x0
                0x00016358                __log_backends_start = .
 *(SORT_BY_ALIGNMENT(._log_backend.*))
                0x00016358                __log_backends_end = .

shell_area      0x00016358        0x0
                0x00016358                _shell_list_start = .
 *(SORT_BY_NAME(SORT_BY_ALIGNMENT(._shell.static.*)))
                0x00016358                _shell_list_end = .

shell_root_cmds_sections
                0x00016358        0x0
                0x00016358                __shell_root_cmds_start = .
 *(SORT_BY_NAME(SORT_BY_ALIGNMENT(.shell_root_cmd_*)))
                0x00016358                __shell_root_cmds_end = .

font_entry_sections
                0x00016358        0x0
                0x00016358                __font_entry_start = .
 *(SORT_BY_NAME(SORT_BY_ALIGNMENT(._cfb_font.*)))
                0x00016358                __font_entry_end = .

tracing_backend_area
                0x00016358        0x0
                0x00016358                _tracing_backend_list_start = .
 *(SORT_BY_NAME(SORT_BY_ALIGNMENT(._tracing_backend.static.*)))
                0x00016358                _tracing_backend_list_end = .

tdata           0x00016358        0x0
 *(SORT_BY_ALIGNMENT(.tdata) SORT_BY_ALIGNMENT(.tdata.*) SORT_BY_ALIGNMENT(.gnu.linkonce.td.*))

tbss            0x00016358        0x0
 *(SORT_BY_ALIGNMENT(.tbss) SORT_BY_ALIGNMENT(.tbss.*) SORT_BY_ALIGNMENT(.gnu.linkonce.tb.*) SORT_BY_ALIGNMENT(.tcommon))
                [!provide]                PROVIDE (__tdata_start = LOADADDR (tdata))
                [!provide]                PROVIDE (__tdata_size = SIZEOF (tdata))
                [!provide]                PROVIDE (__tdata_end = (__tdata_start + __tdata_size))
                [!provide]                PROVIDE (__tbss_start = LOADADDR (tbss))
                [!provide]                PROVIDE (__tbss_size = SIZEOF (tbss))
                [!provide]                PROVIDE (__tbss_end = (__tbss_start + __tbss_size))
                [!provide]                PROVIDE (__tls_start = __tdata_start)
                [!provide]                PROVIDE (__tls_end = __tbss_end)
                [!provide]                PROVIDE (__tls_size = (__tbss_end - __tdata_start))

rodata          0x00016360      0x6f4
 *(SORT_BY_ALIGNMENT(.rodata))
 .rodata        0x00016360        0xc zephyr/libzephyr.a(secure_services.c.obj)
 .rodata        0x0001636c       0x20 zephyr/drivers/serial/libdrivers__serial.a(uart_nrfx_uarte.c.obj)
 .rodata        0x0001638c       0x18 modules/nrf/subsys/fw_info/lib..__nrf__subsys__fw_info.a(fw_info.c.obj)
 *(SORT_BY_ALIGNMENT(.rodata.*))
 *fill*         0x000163a4        0xc 
 .rodata.delay_machine_code.10048
                0x000163b0        0x6 zephyr/libzephyr.a(soc.c.obj)
 *fill*         0x000163b6        0x2 
 .rodata.clock_control_api
                0x000163b8       0x14 zephyr/libzephyr.a(clock_control_nrf.c.obj)
 .rodata.config
                0x000163cc       0x10 zephyr/libzephyr.a(clock_control_nrf.c.obj)
 .rodata.transitions.11698
                0x000163dc        0xc zephyr/libzephyr.a(clock_control_nrf.c.obj)
 .rodata.periph.12861
                0x000163e8       0xd0 zephyr/libzephyr.a(spm.c.obj)
 .rodata.fw_info_allowed_offsets
                0x000164b8       0x14 zephyr/libzephyr.a(secure_services.c.obj)
 .rodata.apis   0x000164cc        0x8 zephyr/libzephyr.a(nrf_cc3xx_platform_abort_zephyr.c.obj)
 .rodata.mutex_apis
                0x000164d4       0x10 zephyr/libzephyr.a(nrf_cc3xx_platform_mutex_zephyr.c.obj)
 .rodata.mutexes
                0x000164e4       0x14 zephyr/libzephyr.a(nrf_cc3xx_platform_mutex_zephyr.c.obj)
 .rodata.static_regions
                0x000164f8        0xc zephyr/arch/arch/arm/core/aarch32/cortex_m/mpu/libarch__arm__core__aarch32__cortex_m__mpu.a(arm_core_mpu.c.obj)
 .rodata.mpu_config
                0x00016504        0x8 zephyr/soc/arm/common/cortex_m/libsoc__arm__common__cortex_m.a(arm_mpu_regions.c.obj)
                0x00016504                mpu_config
 .rodata.mpu_regions
                0x0001650c       0x20 zephyr/soc/arm/common/cortex_m/libsoc__arm__common__cortex_m.a(arm_mpu_regions.c.obj)
 .rodata.uart_nrfx_uarte_driver_api
                0x0001652c       0x14 zephyr/drivers/serial/libdrivers__serial.a(uart_nrfx_uarte.c.obj)
 .rodata.uarte_0z_config
                0x00016540        0x8 zephyr/drivers/serial/libdrivers__serial.a(uart_nrfx_uarte.c.obj)
 .rodata.uarte_1z_config
                0x00016548        0x8 zephyr/drivers/serial/libdrivers__serial.a(uart_nrfx_uarte.c.obj)
 .rodata.levels.10262
                0x00016550       0x14 zephyr/kernel/libkernel.a(device.c.obj)
 .rodata._k_neg_eagain
                0x00016564        0x4 zephyr/kernel/libkernel.a(errno.c.obj)
                0x00016564                _k_neg_eagain
 .rodata.CC_PalPowerSaveModeInit.str1.4
                0x00016568       0x20 modules/nrfxlib/nrf_security/src/mbedtls/cc310/libmbedcrypto_cc3xx.a(cc_pal_pm.c.obj)
 .rodata.CSWTCH.6
                0x00016588       0x1c C:/Work/nrf/v1.5.1/nrfxlib/crypto/nrf_cc310_platform/lib/cortex-m33/hard-float/no-interrupts/libnrf_cc310_platform_0.9.7.a(nrf_cc3xx_platform.c.obj)
 .rodata.mutex_free.str1.4
                0x000165a4       0x26 C:/Work/nrf/v1.5.1/nrfxlib/crypto/nrf_cc310_platform/lib/cortex-m33/hard-float/no-interrupts/libnrf_cc310_platform_0.9.7.a(nrf_cc3xx_platform_mutex.c.obj)
 *fill*         0x000165ca        0x2 
 .rodata.mutex_init.str1.4
                0x000165cc       0x23 C:/Work/nrf/v1.5.1/nrfxlib/crypto/nrf_cc310_platform/lib/cortex-m33/hard-float/no-interrupts/libnrf_cc310_platform_0.9.7.a(nrf_cc3xx_platform_mutex.c.obj)
 *fill*         0x000165ef        0x1 
 .rodata.CC_LibInitRngModule.str1.4
                0x000165f0       0x6d C:/Work/nrf/v1.5.1/nrfxlib/crypto/nrf_cc310_platform/lib/cortex-m33/hard-float/no-interrupts/libnrf_cc310_platform_0.9.7.a(cc_lib.c.obj)
 .rodata.LLF_RND_GetTrngSource.str1.4
                0x0001665d       0x6f C:/Work/nrf/v1.5.1/nrfxlib/crypto/nrf_cc310_platform/lib/cortex-m33/hard-float/no-interrupts/libnrf_cc310_platform_0.9.7.a(llf_rnd_trng90b.c.obj)
 .rodata.cbvprintf.str1.1
                0x0001665d        0x6 zephyr/libzephyr.a(cbprintf_complete.c.obj)
 .rodata.sys_reboot.str1.1
                0x00016663       0x29 zephyr/libzephyr.a(reboot.c.obj)
 .rodata.uart_console_init.str1.1
                0x0001668c        0x7 zephyr/libzephyr.a(uart_console.c.obj)
 .rodata.str1.1
                0x00016693        0x7 zephyr/libzephyr.a(clock_control_nrf.c.obj)
                                  0x6 (size before relaxing)
 .rodata.str1.1
                0x00016693        0xa zephyr/libzephyr.a(sys_clock_init.c.obj)
 .rodata.config_regions.str1.1
                0x0001669d       0x32 zephyr/libzephyr.a(spm.c.obj)
                                 0x37 (size before relaxing)
 .rodata.spm_jump.str1.1
                0x000166cf       0x75 zephyr/libzephyr.a(spm.c.obj)
 .rodata.spm_config.str1.1
                0x00016744      0x104 zephyr/libzephyr.a(spm.c.obj)
                                0x10c (size before relaxing)
 .rodata.str1.1
                0x00016848       0xfc zephyr/libzephyr.a(spm.c.obj)
 .rodata.mutex_free_platform.str1.1
                0x00016944       0x26 zephyr/libzephyr.a(nrf_cc3xx_platform_mutex_zephyr.c.obj)
 .rodata.mutex_init_platform.str1.1
                0x0001696a       0x2d zephyr/libzephyr.a(nrf_cc3xx_platform_mutex_zephyr.c.obj)
 .rodata.str1.1
                0x00016997        0xf zephyr/soc/arm/common/cortex_m/libsoc__arm__common__cortex_m.a(arm_mpu_regions.c.obj)
 .rodata.str1.1
                0x000169a6        0x7 zephyr/drivers/serial/libdrivers__serial.a(uart_nrfx_uarte.c.obj)
                                  0xe (size before relaxing)
 .rodata.check_ext_api_requests.str1.1
                0x000169ad       0x5c modules/nrf/subsys/fw_info/lib..__nrf__subsys__fw_info.a(fw_info.c.obj)
 .rodata.str1.1
                0x00016a09        0xb modules/nrf/drivers/hw_cc310/lib..__nrf__drivers__hw_cc310.a(hw_cc310.c.obj)
 .rodata.z_cstart.str1.1
                0x00016a14        0x5 zephyr/kernel/libkernel.a(init.c.obj)
 .rodata.boot_banner.str1.1
                0x00016a19       0x34 zephyr/kernel/libkernel.a(banner.c.obj)
                                 0x35 (size before relaxing)
 *(SORT_BY_ALIGNMENT(.gnu.linkonce.r.*))
                0x00016a50                . = ALIGN (0x4)
 *fill*         0x00016a4d        0x3 
                0x00016a50                _fw_info_images_start = .
 *(SORT_BY_ALIGNMENT(.fw_info_images))
 .fw_info_images
                0x00016a50        0x4 modules/nrf/subsys/fw_info/lib..__nrf__subsys__fw_info.a(fw_info.c.obj)
                0x00016a50                self_image
                0x00000001                _fw_info_images_size = ABSOLUTE (((. - _fw_info_images_start) / 0x4))
                0x00016a54                _ext_apis_start = .
 *(SORT_BY_ALIGNMENT(.ext_apis))
                0x00000000                _ext_apis_size = ABSOLUTE ((. - _ext_apis_start))
                0x00016a54                _ext_apis_req_start = .
 *(SORT_BY_ALIGNMENT(.ext_apis_req))
                0x00000000                _ext_apis_req_size = ABSOLUTE ((. - _ext_apis_req_start))
                0x00016a54                . = ALIGN (0x4)
                0x00016a54                _image_rodata_end = .
                0x00016a60                . = ALIGN (_region_min_align)
                0x00016a60                _image_rom_end = .
                0x20000000                . = 0x20000000
                0x20000000                . = ALIGN (_region_min_align)
                0x20000000                _image_ram_start = .

.ramfunc        0x20000000        0x0 load address 0x00016a54
                0x20000000                . = ALIGN (_region_min_align)
                0x20000000                _ramfunc_ram_start = .
 *(SORT_BY_ALIGNMENT(.ramfunc))
 *(SORT_BY_ALIGNMENT(.ramfunc.*))
                0x20000000                . = ALIGN (_region_min_align)
                0x20000000                _ramfunc_ram_end = .
                0x00000000                _ramfunc_ram_size = (_ramfunc_ram_end - _ramfunc_ram_start)
                0x00016a54                _ramfunc_rom_start = LOADADDR (.ramfunc)

datas           0x20000000       0xbc load address 0x00016a54
                0x20000000                __data_ram_start = .
 *(SORT_BY_ALIGNMENT(.data))
 *(SORT_BY_ALIGNMENT(.data.*))
 .data._char_out
                0x20000000        0x4 zephyr/libzephyr.a(printk.c.obj)
                0x20000000                _char_out
 .data.asym_mutex
                0x20000004        0x8 zephyr/libzephyr.a(nrf_cc3xx_platform_mutex_zephyr.c.obj)
 .data.power_mutex
                0x2000000c        0x8 zephyr/libzephyr.a(nrf_cc3xx_platform_mutex_zephyr.c.obj)
 .data.rng_mutex
                0x20000014        0x8 zephyr/libzephyr.a(nrf_cc3xx_platform_mutex_zephyr.c.obj)
 .data.sym_mutex
                0x2000001c        0x8 zephyr/libzephyr.a(nrf_cc3xx_platform_mutex_zephyr.c.obj)
 .data._stdout_hook
                0x20000024        0x4 zephyr/lib/libc/minimal/liblib__libc__minimal.a(stdout_console.c.obj)
 .data.uarte_0_data
                0x20000028       0x14 zephyr/drivers/serial/libdrivers__serial.a(uart_nrfx_uarte.c.obj)
 .data.uarte_1_data
                0x2000003c       0x14 zephyr/drivers/serial/libdrivers__serial.a(uart_nrfx_uarte.c.obj)
 .data.SystemCoreClock
                0x20000050        0x4 modules/hal_nordic/libmodules__hal_nordic.a(system_nrf9160.c.obj)
                0x20000050                SystemCoreClock
 .data.timeout_list
                0x20000054        0x8 zephyr/kernel/libkernel.a(timeout.c.obj)
 .data.CCAsymCryptoMutex
                0x2000005c        0x4 modules/nrfxlib/nrf_security/src/mbedtls/cc310/libmbedcrypto_cc3xx.a(cc_pal.c.obj)
                0x2000005c                CCAsymCryptoMutex
 .data.CCPowerMutex
                0x20000060        0x4 modules/nrfxlib/nrf_security/src/mbedtls/cc310/libmbedcrypto_cc3xx.a(cc_pal.c.obj)
                0x20000060                CCPowerMutex
 .data.CCRndCryptoMutex
                0x20000064        0x4 modules/nrfxlib/nrf_security/src/mbedtls/cc310/libmbedcrypto_cc3xx.a(cc_pal.c.obj)
                0x20000064                CCRndCryptoMutex
 .data.CCSymCryptoMutex
                0x20000068        0x4 modules/nrfxlib/nrf_security/src/mbedtls/cc310/libmbedcrypto_cc3xx.a(cc_pal.c.obj)
                0x20000068                CCSymCryptoMutex
 .data.pCCRndCryptoMutex
                0x2000006c        0x4 modules/nrfxlib/nrf_security/src/mbedtls/cc310/libmbedcrypto_cc3xx.a(cc_pal.c.obj)
                0x2000006c                pCCRndCryptoMutex
 .data.platform_abort_apis
                0x20000070        0x8 C:/Work/nrf/v1.5.1/nrfxlib/crypto/nrf_cc310_platform/lib/cortex-m33/hard-float/no-interrupts/libnrf_cc310_platform_0.9.7.a(nrf_cc3xx_platform_abort.c.obj)
                0x20000070                platform_abort_apis
 .data.asym_mutex
                0x20000078        0x8 C:/Work/nrf/v1.5.1/nrfxlib/crypto/nrf_cc310_platform/lib/cortex-m33/hard-float/no-interrupts/libnrf_cc310_platform_0.9.7.a(nrf_cc3xx_platform_mutex.c.obj)
 .data.platform_mutex_apis
                0x20000080       0x10 C:/Work/nrf/v1.5.1/nrfxlib/crypto/nrf_cc310_platform/lib/cortex-m33/hard-float/no-interrupts/libnrf_cc310_platform_0.9.7.a(nrf_cc3xx_platform_mutex.c.obj)
                0x20000080                platform_mutex_apis
 .data.platform_mutexes
                0x20000090       0x14 C:/Work/nrf/v1.5.1/nrfxlib/crypto/nrf_cc310_platform/lib/cortex-m33/hard-float/no-interrupts/libnrf_cc310_platform_0.9.7.a(nrf_cc3xx_platform_mutex.c.obj)
                0x20000090                platform_mutexes
 .data.power_mutex
                0x200000a4        0x8 C:/Work/nrf/v1.5.1/nrfxlib/crypto/nrf_cc310_platform/lib/cortex-m33/hard-float/no-interrupts/libnrf_cc310_platform_0.9.7.a(nrf_cc3xx_platform_mutex.c.obj)
 .data.rng_mutex
                0x200000ac        0x8 C:/Work/nrf/v1.5.1/nrfxlib/crypto/nrf_cc310_platform/lib/cortex-m33/hard-float/no-interrupts/libnrf_cc310_platform_0.9.7.a(nrf_cc3xx_platform_mutex.c.obj)
 .data.sym_mutex
                0x200000b4        0x8 C:/Work/nrf/v1.5.1/nrfxlib/crypto/nrf_cc310_platform/lib/cortex-m33/hard-float/no-interrupts/libnrf_cc310_platform_0.9.7.a(nrf_cc3xx_platform_mutex.c.obj)
 *(SORT_BY_ALIGNMENT(.kernel.*))
                0x00016a54                __data_rom_start = LOADADDR (datas)

devices         0x200000bc       0x54 load address 0x00016b10
                0x200000bc                __device_start = .
                0x200000bc                __device_PRE_KERNEL_1_start = .
 *(SORT_BY_NAME(SORT_BY_ALIGNMENT(.device_PRE_KERNEL_1[0-9]*)))
 .device_PRE_KERNEL_150
                0x200000bc       0x10 zephyr/libzephyr.a(clock_control_nrf.c.obj)
                0x200000bc                __device_DT_N_S_soc_S_peripheral_50000000_S_clock_5000
 .device_PRE_KERNEL_150
                0x200000cc       0x20 zephyr/drivers/serial/libdrivers__serial.a(uart_nrfx_uarte.c.obj)
                0x200000cc                __device_DT_N_S_soc_S_peripheral_50000000_S_uart_9000
                0x200000dc                __device_DT_N_S_soc_S_peripheral_50000000_S_uart_8000
 *(SORT_BY_NAME(SORT_BY_ALIGNMENT(.device_PRE_KERNEL_1[1-9][0-9]*)))
                0x200000ec                __device_PRE_KERNEL_2_start = .
 *(SORT_BY_NAME(SORT_BY_ALIGNMENT(.device_PRE_KERNEL_2[0-9]*)))
 .device_PRE_KERNEL_20
                0x200000ec       0x10 zephyr/libzephyr.a(sys_clock_init.c.obj)
 *(SORT_BY_NAME(SORT_BY_ALIGNMENT(.device_PRE_KERNEL_2[1-9][0-9]*)))
                0x200000fc                __device_POST_KERNEL_start = .
 *(SORT_BY_NAME(SORT_BY_ALIGNMENT(.device_POST_KERNEL[0-9]*)))
 .device_POST_KERNEL40
                0x200000fc       0x10 modules/nrf/drivers/hw_cc310/lib..__nrf__drivers__hw_cc310.a(hw_cc310.c.obj)
 *(SORT_BY_NAME(SORT_BY_ALIGNMENT(.device_POST_KERNEL[1-9][0-9]*)))
                0x2000010c                __device_APPLICATION_start = .
 *(SORT_BY_NAME(SORT_BY_ALIGNMENT(.device_APPLICATION[0-9]*)))
 *(SORT_BY_NAME(SORT_BY_ALIGNMENT(.device_APPLICATION[1-9][0-9]*)))
                0x2000010c                __device_SMP_start = .
 *(SORT_BY_NAME(SORT_BY_ALIGNMENT(.device_SMP[0-9]*)))
 *(SORT_BY_NAME(SORT_BY_ALIGNMENT(.device_SMP[1-9][0-9]*)))
                0x2000010c                __device_end = .
 FILL mask 0x00
                0x2000010c                __device_init_status_start = .
                0x20000110                . = (. + (((((__device_end - __device_start) / 0x10) + 0x1f) / 0x20) * 0x4))
 *fill*         0x2000010c        0x4 00
                0x20000110                __device_init_status_end = .

initshell       0x20000110        0x0 load address 0x00016b64
                0x20000110                __shell_module_start = .
 *(SORT_BY_ALIGNMENT(.shell_module_*))
                0x20000110                __shell_module_end = .
                0x20000110                __shell_cmd_start = .
 *(SORT_BY_ALIGNMENT(.shell_cmd_*))
                0x20000110                __shell_cmd_end = .

log_dynamic_sections
                0x20000110        0x0 load address 0x00016b64
                0x20000110                __log_dynamic_start = .
 *(SORT_BY_NAME(SORT_BY_ALIGNMENT(.log_dynamic_*)))
                0x20000110                __log_dynamic_end = .

_static_thread_data_area
                0x20000110        0x0 load address 0x00016b64
                0x20000110                __static_thread_data_list_start = .
 *(SORT_BY_NAME(SORT_BY_ALIGNMENT(.__static_thread_data.static.*)))
                0x20000110                __static_thread_data_list_end = .

k_timer_area    0x20000110        0x0 load address 0x00016b64
                0x20000110                _k_timer_list_start = .
 *(SORT_BY_NAME(SORT_BY_ALIGNMENT(._k_timer.static.*)))
                0x20000110                _k_timer_list_end = .

k_mem_slab_area
                0x20000110        0x0 load address 0x00016b64
                0x20000110                _k_mem_slab_list_start = .
 *(SORT_BY_NAME(SORT_BY_ALIGNMENT(._k_mem_slab.static.*)))
                0x20000110                _k_mem_slab_list_end = .

k_mem_pool_area
                0x20000110        0x0 load address 0x00016b64
                0x20000110                _k_mem_pool_list_start = .
 *(SORT_BY_NAME(SORT_BY_ALIGNMENT(._k_mem_pool.static.*)))
                0x20000110                _k_mem_pool_list_end = .

k_heap_area     0x20000110        0x0 load address 0x00016b64
                0x20000110                _k_heap_list_start = .
 *(SORT_BY_NAME(SORT_BY_ALIGNMENT(._k_heap.static.*)))
                0x20000110                _k_heap_list_end = .

k_mutex_area    0x20000110       0x50 load address 0x00016b64
                0x20000110                _k_mutex_list_start = .
 *(SORT_BY_NAME(SORT_BY_ALIGNMENT(._k_mutex.static.*)))
 ._k_mutex.static.asym_mutex_int
                0x20000110       0x14 zephyr/libzephyr.a(nrf_cc3xx_platform_mutex_zephyr.c.obj)
                0x20000110                asym_mutex_int
 ._k_mutex.static.power_mutex_int
                0x20000124       0x14 zephyr/libzephyr.a(nrf_cc3xx_platform_mutex_zephyr.c.obj)
                0x20000124                power_mutex_int
 ._k_mutex.static.rng_mutex_int
                0x20000138       0x14 zephyr/libzephyr.a(nrf_cc3xx_platform_mutex_zephyr.c.obj)
                0x20000138                rng_mutex_int
 ._k_mutex.static.sym_mutex_int
                0x2000014c       0x14 zephyr/libzephyr.a(nrf_cc3xx_platform_mutex_zephyr.c.obj)
                0x2000014c                sym_mutex_int
                0x20000160                _k_mutex_list_end = .

k_stack_area    0x20000160        0x0 load address 0x00016bb4
                0x20000160                _k_stack_list_start = .
 *(SORT_BY_NAME(SORT_BY_ALIGNMENT(._k_stack.static.*)))
                0x20000160                _k_stack_list_end = .

k_msgq_area     0x20000160        0x0 load address 0x00016bb4
                0x20000160                _k_msgq_list_start = .
 *(SORT_BY_NAME(SORT_BY_ALIGNMENT(._k_msgq.static.*)))
                0x20000160                _k_msgq_list_end = .

k_mbox_area     0x20000160        0x0 load address 0x00016bb4
                0x20000160                _k_mbox_list_start = .
 *(SORT_BY_NAME(SORT_BY_ALIGNMENT(._k_mbox.static.*)))
                0x20000160                _k_mbox_list_end = .

k_pipe_area     0x20000160        0x0 load address 0x00016bb4
                0x20000160                _k_pipe_list_start = .
 *(SORT_BY_NAME(SORT_BY_ALIGNMENT(._k_pipe.static.*)))
                0x20000160                _k_pipe_list_end = .

k_sem_area      0x20000160        0x0 load address 0x00016bb4
                0x20000160                _k_sem_list_start = .
 *(SORT_BY_NAME(SORT_BY_ALIGNMENT(._k_sem.static.*)))
                0x20000160                _k_sem_list_end = .

k_queue_area    0x20000160        0x0 load address 0x00016bb4
                0x20000160                _k_queue_list_start = .
 *(SORT_BY_NAME(SORT_BY_ALIGNMENT(._k_queue.static.*)))
                0x20000160                _k_queue_list_end = .

k_condvar_area  0x20000160        0x0 load address 0x00016bb4
                0x20000160                _k_condvar_list_start = .
 *(SORT_BY_NAME(SORT_BY_ALIGNMENT(._k_condvar.static.*)))
                0x20000160                _k_condvar_list_end = .

_net_buf_pool_area
                0x20000160        0x0 load address 0x00016bb4
                0x20000160                _net_buf_pool_list = .
 *(SORT_BY_NAME(SORT_BY_ALIGNMENT(._net_buf_pool.static.*)))
                0x20000160                __data_ram_end = .

bss             0x20000160      0x722
                0x20000160                . = ALIGN (0x4)
                0x20000160                __bss_start = .
                0x20000160                __kernel_ram_start = .
 *(SORT_BY_ALIGNMENT(.bss))
 *(SORT_BY_ALIGNMENT(.bss.*))
 .bss.z_idle_threads
                0x20000160       0x80 zephyr/kernel/libkernel.a(init.c.obj)
                0x20000160                z_idle_threads
 .bss.z_main_thread
                0x200001e0       0x80 zephyr/kernel/libkernel.a(init.c.obj)
                0x200001e0                z_main_thread
 .bss.curr_tick
                0x20000260        0x8 zephyr/kernel/libkernel.a(timeout.c.obj)
 .bss.uart_console_dev
                0x20000268        0x4 zephyr/libzephyr.a(uart_console.c.obj)
 .bss.cli.11675
                0x2000026c       0x10 zephyr/libzephyr.a(clock_control_nrf.c.obj)
 .bss.data      0x2000027c       0x50 zephyr/libzephyr.a(clock_control_nrf.c.obj)
 .bss.hfclk_users
                0x200002cc        0x4 zephyr/libzephyr.a(clock_control_nrf.c.obj)
 .bss.on.11674  0x200002d0        0x4 zephyr/libzephyr.a(clock_control_nrf.c.obj)
 .bss.cc_data   0x200002d4        0x8 zephyr/libzephyr.a(nrf_rtc_timer.c.obj)
 .bss.int_mask  0x200002dc        0x4 zephyr/libzephyr.a(nrf_rtc_timer.c.obj)
 .bss.last_count
                0x200002e0        0x4 zephyr/libzephyr.a(nrf_rtc_timer.c.obj)
 .bss.mutex_slab
                0x200002e4       0x1c zephyr/libzephyr.a(nrf_cc3xx_platform_mutex_zephyr.c.obj)
                0x200002e4                mutex_slab
 .bss.mutex_slab_buffer
                0x20000300      0x500 zephyr/libzephyr.a(nrf_cc3xx_platform_mutex_zephyr.c.obj)
                0x20000300                mutex_slab_buffer
 .bss.dyn_reg_info
                0x20000800       0x14 zephyr/arch/arch/arm/core/aarch32/cortex_m/mpu/libarch__arm__core__aarch32__cortex_m__mpu.a(arm_mpu.c.obj)
 .bss.m_clock_cb
                0x20000814        0x8 modules/hal_nordic/libmodules__hal_nordic.a(nrfx_clock.c.obj)
 .bss.m_allocated_channels
                0x2000081c        0x4 modules/hal_nordic/libmodules__hal_nordic.a(nrfx_dppi.c.obj)
 .bss._kernel   0x20000820       0x34 zephyr/kernel/libkernel.a(sched.c.obj)
                0x20000820                _kernel
 .bss.pending_current
                0x20000854        0x4 zephyr/kernel/libkernel.a(sched.c.obj)
 .bss.slice_max_prio
                0x20000858        0x4 zephyr/kernel/libkernel.a(sched.c.obj)
 .bss.slice_time
                0x2000085c        0x4 zephyr/kernel/libkernel.a(sched.c.obj)
 .bss.announce_remaining
                0x20000860        0x4 zephyr/kernel/libkernel.a(timeout.c.obj)
 .bss.use_count
                0x20000864        0x4 modules/nrfxlib/nrf_security/src/mbedtls/cc310/libmbedcrypto_cc3xx.a(cc_pal_pm.c.obj)
 .bss.nrf_cc3xx_platform_initialized
                0x20000868        0x4 C:/Work/nrf/v1.5.1/nrfxlib/crypto/nrf_cc310_platform/lib/cortex-m33/hard-float/no-interrupts/libnrf_cc310_platform_0.9.7.a(nrf_cc3xx_platform.c.obj)
 .bss.nrf_cc3xx_platform_rng_initialized
                0x2000086c        0x4 C:/Work/nrf/v1.5.1/nrfxlib/crypto/nrf_cc310_platform/lib/cortex-m33/hard-float/no-interrupts/libnrf_cc310_platform_0.9.7.a(nrf_cc3xx_platform.c.obj)
 .bss.asym_mutex_int
                0x20000870        0x4 C:/Work/nrf/v1.5.1/nrfxlib/crypto/nrf_cc310_platform/lib/cortex-m33/hard-float/no-interrupts/libnrf_cc310_platform_0.9.7.a(nrf_cc3xx_platform_mutex.c.obj)
 .bss.power_mutex_int
                0x20000874        0x4 C:/Work/nrf/v1.5.1/nrfxlib/crypto/nrf_cc310_platform/lib/cortex-m33/hard-float/no-interrupts/libnrf_cc310_platform_0.9.7.a(nrf_cc3xx_platform_mutex.c.obj)
 .bss.rng_mutex_int
                0x20000878        0x4 C:/Work/nrf/v1.5.1/nrfxlib/crypto/nrf_cc310_platform/lib/cortex-m33/hard-float/no-interrupts/libnrf_cc310_platform_0.9.7.a(nrf_cc3xx_platform_mutex.c.obj)
 .bss.sym_mutex_int
                0x2000087c        0x4 C:/Work/nrf/v1.5.1/nrfxlib/crypto/nrf_cc310_platform/lib/cortex-m33/hard-float/no-interrupts/libnrf_cc310_platform_0.9.7.a(nrf_cc3xx_platform_mutex.c.obj)
 .bss.static_regions_num
                0x20000880        0x1 zephyr/arch/arch/arm/core/aarch32/cortex_m/mpu/libarch__arm__core__aarch32__cortex_m__mpu.a(arm_mpu.c.obj)
 .bss.z_sys_post_kernel
                0x20000881        0x1 zephyr/kernel/libkernel.a(init.c.obj)
                0x20000881                z_sys_post_kernel
 .bss.lock      0x20000882        0x0 zephyr/kernel/libkernel.a(mem_slab.c.obj)
 .bss.lock      0x20000882        0x0 zephyr/kernel/libkernel.a(mutex.c.obj)
 .bss.sched_spinlock
                0x20000882        0x0 zephyr/kernel/libkernel.a(sched.c.obj)
 .bss.lock      0x20000882        0x0 zephyr/kernel/libkernel.a(sem.c.obj)
 *(SORT_BY_ALIGNMENT(COMMON))
 *(SORT_BY_ALIGNMENT(.kernel_bss.*))
                0x20000884                __bss_end = ALIGN (0x4)

noinit          0x20000888     0x1940
 *(SORT_BY_ALIGNMENT(.noinit))
 *(SORT_BY_ALIGNMENT(.noinit.*))
 .noinit."WEST_TOPDIR/zephyr/kernel/init.c".2
                0x20000888     0x1000 zephyr/kernel/libkernel.a(init.c.obj)
                0x20000888                z_main_stack
 .noinit."WEST_TOPDIR/zephyr/kernel/init.c".3
                0x20001888      0x140 zephyr/kernel/libkernel.a(init.c.obj)
 .noinit."WEST_TOPDIR/zephyr/kernel/init.c".4
                0x200019c8      0x800 zephyr/kernel/libkernel.a(init.c.obj)
                0x200019c8                z_interrupt_stacks
 *(SORT_BY_ALIGNMENT(.kernel_noinit.*))
                0x200021c8                _image_ram_end = .
                0x200021c8                _end = .
                0x20010000                __kernel_ram_end = 0x20010000
                0x0000fea0                __kernel_ram_size = (__kernel_ram_end - __kernel_ram_start)
                0x00000001                ASSERT (((((_image_rom_start + _flash_used) - 0x1) / 0x8000) < 0x3), SPM and app are sharing an SPU region. Cannot partition flash correctly into secure and non-secure. Adjust partitions sizes so they are placed in separate regions.)

.gnu.sgstubs    0x00016bc0     0x1440
                0x00017fe0                . = ((ALIGN (0x8000) - MAX (0x20, (0x1 << LOG2CEIL (__sg_size)))) + (ABSOLUTE (.) > (ALIGN (0x8000) - MAX (0x20, (0x1 << LOG2CEIL (__sg_size)))))?0x8000:0x0)
 *fill*         0x00016bc0     0x1420 
                0x00017fe0                __sg_start = .
 .gnu.sgstubs.__stub
                0x00017fe0       0x20 linker stubs
                0x00017fe0                spm_firmware_info_nse
                0x00017fe8                spm_request_random_number_nse
                0x00017ff0                spm_s0_active
                0x00017ff8                spm_request_read_nse
                0x00018000                __sg_end = .
                0x00000020                __sg_size = (__sg_end - __sg_start)
                0x00018000                . = ALIGN (0x8000)
                0x00000020                __nsc_size = (. - __sg_start)
                0x00000001                ASSERT (((__sg_size == 0x0) || ((((0x1 << LOG2CEIL ((0x8000 - (__sg_start % 0x8000)))) == (0x8000 - (__sg_start % 0x8000))) && ((0x8000 - (__sg_start % 0x8000)) >= 0x20)) && ((0x8000 - (__sg_start % 0x8000)) <= 0x1000))), The Non-Secure Callable region size must be a power of 2 between 32 and 4096 bytes.)

.stab
 *(SORT_BY_ALIGNMENT(.stab))

.stabstr
 *(SORT_BY_ALIGNMENT(.stabstr))

.stab.excl
 *(SORT_BY_ALIGNMENT(.stab.excl))

.stab.exclstr
 *(SORT_BY_ALIGNMENT(.stab.exclstr))

.stab.index
 *(SORT_BY_ALIGNMENT(.stab.index))

.stab.indexstr
 *(SORT_BY_ALIGNMENT(.stab.indexstr))

.gnu.build.attributes
 *(SORT_BY_ALIGNMENT(.gnu.build.attributes) SORT_BY_ALIGNMENT(.gnu.build.attributes.*))

.comment        0x00000000       0x79
 *(SORT_BY_ALIGNMENT(.comment))
 .comment       0x00000000       0x79 zephyr/CMakeFiles/zephyr_final.dir/isr_tables.c.obj
                                 0x7a (size before relaxing)
 .comment       0x00000079       0x7a app/libapp.a(main.c.obj)
 .comment       0x00000079       0x7a zephyr/libzephyr.a(notify.c.obj)
 .comment       0x00000079       0x7a zephyr/libzephyr.a(printk.c.obj)
 .comment       0x00000079       0x7a zephyr/libzephyr.a(onoff.c.obj)
 .comment       0x00000079       0x7a zephyr/libzephyr.a(thread_entry.c.obj)
 .comment       0x00000079       0x7a zephyr/libzephyr.a(heap.c.obj)
 .comment       0x00000079       0x7a zephyr/libzephyr.a(cbprintf_complete.c.obj)
 .comment       0x00000079       0x7a zephyr/libzephyr.a(configs.c.obj)
 .comment       0x00000079       0x7a zephyr/libzephyr.a(soc.c.obj)
 .comment       0x00000079       0x7a zephyr/libzephyr.a(reboot.c.obj)
 .comment       0x00000079       0x7a zephyr/libzephyr.a(uart_console.c.obj)
 .comment       0x00000079       0x7a zephyr/libzephyr.a(clock_control_nrf.c.obj)
 .comment       0x00000079       0x7a zephyr/libzephyr.a(sys_clock_init.c.obj)
 .comment       0x00000079       0x7a zephyr/libzephyr.a(nrf_rtc_timer.c.obj)
 .comment       0x00000079       0x7a zephyr/libzephyr.a(spm.c.obj)
 .comment       0x00000079       0x7a zephyr/libzephyr.a(secure_services.c.obj)
 .comment       0x00000079       0x7a zephyr/libzephyr.a(nrf_cc3xx_platform_abort_zephyr.c.obj)
 .comment       0x00000079       0x7a zephyr/libzephyr.a(nrf_cc3xx_platform_mutex_zephyr.c.obj)
 .comment       0x00000079       0x7a zephyr/arch/arch/arm/core/aarch32/libarch__arm__core__aarch32.a(swap.c.obj)
 .comment       0x00000079       0x7a zephyr/arch/arch/arm/core/aarch32/libarch__arm__core__aarch32.a(irq_manage.c.obj)
 .comment       0x00000079       0x7a zephyr/arch/arch/arm/core/aarch32/libarch__arm__core__aarch32.a(thread.c.obj)
 .comment       0x00000079       0x7a zephyr/arch/arch/arm/core/aarch32/libarch__arm__core__aarch32.a(fatal.c.obj)
 .comment       0x00000079       0x7a zephyr/arch/arch/arm/core/aarch32/libarch__arm__core__aarch32.a(nmi.c.obj)
 .comment       0x00000079       0x7a zephyr/arch/arch/arm/core/aarch32/libarch__arm__core__aarch32.a(prep_c.c.obj)
 .comment       0x00000079       0x7a zephyr/arch/arch/arm/core/aarch32/cortex_m/libarch__arm__core__aarch32__cortex_m.a(fault.c.obj)
 .comment       0x00000079       0x7a zephyr/arch/arch/arm/core/aarch32/cortex_m/libarch__arm__core__aarch32__cortex_m.a(scb.c.obj)
 .comment       0x00000079       0x7a zephyr/arch/arch/arm/core/aarch32/cortex_m/libarch__arm__core__aarch32__cortex_m.a(irq_init.c.obj)
 .comment       0x00000079       0x7a zephyr/arch/arch/arm/core/aarch32/cortex_m/libarch__arm__core__aarch32__cortex_m.a(thread_abort.c.obj)
 .comment       0x00000079       0x7a zephyr/arch/arch/arm/core/aarch32/cortex_m/mpu/libarch__arm__core__aarch32__cortex_m__mpu.a(arm_core_mpu.c.obj)
 .comment       0x00000079       0x7a zephyr/arch/arch/arm/core/aarch32/cortex_m/mpu/libarch__arm__core__aarch32__cortex_m__mpu.a(arm_mpu.c.obj)
 .comment       0x00000079       0x7a zephyr/arch/arch/arm/core/aarch32/cortex_m/cmse/libarch__arm__core__aarch32__cortex_m__cmse.a(arm_core_cmse.c.obj)
 .comment       0x00000079       0x7a zephyr/arch/arch/arm/core/aarch32/cortex_m/tz/libarch__arm__core__aarch32__cortex_m__tz.a(arm_core_tz.c.obj)
 .comment       0x00000079       0x7a zephyr/lib/libc/minimal/liblib__libc__minimal.a(string.c.obj)
 .comment       0x00000079       0x7a zephyr/lib/libc/minimal/liblib__libc__minimal.a(stdout_console.c.obj)
 .comment       0x00000079       0x7a zephyr/soc/arm/common/cortex_m/libsoc__arm__common__cortex_m.a(arm_mpu_regions.c.obj)
 .comment       0x00000079       0x7a zephyr/drivers/serial/libdrivers__serial.a(uart_nrfx_uarte.c.obj)
 .comment       0x00000079       0x7a modules/nrf/lib/fatal_error/lib..__nrf__lib__fatal_error.a(fatal_error.c.obj)
 .comment       0x00000079       0x7a modules/nrf/subsys/fw_info/lib..__nrf__subsys__fw_info.a(fw_info.c.obj)
 .comment       0x00000079       0x7a modules/nrf/drivers/hw_cc310/lib..__nrf__drivers__hw_cc310.a(hw_cc310.c.obj)
 .comment       0x00000079       0x7a modules/hal_nordic/libmodules__hal_nordic.a(system_nrf9160.c.obj)
 .comment       0x00000079       0x7a modules/hal_nordic/libmodules__hal_nordic.a(nrfx_glue.c.obj)
 .comment       0x00000079       0x7a modules/hal_nordic/libmodules__hal_nordic.a(nrfx_clock.c.obj)
 .comment       0x00000079       0x7a modules/hal_nordic/libmodules__hal_nordic.a(nrfx_dppi.c.obj)
 .comment       0x00000079       0x7a zephyr/kernel/libkernel.a(device.c.obj)
 .comment       0x00000079       0x7a zephyr/kernel/libkernel.a(errno.c.obj)
 .comment       0x00000079       0x7a zephyr/kernel/libkernel.a(fatal.c.obj)
 .comment       0x00000079       0x7a zephyr/kernel/libkernel.a(idle.c.obj)
 .comment       0x00000079       0x7a zephyr/kernel/libkernel.a(init.c.obj)
 .comment       0x00000079       0x7a zephyr/kernel/libkernel.a(mem_slab.c.obj)
 .comment       0x00000079       0x7a zephyr/kernel/libkernel.a(mutex.c.obj)
 .comment       0x00000079       0x7a zephyr/kernel/libkernel.a(sched.c.obj)
 .comment       0x00000079       0x7a zephyr/kernel/libkernel.a(sem.c.obj)
 .comment       0x00000079       0x7a zephyr/kernel/libkernel.a(thread.c.obj)
 .comment       0x00000079       0x7a zephyr/kernel/libkernel.a(thread_abort.c.obj)
 .comment       0x00000079       0x7a zephyr/kernel/libkernel.a(banner.c.obj)
 .comment       0x00000079       0x7a zephyr/kernel/libkernel.a(xip.c.obj)
 .comment       0x00000079       0x7a zephyr/kernel/libkernel.a(timeout.c.obj)
 .comment       0x00000079       0x7a zephyr/kernel/libkernel.a(kheap.c.obj)
 .comment       0x00000079       0x7a zephyr/CMakeFiles/offsets.dir/./arch/arm/core/offsets/offsets.c.obj
 .comment       0x00000079       0x7a modules/nrfxlib/nrf_security/src/mbedtls/cc310/libmbedcrypto_cc3xx.a(cc_pal_mem.c.obj)
 .comment       0x00000079       0x7a modules/nrfxlib/nrf_security/src/mbedtls/cc310/libmbedcrypto_cc3xx.a(cc_pal.c.obj)
 .comment       0x00000079       0x7a modules/nrfxlib/nrf_security/src/mbedtls/cc310/libmbedcrypto_cc3xx.a(cc_pal_dma.c.obj)
 .comment       0x00000079       0x7a modules/nrfxlib/nrf_security/src/mbedtls/cc310/libmbedcrypto_cc3xx.a(cc_pal_mutex.c.obj)
 .comment       0x00000079       0x7a modules/nrfxlib/nrf_security/src/mbedtls/cc310/libmbedcrypto_cc3xx.a(cc_pal_pm.c.obj)
 .comment       0x00000079       0x7a modules/nrfxlib/nrf_security/src/mbedtls/cc310/libmbedcrypto_cc3xx.a(cc_hal.c.obj)
 .comment       0x00000079       0x7a modules/nrfxlib/nrf_security/src/mbedtls/cc310/libmbedcrypto_cc3xx.a(cc_pal_interrupt_ctrl.c.obj)
 .comment       0x00000079       0x7a C:/Work/nrf/v1.5.1/nrfxlib/crypto/nrf_cc310_platform/lib/cortex-m33/hard-float/no-interrupts/libnrf_cc310_platform_0.9.7.a(platform_alt.c.obj)
 .comment       0x00000079       0x7a C:/Work/nrf/v1.5.1/nrfxlib/crypto/nrf_cc310_platform/lib/cortex-m33/hard-float/no-interrupts/libnrf_cc310_platform_0.9.7.a(cc_rng_plat.c.obj)
 .comment       0x00000079       0x7a C:/Work/nrf/v1.5.1/nrfxlib/crypto/nrf_cc310_platform/lib/cortex-m33/hard-float/no-interrupts/libnrf_cc310_platform_0.9.7.a(nrf_cc3xx_platform.c.obj)
 .comment       0x00000079       0x7a C:/Work/nrf/v1.5.1/nrfxlib/crypto/nrf_cc310_platform/lib/cortex-m33/hard-float/no-interrupts/libnrf_cc310_platform_0.9.7.a(nrf_cc3xx_platform_abort.c.obj)
 .comment       0x00000079       0x7a C:/Work/nrf/v1.5.1/nrfxlib/crypto/nrf_cc310_platform/lib/cortex-m33/hard-float/no-interrupts/libnrf_cc310_platform_0.9.7.a(nrf_cc3xx_platform_mutex.c.obj)
 .comment       0x00000079       0x7a C:/Work/nrf/v1.5.1/nrfxlib/crypto/nrf_cc310_platform/lib/cortex-m33/hard-float/no-interrupts/libnrf_cc310_platform_0.9.7.a(cc_lib.c.obj)
 .comment       0x00000079       0x7a C:/Work/nrf/v1.5.1/nrfxlib/crypto/nrf_cc310_platform/lib/cortex-m33/hard-float/no-interrupts/libnrf_cc310_platform_0.9.7.a(cc_pal_trng.c.obj)
 .comment       0x00000079       0x7a C:/Work/nrf/v1.5.1/nrfxlib/crypto/nrf_cc310_platform/lib/cortex-m33/hard-float/no-interrupts/libnrf_cc310_platform_0.9.7.a(llf_rnd_trng90b.c.obj)
 .comment       0x00000079       0x7a C:/Work/nrf/v1.5.1/nrfxlib/crypto/nrf_cc310_platform/lib/cortex-m33/hard-float/no-interrupts/libnrf_cc310_platform_0.9.7.a(llf_rnd.c.obj)

.debug
 *(SORT_BY_ALIGNMENT(.debug))

.line
 *(SORT_BY_ALIGNMENT(.line))

.debug_srcinfo
 *(SORT_BY_ALIGNMENT(.debug_srcinfo))

.debug_sfnames
 *(SORT_BY_ALIGNMENT(.debug_sfnames))

.debug_aranges  0x00000000     0x1230
 *(SORT_BY_ALIGNMENT(.debug_aranges))